Component: ARM Compiler 5.06 update 6 (build 750) Tool: armlink [4d35ed]

==============================================================================

Section Cross References

    main.o(i.advertising_start) refers to nrf_log_frontend.o(i.nrf_log_frontend_std_0) for nrf_log_frontend_std_0
    main.o(i.advertising_start) refers to peer_manager.o(i.pm_peers_delete) for pm_peers_delete
    main.o(i.advertising_start) refers to ble_advertising.o(i.ble_advertising_start) for ble_advertising_start
    main.o(i.advertising_start) refers to app_error.o(i.app_error_handler_bare) for app_error_handler_bare
    main.o(i.advertising_start) refers to nrf_log_frontend.o(log_const_data) for m_nrf_log_app_logs_data_const
    main.o(i.advertising_start) refers to main.o(.bss) for .bss
    main.o(i.assert_nrf_callback) refers to app_error_handler_keil.o(.emb_text) for app_error_handler
    main.o(i.ble_evt_handler) refers to nrf_log_frontend.o(i.nrf_log_frontend_std_0) for nrf_log_frontend_std_0
    main.o(i.ble_evt_handler) refers to bsp.o(i.bsp_indication_set) for bsp_indication_set
    main.o(i.ble_evt_handler) refers to app_error.o(i.app_error_handler_bare) for app_error_handler_bare
    main.o(i.ble_evt_handler) refers to nrf_ble_qwr.o(i.nrf_ble_qwr_conn_handle_assign) for nrf_ble_qwr_conn_handle_assign
    main.o(i.ble_evt_handler) refers to nrf_log_frontend.o(i.nrf_log_frontend_std_1) for nrf_log_frontend_std_1
    main.o(i.ble_evt_handler) refers to nrf_log_frontend.o(i.nrf_log_frontend_std_5) for nrf_log_frontend_std_5
    main.o(i.ble_evt_handler) refers to nrf_log_frontend.o(log_const_data) for m_nrf_log_app_logs_data_const
    main.o(i.ble_evt_handler) refers to main.o(.data) for .data
    main.o(i.ble_evt_handler) refers to main.o(.bss) for .bss
    main.o(i.ble_evt_handler) refers to main.o(.conststring) for .conststring
    main.o(i.conn_params_error_handler) refers to app_error.o(i.app_error_handler_bare) for app_error_handler_bare
    main.o(i.hr_notification_timeout_handler) refers to ble_hr.o(i.ble_hr_hr_value_update) for ble_hr_hr_value_update
    main.o(i.hr_notification_timeout_handler) refers to app_error.o(i.app_error_handler_bare) for app_error_handler_bare
    main.o(i.hr_notification_timeout_handler) refers to main.o(.data) for .data
    main.o(i.hr_notification_timeout_handler) refers to main.o(.bss) for .bss
    main.o(i.main) refers to nrf_log_frontend.o(i.nrf_log_init) for nrf_log_init
    main.o(i.main) refers to app_error.o(i.app_error_handler_bare) for app_error_handler_bare
    main.o(i.main) refers to nrf_log_default_backends.o(i.nrf_log_default_backends_init) for nrf_log_default_backends_init
    main.o(i.main) refers to app_timer.o(i.app_timer_init) for app_timer_init
    main.o(i.main) refers to app_timer.o(i.app_timer_create) for app_timer_create
    main.o(i.main) refers to nrf_pwr_mgmt.o(i.nrf_pwr_mgmt_init) for nrf_pwr_mgmt_init
    main.o(i.main) refers to nrf_sdh.o(i.nrf_sdh_enable_request) for nrf_sdh_enable_request
    main.o(i.main) refers to nrf_sdh_ble.o(i.nrf_sdh_ble_default_cfg_set) for nrf_sdh_ble_default_cfg_set
    main.o(i.main) refers to nrf_sdh_ble.o(i.nrf_sdh_ble_enable) for nrf_sdh_ble_enable
    main.o(i.main) refers to nrf_ble_gatt.o(i.nrf_ble_gatt_init) for nrf_ble_gatt_init
    main.o(i.main) refers to main.o(i.services_init) for services_init
    main.o(i.main) refers to memseta.o(.text) for __aeabi_memclr4
    main.o(i.main) refers to ble_advertising.o(i.ble_advertising_init) for ble_advertising_init
    main.o(i.main) refers to ble_advertising.o(i.ble_advertising_conn_cfg_tag_set) for ble_advertising_conn_cfg_tag_set
    main.o(i.main) refers to ble_conn_params.o(i.ble_conn_params_init) for ble_conn_params_init
    main.o(i.main) refers to main.o(i.peer_manager_init) for peer_manager_init
    main.o(i.main) refers to nrf_log_frontend.o(i.nrf_log_frontend_std_0) for nrf_log_frontend_std_0
    main.o(i.main) refers to main.o(i.advertising_start) for advertising_start
    main.o(i.main) refers to nrf_ble_lesc.o(i.nrf_ble_lesc_request_handler) for nrf_ble_lesc_request_handler
    main.o(i.main) refers to nrf_log_frontend.o(i.nrf_log_frontend_dequeue) for nrf_log_frontend_dequeue
    main.o(i.main) refers to nrf_pwr_mgmt.o(i.nrf_pwr_mgmt_run) for nrf_pwr_mgmt_run
    main.o(i.main) refers to main.o(i.ppg_notification_timeout_handler) for ppg_notification_timeout_handler
    main.o(i.main) refers to main.o(.constdata) for .constdata
    main.o(i.main) refers to main.o(i.hr_notification_timeout_handler) for hr_notification_timeout_handler
    main.o(i.main) refers to main.o(.bss) for .bss
    main.o(i.main) refers to main.o(.data) for .data
    main.o(i.main) refers to main.o(i.on_adv_evt) for on_adv_evt
    main.o(i.main) refers to main.o(i.on_conn_params_evt) for on_conn_params_evt
    main.o(i.main) refers to main.o(i.conn_params_error_handler) for conn_params_error_handler
[...]
    0x00029fc0   0x00029fc0   0x00000026   Code   RO         1585    i.addr_compare      id_manager.o
    0x00029fe6   0x00029fe6   0x0000000c   Code   RO         7003    i.addr_is_aligned32  nrf_fstorage.o
    0x00029ff2   0x00029ff2   0x00000018   Code   RO         7004    i.addr_is_within_bounds  nrf_fstorage.o
    0x0002a00a   0x0002a00a   0x00000036   Code   RO          678    i.advertising_buttons_configure  bsp_btn_ble.o
    0x0002a040   0x0002a040   0x00000050   Code   RO            4    i.advertising_start  main.o
    0x0002a090   0x0002a090   0x00000052   Code   RO         1586    i.ah                id_manager.o
    0x0002a0e2   0x0002a0e2   0x00000002   PAD
    0x0002a0e4   0x0002a0e4   0x0000000c   Code   RO         2992    i.allow_repairing   security_dispatcher.o
    0x0002a0f0   0x0002a0f0   0x00000084   Code   RO         5807    i.app_error_fault_handler  app_error_weak.o
    0x0002a174   0x0002a174   0x00000016   Code   RO         5747    i.app_error_handler_bare  app_error.o
    0x0002a18a   0x0002a18a   0x00000008   Code   RO         5901    i.app_timer_cnt_diff_compute  app_timer.o
    0x0002a192   0x0002a192   0x00000002   PAD
    0x0002a194   0x0002a194   0x0000000c   Code   RO         5902    i.app_timer_cnt_get  app_timer.o
    0x0002a1a0   0x0002a1a0   0x00000028   Code   RO         5903    i.app_timer_create  app_timer.o
    0x0002a1c8   0x0002a1c8   0x00000054   Code   RO         5904    i.app_timer_init    app_timer.o
    0x0002a21c   0x0002a21c   0x00000088   Code   RO         5907    i.app_timer_start   app_timer.o
    0x0002a2a4   0x0002a2a4   0x00000020   Code   RO         5908    i.app_timer_stop    app_timer.o
    0x0002a2c4   0x0002a2c4   0x00000048   Code   RO         6068    i.app_util_critical_region_enter  app_util_platform.o
    0x0002a30c   0x0002a30c   0x00000034   Code   RO         6069    i.app_util_critical_region_exit  app_util_platform.o
    0x0002a340   0x0002a340   0x00000004   Code   RO         1347    i.apply_pending_handle  gatt_cache_manager.o
    0x0002a344   0x0002a344   0x000001d4   Code   RO          781    i.ast_auth_error_notify  auth_status_tracker.o
    0x0002a518   0x0002a518   0x00000014   Code   RO          782    i.ast_init          auth_status_tracker.o
    0x0002a52c   0x0002a52c   0x00000070   Code   RO          783    i.ast_peer_blacklisted  auth_status_tracker.o
    0x0002a59c   0x0002a59c   0x00000180   Code   RO         2993    i.auth_status_success_process  security_dispatcher.o
    0x0002a71c   0x0002a71c   0x00000074   Code   RO          784    i.blacklisted_peers_state_transition_handle  auth_status_tracker.o
    0x0002a790   0x0002a790   0x0000007c   Code   RO          785    i.blacklisted_peers_state_update  auth_status_tracker.o
    0x0002a80c   0x0002a80c   0x00000182   Code   RO          853    i.ble_advdata_encode  ble_advdata.o
    0x0002a98e   0x0002a98e   0x00000020   Code   RO          855    i.ble_advdata_parse  ble_advdata.o
    0x0002a9ae   0x0002a9ae   0x00000038   Code   RO          856    i.ble_advdata_search  ble_advdata.o
    0x0002a9e6   0x0002a9e6   0x00000006   Code   RO          960    i.ble_advertising_conn_cfg_tag_set  ble_advertising.o
    0x0002a9ec   0x0002a9ec   0x0000011c   Code   RO          961    i.ble_advertising_init  ble_advertising.o
    0x0002ab08   0x0002ab08   0x0000006a   Code   RO          963    i.ble_advertising_on_ble_evt  ble_advertising.o
    0x0002ab72   0x0002ab72   0x00000002   Code   RO          964    i.ble_advertising_on_sys_evt  ble_advertising.o
    0x0002ab74   0x0002ab74   0x0000022c   Code   RO          967    i.ble_advertising_start  ble_advertising.o
    0x0002ada0   0x0002ada0   0x00000068   Code   RO         1053    i.ble_conn_params_init  ble_conn_params.o
    0x0002ae08   0x0002ae08   0x00000020   Code   RO         1129    i.ble_conn_state_encrypted  ble_conn_state.o
    0x0002ae28   0x0002ae28   0x0000002c   Code   RO         1131    i.ble_conn_state_for_each_set_user_flag  ble_conn_state.o
    0x0002ae54   0x0002ae54   0x00000020   Code   RO         1133    i.ble_conn_state_mitm_protected  ble_conn_state.o
    0x0002ae74   0x0002ae74   0x00000024   Code   RO         1136    i.ble_conn_state_role  ble_conn_state.o
    0x0002ae98   0x0002ae98   0x00000024   Code   RO         1137    i.ble_conn_state_status  ble_conn_state.o
    0x0002aebc   0x0002aebc   0x00000018   Code   RO         1138    i.ble_conn_state_user_flag_acquire  ble_conn_state.o
    0x0002aed4   0x0002aed4   0x00000030   Code   RO         1139    i.ble_conn_state_user_flag_get  ble_conn_state.o
    0x0002af04   0x0002af04   0x00000040   Code   RO         1140    i.ble_conn_state_user_flag_set  ble_conn_state.o
    0x0002af44   0x0002af44   0x00000014   Code   RO         1141    i.ble_conn_state_valid  ble_conn_state.o
    0x0002af58   0x0002af58   0x00000060   Code   RO          859    i.ble_device_addr_encode  ble_advdata.o
    0x0002afb8   0x0002afb8   0x00000144   Code   RO            6    i.ble_evt_handler   main.o
    0x0002b0fc   0x0002b0fc   0x00000070   Code   RO          679    i.ble_evt_handler   bsp_btn_ble.o
    0x0002b16c   0x0002b16c   0x000000fc   Code   RO         1055    i.ble_evt_handler   ble_conn_params.o
    0x0002b268   0x0002b268   0x00000104   Code   RO         1142    i.ble_evt_handler   ble_conn_state.o
    0x0002b36c   0x0002b36c   0x00000028   Code   RO         2557    i.ble_evt_handler   peer_manager.o
    0x0002b394   0x0002b394   0x00000064   Code   RO         3328    i.ble_hr_hr_value_update  ble_hr.o
    0x0002b3f8   0x0002b3f8   0x00000058   Code   RO         3329    i.ble_hr_init       ble_hr.o
    0x0002b450   0x0002b450   0x00000098   Code   RO         3330    i.ble_hr_on_ble_evt  ble_hr.o
    0x0002b4e8   0x0002b4e8   0x00000058   Code   RO         3286    i.ble_ppg_init      ble_ppg.o
    0x0002b540   0x0002b540   0x00000098   Code   RO         3287    i.ble_ppg_on_ble_evt  ble_ppg.o
    0x0002b5d8   0x0002b5d8   0x00000064   Code   RO         3288    i.ble_ppg_ppg_value_update  ble_ppg.o
    0x0002b63c   0x0002b63c   0x00000008   Code   RO         1287    i.ble_srv_is_notification_enabled  ble_srv_common.o
    0x0002b644   0x0002b644   0x00000118   Code   RO         8658    i.block_cipher_df   ctr_drbg.o
    0x0002b75c   0x0002b75c   0x00000024   Code   RO          432    i.bsp_board_led_invert  boards.o
    0x0002b780   0x0002b780   0x00000010   Code   RO          433    i.bsp_board_led_off  boards.o
    0x0002b790   0x0002b790   0x00000010   Code   RO          434    i.bsp_board_led_on  boards.o
    0x0002b7a0   0x0002b7a0   0x00000020   Code   RO          435    i.bsp_board_led_state_get  boards.o
    0x0002b7c0   0x0002b7c0   0x00000012   Code   RO          436    i.bsp_board_leds_off  boards.o
    0x0002b7d2   0x0002b7d2   0x00000012   Code   RO          437    i.bsp_board_leds_on  boards.o
    0x0002b7e4   0x0002b7e4   0x00000024   Code   RO          438    i.bsp_board_pin_to_button_idx  boards.o
    0x0002b808   0x0002b808   0x00000090   Code   RO          562    i.bsp_button_event_handler  bsp.o
    0x0002b898   0x0002b898   0x00000044   Code   RO          566    i.bsp_event_to_button_action_assign  bsp.o
    0x0002b8dc   0x0002b8dc   0x00000018   Code   RO          567    i.bsp_indication_set  bsp.o
    0x0002b8f4   0x0002b8f4   0x000001c8   Code   RO          569    i.bsp_led_indication  bsp.o
    0x0002babc   0x0002babc   0x00000090   Code   RO         7780    i.buf_prealloc      nrf_log_frontend.o
    0x0002bb4c   0x0002bb4c   0x0000001e   Code   RO         6963    i.buffer_add        nrf_fprintf_format.o
    0x0002bb6a   0x0002bb6a   0x00000002   PAD
    0x0002bb6c   0x0002bb6c   0x00000014   Code   RO         7781    i.buffer_is_empty   nrf_log_frontend.o
    0x0002bb80   0x0002bb80   0x00000028   Code   RO         1348    i.car_update_needed  gatt_cache_manager.o
    0x0002bba8   0x0002bba8   0x00000028   Code   RO         1349    i.car_update_pending_handle  gatt_cache_manager.o
    0x0002bbd0   0x0002bbd0   0x00000010   Code   RO         4920    i.channel_port_get  nrfx_gpiote.o
    0x0002bbe0   0x0002bbe0   0x0000003e   Code   RO         2467    i.claim             peer_id.o
    0x0002bc1e   0x0002bc1e   0x00000002   PAD
    0x0002bc20   0x0002bc20   0x00000028   Code   RO         4507    i.clock_clk_started_notify  nrf_drv_clock.o
    0x0002bc48   0x0002bc48   0x0000001c   Code   RO         4508    i.clock_irq_handler  nrf_drv_clock.o
    0x0002bc64   0x0002bc64   0x000000ac   Code   RO         5910    i.compare_reg_update  app_timer.o
    0x0002bd10   0x0002bd10   0x000000f8   Code   RO         1853    i.compute_and_give_dhkey  nrf_ble_lesc.o
    0x0002be08   0x0002be08   0x0000003e   Code   RO         1143    i.conn_handle_list_get  ble_conn_state.o
    0x0002be46   0x0002be46   0x00000088   Code   RO          860    i.conn_int_encode   ble_advdata.o
    0x0002bece   0x0002bece   0x00000004   Code   RO            7    i.conn_params_error_handler  main.o
    0x0002bed2   0x0002bed2   0x00000002   PAD
    0x0002bed4   0x0002bed4   0x00000048   Code   RO         1056    i.conn_params_negotiation  ble_conn_params.o
    0x0002bf1c   0x0002bf1c   0x00000044   Code   RO         2994    i.conn_sec_failure  security_dispatcher.o
    0x0002bf60   0x0002bf60   0x00000004   Code   RO         2852    i.conn_secure       peer_manager_handler.o
    0x0002bf64   0x0002bf64   0x00000074   Code   RO         8659    i.ctr_drbg_update_internal  ctr_drbg.o
    0x0002bfd8   0x0002bfd8   0x000000c0   Code   RO         1751    i.data_length_update  nrf_ble_gatt.o
    0x0002c098   0x0002c098   0x00000030   Code   RO         1350    i.db_update_pending_handle  gatt_cache_manager.o
    0x0002c0c8   0x0002c0c8   0x00000080   Code   RO         6163    i.delete_execute    fds.o
    0x0002c148   0x0002c148   0x00000014   Code   RO         7782    i.dropped_sat16_get  nrf_log_frontend.o
    0x0002c15c   0x0002c15c   0x00000040   Code   RO         5911    i.elapsed_ticks_acquire  app_timer.o
    0x0002c19c   0x0002c19c   0x0000000a   Code   RO         2995    i.encryption_failure  security_dispatcher.o
    0x0002c1a6   0x0002c1a6   0x0000000e   Code   RO         4428    i.entropy_callback  nrf_hw_backend_rng_mbedtls.o
    0x0002c1b4   0x0002c1b4   0x0000004c   Code   RO         7090    i.erase             nrf_fstorage_sd.o
    0x0002c200   0x0002c200   0x00000074   Code   RO         6164    i.event_prepare     fds.o
    0x0002c274   0x0002c274   0x00000020   Code   RO         6165    i.event_send        fds.o
    0x0002c294   0x0002c294   0x00000054   Code   RO         7091    i.event_send        nrf_fstorage_sd.o
    0x0002c2e8   0x0002c2e8   0x000000ac   Code   RO         3133    i.events_send_from_err_code  security_manager.o
    0x0002c394   0x0002c394   0x0000001c   Code   RO         1351    i.evt_send          gatt_cache_manager.o
    0x0002c3b0   0x0002c3b0   0x0000002c   Code   RO         2558    i.evt_send          peer_manager.o
    0x0002c3dc   0x0002c3dc   0x0000001c   Code   RO         2996    i.evt_send          security_dispatcher.o
    0x0002c3f8   0x0002c3f8   0x0000000c   Code   RO         3134    i.evt_send          security_manager.o
    0x0002c404   0x0002c404   0x000000ec   Code   RO         2208    i.fds_evt_handler   peer_data_storage.o
    0x0002c4f0   0x0002c4f0   0x00000044   Code   RO         6167    i.fds_file_delete   fds.o
    0x0002c534   0x0002c534   0x0000003c   Code   RO         6168    i.fds_gc            fds.o
    0x0002c570   0x0002c570   0x000000d0   Code   RO         6169    i.fds_init          fds.o
    0x0002c640   0x0002c640   0x00000040   Code   RO         6170    i.fds_record_close  fds.o
    0x0002c680   0x0002c680   0x0000000e   Code   RO         6172    i.fds_record_find   fds.o
    0x0002c68e   0x0002c68e   0x00000010   Code   RO         6173    i.fds_record_find_by_key  fds.o
    0x0002c69e   0x0002c69e   0x00000010   Code   RO         6174    i.fds_record_find_in_file  fds.o
    0x0002c6ae   0x0002c6ae   0x00000010   Code   RO         6175    i.fds_record_id_from_desc  fds.o
    0x0002c6be   0x0002c6be   0x00000002   PAD
    0x0002c6c0   0x0002c6c0   0x00000048   Code   RO         6177    i.fds_record_open   fds.o
    0x0002c708   0x0002c708   0x0000000e   Code   RO         6178    i.fds_record_update  fds.o
    0x0002c716   0x0002c716   0x00000008   Code   RO         6179    i.fds_record_write  fds.o
    0x0002c71e   0x0002c71e   0x00000002   PAD
    0x0002c720   0x0002c720   0x0000002c   Code   RO         6181    i.fds_register      fds.o
    0x0002c74c   0x0002c74c   0x00000014   Code   RO         2209    i.file_id_within_pm_range  peer_data_storage.o
    0x0002c760   0x0002c760   0x00000012   Code   RO         2997    i.flag_id_init      security_dispatcher.o
    0x0002c772   0x0002c772   0x00000012   Code   RO         3135    i.flag_id_init      security_manager.o
    0x0002c784   0x0002c784   0x00000028   Code   RO          969    i.flags_set         ble_advertising.o
    0x0002c7ac   0x0002c7ac   0x00000030   Code   RO         3136    i.flags_set_from_err_code  security_manager.o
    0x0002c7dc   0x0002c7dc   0x00000030   Code   RO         1144    i.for_each_set_flag  ble_conn_state.o
    0x0002c80c   0x0002c80c   0x00000006   Code   RO         6185    i.fs_event_handler  fds.o
    0x0002c812   0x0002c812   0x00000002   PAD
    0x0002c814   0x0002c814   0x0000007c   Code   RO         6186    i.gc_execute        fds.o
    0x0002c890   0x0002c890   0x0000004c   Code   RO         6187    i.gc_next_page      fds.o
    0x0002c8dc   0x0002c8dc   0x00000040   Code   RO         6188    i.gc_page_erase     fds.o
    0x0002c91c   0x0002c91c   0x00000034   Code   RO         6189    i.gc_record_copy    fds.o
    0x0002c950   0x0002c950   0x00000024   Code   RO         6190    i.gc_record_find_next  fds.o
    0x0002c974   0x0002c974   0x00000088   Code   RO         6191    i.gc_state_advance  fds.o
    0x0002c9fc   0x0002c9fc   0x000001b8   Code   RO         1352    i.gcm_ble_evt_handler  gatt_cache_manager.o
    0x0002cbb4   0x0002cbb4   0x0000003c   Code   RO         1353    i.gcm_im_evt_handler  gatt_cache_manager.o
    0x0002cbf0   0x0002cbf0   0x0000007c   Code   RO         1354    i.gcm_init          gatt_cache_manager.o
    0x0002cc6c   0x0002cc6c   0x00000088   Code   RO         1357    i.gcm_pdb_evt_handler  gatt_cache_manager.o
    0x0002ccf4   0x0002ccf4   0x00000068   Code   RO         3890    i.generate          nrf_crypto_rng.o
    0x0002cd5c   0x0002cd5c   0x000000c8   Code   RO         3891    i.generate_in_range  nrf_crypto_rng.o
    0x0002ce24   0x0002ce24   0x0000001c   Code   RO         1501    i.gscm_db_change_notification_done  gatts_cache_manager.o
    0x0002ce40   0x0002ce40   0x00000014   Code   RO         1502    i.gscm_init         gatts_cache_manager.o
    0x0002ce54   0x0002ce54   0x00000090   Code   RO         1504    i.gscm_local_db_cache_apply  gatts_cache_manager.o
    0x0002cee4   0x0002cee4   0x000000ac   Code   RO         1505    i.gscm_local_db_cache_update  gatts_cache_manager.o
    0x0002cf90   0x0002cf90   0x00000018   Code   RO         1506    i.gscm_pdb_evt_handler  gatts_cache_manager.o
    0x0002cfa8   0x0002cfa8   0x0000001e   Code   RO         1507    i.gscm_service_changed_ind_needed  gatts_cache_manager.o
    0x0002cfc6   0x0002cfc6   0x00000002   PAD
    0x0002cfc8   0x0002cfc8   0x0000005c   Code   RO         1508    i.gscm_service_changed_ind_send  gatts_cache_manager.o
    0x0002d024   0x0002d024   0x00000026   Code   RO         6192    i.header_check      fds.o
    0x0002d04a   0x0002d04a   0x00000012   Code   RO         6193    i.header_has_next   fds.o
    0x0002d05c   0x0002d05c   0x00000028   Code   RO            8    i.hr_notification_timeout_handler  main.o
    0x0002d084   0x0002d084   0x000000c0   Code   RO         3331    i.hr_value_char_add  ble_hr.o
    0x0002d144   0x0002d144   0x00000046   Code   RO         1587    i.im_address_resolve  id_manager.o
    0x0002d18a   0x0002d18a   0x00000002   PAD
    0x0002d18c   0x0002d18c   0x00000038   Code   RO         1588    i.im_ble_addr_get   id_manager.o
    0x0002d1c4   0x0002d1c4   0x000000dc   Code   RO         1589    i.im_ble_evt_handler  id_manager.o
    0x0002d2a0   0x0002d2a0   0x00000040   Code   RO         1590    i.im_conn_handle_get  id_manager.o
    0x0002d2e0   0x0002d2e0   0x00000038   Code   RO         1592    i.im_find_duplicate_bonding_data  id_manager.o
    0x0002d318   0x0002d318   0x00000072   Code   RO         1595    i.im_is_duplicate_bonding_data  id_manager.o
    0x0002d38a   0x0002d38a   0x00000018   Code   RO         1596    i.im_master_id_is_valid  id_manager.o
    0x0002d3a2   0x0002d3a2   0x0000002a   Code   RO         1597    i.im_master_ids_compare  id_manager.o
    0x0002d3cc   0x0002d3cc   0x00000014   Code   RO         1598    i.im_new_peer_id    id_manager.o
    0x0002d3e0   0x0002d3e0   0x0000002c   Code   RO         1599    i.im_peer_free      id_manager.o
    0x0002d40c   0x0002d40c   0x00000024   Code   RO         1600    i.im_peer_id_get_by_conn_handle  id_manager.o
    0x0002d430   0x0002d430   0x0000003c   Code   RO         1601    i.im_peer_id_get_by_master_id  id_manager.o
    0x0002d46c   0x0002d46c   0x00000034   Code   RO         7092    i.init              nrf_fstorage_sd.o
    0x0002d4a0   0x0002d4a0   0x000000c8   Code   RO         6194    i.init_execute      fds.o
    0x0002d568   0x0002d568   0x00000014   Code   RO         1057    i.instance_get      ble_conn_params.o
    0x0002d57c   0x0002d57c   0x000000a6   Code   RO         6964    i.int_print         nrf_fprintf_format.o
    0x0002d622   0x0002d622   0x00000034   Code   RO         7783    i.invalid_packets_omit  nrf_log_frontend.o
    0x0002d656   0x0002d656   0x00000002   PAD
    0x0002d658   0x0002d658   0x00000010   Code   RO         7093    i.is_busy           nrf_fstorage_sd.o
    0x0002d668   0x0002d668   0x00000044   Code   RO         1058    i.is_conn_params_ok  ble_conn_params.o
    0x0002d6ac   0x0002d6ac   0x00000014   Code   RO         1606    i.is_valid_irk      id_manager.o
    0x0002d6c0   0x0002d6c0   0x00000024   Code   RO         3892    i.is_vector_greater_or_equal  nrf_crypto_rng.o
    0x0002d6e4   0x0002d6e4   0x0000000c   Code   RO         6195    i.is_word_aligned   fds.o
    0x0002d6f0   0x0002d6f0   0x00000030   Code   RO          573    i.leds_off          bsp.o
    0x0002d720   0x0002d720   0x00000018   Code   RO         1752    i.link_init         nrf_ble_gatt.o
    0x0002d738   0x0002d738   0x000000d0   Code   RO         3137    i.link_secure       security_manager.o
    0x0002d808   0x0002d808   0x0000003c   Code   RO         2998    i.link_secure_failure  security_dispatcher.o
    0x0002d844   0x0002d844   0x0000002c   Code   RO         3138    i.link_secure_pending_handle  security_manager.o
    0x0002d870   0x0002d870   0x000000f8   Code   RO         5912    i.list_insertions_handler  app_timer.o
    0x0002d968   0x0002d968   0x000000a8   Code   RO         1358    i.local_db_apply_in_evt  gatt_cache_manager.o
    0x0002da10   0x0002da10   0x00000010   Code   RO         1359    i.local_db_update   gatt_cache_manager.o
    0x0002da20   0x0002da20   0x0000010c   Code   RO         1360    i.local_db_update_in_evt  gatt_cache_manager.o
    0x0002db2c   0x0002db2c   0x0000009c   Code   RO         7784    i.log_skip          nrf_log_frontend.o
    0x0002dbc8   0x0002dbc8   0x000001d4   Code   RO            9    i.main              main.o
    0x0002dd9c   0x0002dd9c   0x00000064   Code   RO          861    i.manuf_specific_data_encode  ble_advdata.o
    0x0002de00   0x0002de00   0x0000001a   Code   RO         8584    i.mbedtls_aes_crypt_ecb  aes.o
    0x0002de1a   0x0002de1a   0x00000002   PAD
    0x0002de1c   0x0002de1c   0x000003c8   Code   RO         8585    i.mbedtls_aes_decrypt  aes.o
    0x0002e1e4   0x0002e1e4   0x000003c8   Code   RO         8586    i.mbedtls_aes_encrypt  aes.o
    0x0002e5ac   0x0002e5ac   0x00000016   Code   RO         8587    i.mbedtls_aes_free  aes.o
    0x0002e5c2   0x0002e5c2   0x00000008   Code   RO         8588    i.mbedtls_aes_init  aes.o
    0x0002e5ca   0x0002e5ca   0x00000002   PAD
    0x0002e5cc   0x0002e5cc   0x0000019c   Code   RO         8590    i.mbedtls_aes_setkey_enc  aes.o
    0x0002e768   0x0002e768   0x0000001e   Code   RO         8660    i.mbedtls_ctr_drbg_free  ctr_drbg.o
    0x0002e786   0x0002e786   0x00000008   Code   RO         8661    i.mbedtls_ctr_drbg_init  ctr_drbg.o
    0x0002e78e   0x0002e78e   0x0000000c   Code   RO         8662    i.mbedtls_ctr_drbg_random  ctr_drbg.o
    0x0002e79a   0x0002e79a   0x000000ba   Code   RO         8663    i.mbedtls_ctr_drbg_random_with_add  ctr_drbg.o
    0x0002e854   0x0002e854   0x0000006a   Code   RO         8664    i.mbedtls_ctr_drbg_reseed  ctr_drbg.o
    0x0002e8be   0x0002e8be   0x00000010   Code   RO         8665    i.mbedtls_ctr_drbg_seed  ctr_drbg.o
    0x0002e8ce   0x0002e8ce   0x0000004c   Code   RO         8666    i.mbedtls_ctr_drbg_seed_entropy_len  ctr_drbg.o
    0x0002e91a   0x0002e91a   0x0000007e   Code   RO         7202    i.memobj_op         nrf_memobj.o
    0x0002e998   0x0002e998   0x00000030   Code   RO         7785    i.module_idx_get    nrf_log_frontend.o
    0x0002e9c8   0x0002e9c8   0x00000008   Code   RO         2945    i.mutex_lock_status_get  pm_buffer.o
    0x0002e9d0   0x0002e9d0   0x000000a6   Code   RO          862    i.name_encode       ble_advdata.o
    0x0002ea76   0x0002ea76   0x00000002   PAD
    0x0002ea78   0x0002ea78   0x00000014   Code   RO         3139    i.new_context_get   security_manager.o
    0x0002ea8c   0x0002ea8c   0x00000030   Code   RO         2468    i.next_id_get       peer_id.o
    0x0002eabc   0x0002eabc   0x00000010   Code   RO         6617    i.nrf_atfifo_clear  nrf_atfifo.o
    0x0002eacc   0x0002eacc   0x00000026   Code   RO         6619    i.nrf_atfifo_init   nrf_atfifo.o
    0x0002eaf2   0x0002eaf2   0x00000016   Code   RO         6620    i.nrf_atfifo_item_alloc  nrf_atfifo.o
    0x0002eb08   0x0002eb08   0x00000016   Code   RO         6621    i.nrf_atfifo_item_free  nrf_atfifo.o
    0x0002eb1e   0x0002eb1e   0x00000016   Code   RO         6622    i.nrf_atfifo_item_get  nrf_atfifo.o
    0x0002eb34   0x0002eb34   0x00000016   Code   RO         6623    i.nrf_atfifo_item_put  nrf_atfifo.o
    0x0002eb4a   0x0002eb4a   0x00000016   Code   RO         6685    i.nrf_atflags_clear  nrf_atflags.o
    0x0002eb60   0x0002eb60   0x00000020   Code   RO         6687    i.nrf_atflags_fetch_set  nrf_atflags.o
    0x0002eb80   0x0002eb80   0x0000004a   Code   RO         6689    i.nrf_atflags_find_and_set_flag  nrf_atflags.o
    0x0002ebca   0x0002ebca   0x00000016   Code   RO         6690    i.nrf_atflags_get   nrf_atflags.o
    0x0002ebe0   0x0002ebe0   0x00000014   Code   RO         6692    i.nrf_atflags_set   nrf_atflags.o
    0x0002ebf4   0x0002ebf4   0x00000006   Code   RO         6753    i.nrf_atomic_flag_clear_fetch  nrf_atomic.o
    0x0002ebfa   0x0002ebfa   0x00000006   Code   RO         6754    i.nrf_atomic_flag_set  nrf_atomic.o
    0x0002ec00   0x0002ec00   0x00000006   Code   RO         6755    i.nrf_atomic_flag_set_fetch  nrf_atomic.o
    0x0002ec06   0x0002ec06   0x0000000c   Code   RO         6756    i.nrf_atomic_u32_add  nrf_atomic.o
    0x0002ec12   0x0002ec12   0x0000000c   Code   RO         6757    i.nrf_atomic_u32_and  nrf_atomic.o
    0x0002ec1e   0x0002ec1e   0x0000000a   Code   RO         6759    i.nrf_atomic_u32_fetch_add  nrf_atomic.o
    0x0002ec28   0x0002ec28   0x0000000a   Code   RO         6760    i.nrf_atomic_u32_fetch_and  nrf_atomic.o
    0x0002ec32   0x0002ec32   0x0000000a   Code   RO         6761    i.nrf_atomic_u32_fetch_or  nrf_atomic.o
    0x0002ec3c   0x0002ec3c   0x0000000a   Code   RO         6762    i.nrf_atomic_u32_fetch_store  nrf_atomic.o
    0x0002ec46   0x0002ec46   0x0000000c   Code   RO         6766    i.nrf_atomic_u32_or  nrf_atomic.o
    0x0002ec52   0x0002ec52   0x0000000c   Code   RO         6768    i.nrf_atomic_u32_sub  nrf_atomic.o
    0x0002ec5e   0x0002ec5e   0x00000044   Code   RO         6887    i.nrf_balloc_alloc  nrf_balloc.o
    0x0002eca2   0x0002eca2   0x00000030   Code   RO         6888    i.nrf_balloc_free   nrf_balloc.o
    0x0002ecd2   0x0002ecd2   0x00000030   Code   RO         6889    i.nrf_balloc_init   nrf_balloc.o
    0x0002ed02   0x0002ed02   0x00000010   Code   RO         4921    i.nrf_bitmask_bit_is_set  nrfx_gpiote.o
    0x0002ed12   0x0002ed12   0x00000014   Code   RO         4922    i.nrf_bitmask_bit_set  nrfx_gpiote.o
    0x0002ed26   0x0002ed26   0x00000022   Code   RO         1758    i.nrf_ble_gatt_init  nrf_ble_gatt.o
    0x0002ed48   0x0002ed48   0x00000150   Code   RO         1759    i.nrf_ble_gatt_on_ble_evt  nrf_ble_gatt.o
    0x0002ee98   0x0002ee98   0x00000074   Code   RO         1854    i.nrf_ble_lesc_init  nrf_ble_lesc.o
    0x0002ef0c   0x0002ef0c   0x00000144   Code   RO         1855    i.nrf_ble_lesc_keypair_generate  nrf_ble_lesc.o
    0x0002f050   0x0002f050   0x00000044   Code   RO         1856    i.nrf_ble_lesc_on_ble_evt  nrf_ble_lesc.o
    0x0002f094   0x0002f094   0x0000003c   Code   RO         1857    i.nrf_ble_lesc_public_key_get  nrf_ble_lesc.o
    0x0002f0d0   0x0002f0d0   0x0000004c   Code   RO         1858    i.nrf_ble_lesc_request_handler  nrf_ble_lesc.o
    0x0002f11c   0x0002f11c   0x00000016   Code   RO         2167    i.nrf_ble_qwr_conn_handle_assign  nrf_ble_qwr.o
    0x0002f132   0x0002f132   0x00000024   Code   RO         2168    i.nrf_ble_qwr_init  nrf_ble_qwr.o
    0x0002f156   0x0002f156   0x000000b6   Code   RO         2169    i.nrf_ble_qwr_on_ble_evt  nrf_ble_qwr.o
    0x0002f20c   0x0002f20c   0x0000000e   Code   RO         4783    i.nrf_clock_event_check  nrfx_clock.o
    0x0002f21a   0x0002f21a   0x00000010   Code   RO         4784    i.nrf_clock_event_clear  nrfx_clock.o
    0x0002f22a   0x0002f22a   0x00000010   Code   RO         4179    i.nrf_crypto_backend_curve25519_ecdh_compute  oberon_backend_ecdh.o
    0x0002f23a   0x0002f23a   0x0000003a   Code   RO         4057    i.nrf_crypto_backend_curve25519_key_pair_generate  oberon_backend_ecc.o
    0x0002f274   0x0002f274   0x00000010   Code   RO         4058    i.nrf_crypto_backend_curve25519_public_key_calculate  oberon_backend_ecc.o
    0x0002f284   0x0002f284   0x00000032   Code   RO         4059    i.nrf_crypto_backend_ed25519_key_pair_generate  oberon_backend_ecc.o
    0x0002f2b6   0x0002f2b6   0x0000001c   Code   RO         4060    i.nrf_crypto_backend_ed25519_private_key_from_raw  oberon_backend_ecc.o
    0x0002f2d2   0x0002f2d2   0x00000012   Code   RO         4061    i.nrf_crypto_backend_ed25519_public_key_calculate  oberon_backend_ecc.o
    0x0002f2e4   0x0002f2e4   0x00000010   Code   RO         4062    i.nrf_crypto_backend_oberon_ecc_secp256r1_rng  oberon_backend_ecc.o
    0x0002f2f4   0x0002f2f4   0x00000010   Code   RO         4063    i.nrf_crypto_backend_oberon_private_key_from_raw  oberon_backend_ecc.o
    0x0002f304   0x0002f304   0x00000016   Code   RO         4064    i.nrf_crypto_backend_oberon_private_key_to_raw  oberon_backend_ecc.o
    0x0002f31a   0x0002f31a   0x00000010   Code   RO         4065    i.nrf_crypto_backend_oberon_public_key_from_raw  oberon_backend_ecc.o
    0x0002f32a   0x0002f32a   0x00000016   Code   RO         4066    i.nrf_crypto_backend_oberon_public_key_to_raw  oberon_backend_ecc.o
    0x0002f340   0x0002f340   0x00000016   Code   RO         4180    i.nrf_crypto_backend_secp256r1_ecdh_compute  oberon_backend_ecdh.o
    0x0002f356   0x0002f356   0x00000026   Code   RO         4067    i.nrf_crypto_backend_secp256r1_key_pair_generate  oberon_backend_ecc.o
    0x0002f37c   0x0002f37c   0x00000016   Code   RO         4068    i.nrf_crypto_backend_secp256r1_public_key_calculate  oberon_backend_ecc.o
    0x0002f392   0x0002f392   0x00000048   Code   RO         3462    i.nrf_crypto_ecc_byte_order_invert  nrf_crypto_ecc.o
    0x0002f3da   0x0002f3da   0x00000002   PAD
    0x0002f3dc   0x0002f3dc   0x00000088   Code   RO         3464    i.nrf_crypto_ecc_key_pair_generate  nrf_crypto_ecc.o
    0x0002f464   0x0002f464   0x00000048   Code   RO         3470    i.nrf_crypto_ecc_public_key_from_raw  nrf_crypto_ecc.o
    0x0002f4ac   0x0002f4ac   0x00000044   Code   RO         3471    i.nrf_crypto_ecc_public_key_to_raw  nrf_crypto_ecc.o
    0x0002f4f0   0x0002f4f0   0x000000a0   Code   RO         3563    i.nrf_crypto_ecdh_compute  nrf_crypto_ecdh.o
    0x0002f590   0x0002f590   0x00000040   Code   RO         3845    i.nrf_crypto_init   nrf_crypto_init.o
    0x0002f5d0   0x0002f5d0   0x00000018   Code   RO         3472    i.nrf_crypto_internal_ecc_key_input_check  nrf_crypto_ecc.o
    0x0002f5e8   0x0002f5e8   0x0000001a   Code   RO         3473    i.nrf_crypto_internal_ecc_key_output_prepare  nrf_crypto_ecc.o
    0x0002f602   0x0002f602   0x00000016   Code   RO         3474    i.nrf_crypto_internal_ecc_raw_input_check  nrf_crypto_ecc.o
    0x0002f618   0x0002f618   0x0000001c   Code   RO         3475    i.nrf_crypto_internal_ecc_raw_output_prepare  nrf_crypto_ecc.o
    0x0002f634   0x0002f634   0x0000001c   Code   RO         3847    i.nrf_crypto_is_initializing  nrf_crypto_init.o
    0x0002f650   0x0002f650   0x00000034   Code   RO         4429    i.nrf_crypto_rng_backend_init  nrf_hw_backend_rng_mbedtls.o
    0x0002f684   0x0002f684   0x00000014   Code   RO         4430    i.nrf_crypto_rng_backend_reseed  nrf_hw_backend_rng_mbedtls.o
    0x0002f698   0x0002f698   0x00000010   Code   RO         4431    i.nrf_crypto_rng_backend_uninit  nrf_hw_backend_rng_mbedtls.o
    0x0002f6a8   0x0002f6a8   0x00000010   Code   RO         4432    i.nrf_crypto_rng_backend_vector_generate  nrf_hw_backend_rng_mbedtls.o
    0x0002f6b8   0x0002f6b8   0x000000b4   Code   RO         3893    i.nrf_crypto_rng_init  nrf_crypto_rng.o
    0x0002f76c   0x0002f76c   0x00000098   Code   RO         3894    i.nrf_crypto_rng_reseed  nrf_crypto_rng.o
    0x0002f804   0x0002f804   0x00000038   Code   RO         3895    i.nrf_crypto_rng_uninit  nrf_crypto_rng.o
    0x0002f83c   0x0002f83c   0x00000006   Code   RO         3896    i.nrf_crypto_rng_vector_generate  nrf_crypto_rng.o
    0x0002f842   0x0002f842   0x0000000c   Code   RO         3897    i.nrf_crypto_rng_vector_generate_in_range  nrf_crypto_rng.o
    0x0002f84e   0x0002f84e   0x00000002   PAD
    0x0002f850   0x0002f850   0x00000038   Code   RO         4515    i.nrf_drv_clock_init  nrf_drv_clock.o
    0x0002f888   0x0002f888   0x00000030   Code   RO         4519    i.nrf_drv_clock_lfclk_release  nrf_drv_clock.o
    0x0002f8b8   0x0002f8b8   0x00000028   Code   RO         4653    i.nrf_drv_rng_block_rand  nrf_drv_rng.o
    0x0002f8e0   0x0002f8e0   0x00000058   Code   RO         4655    i.nrf_drv_rng_init  nrf_drv_rng.o
    0x0002f938   0x0002f938   0x00000060   Code   RO         4656    i.nrf_drv_rng_rand  nrf_drv_rng.o
    0x0002f998   0x0002f998   0x00000038   Code   RO         4657    i.nrf_drv_rng_uninit  nrf_drv_rng.o
    0x0002f9d0   0x0002f9d0   0x0000001a   Code   RO         6924    i.nrf_fprintf       nrf_fprintf.o
    0x0002f9ea   0x0002f9ea   0x00000018   Code   RO         6925    i.nrf_fprintf_buffer_flush  nrf_fprintf.o
    0x0002fa02   0x0002fa02   0x000001da   Code   RO         6965    i.nrf_fprintf_fmt   nrf_fprintf_format.o
    0x0002fbdc   0x0002fbdc   0x00000138   Code   RO         7005    i.nrf_fstorage_erase  nrf_fstorage.o
    0x0002fd14   0x0002fd14   0x00000094   Code   RO         7006    i.nrf_fstorage_init  nrf_fstorage.o
    0x0002fda8   0x0002fda8   0x00000018   Code   RO         7094    i.nrf_fstorage_sdh_req_handler  nrf_fstorage_sd.o
    0x0002fdc0   0x0002fdc0   0x00000020   Code   RO         7095    i.nrf_fstorage_sdh_state_handler  nrf_fstorage_sd.o
    0x0002fde0   0x0002fde0   0x000000a4   Code   RO         7096    i.nrf_fstorage_sys_evt_handler  nrf_fstorage_sd.o
    0x0002fe84   0x0002fe84   0x000001dc   Code   RO         7012    i.nrf_fstorage_write  nrf_fstorage.o
    0x00030060   0x00030060   0x00000022   Code   RO         4925    i.nrf_gpio_cfg_sense_set  nrfx_gpiote.o
    0x00030082   0x00030082   0x00000016   Code   RO          441    i.nrf_gpio_pin_write  boards.o
    0x00030098   0x00030098   0x00000028   Code   RO         4926    i.nrf_gpio_ports_read  nrfx_gpiote.o
    0x000300c0   0x000300c0   0x00000014   Code   RO         4927    i.nrf_gpiote_event_clear  nrfx_gpiote.o
    0x000300d4   0x000300d4   0x00000010   Code   RO         4928    i.nrf_gpiote_event_is_set  nrfx_gpiote.o
    0x000300e4   0x000300e4   0x00000008   Code   RO         4379    i.nrf_hw_backend_init  nrf_hw_backend_init.o
    0x000300ec   0x000300ec   0x00000004   Code   RO         4380    i.nrf_hw_backend_uninit  nrf_hw_backend_init.o
    0x000300f0   0x000300f0   0x0000005c   Code   RO         7786    i.nrf_log_backend_add  nrf_log_frontend.o
    0x0003014c   0x0003014c   0x00000002   Code   RO         7623    i.nrf_log_backend_rtt_flush  nrf_log_backend_rtt.o
    0x0003014e   0x0003014e   0x00000004   Code   RO         7624    i.nrf_log_backend_rtt_init  nrf_log_backend_rtt.o
    0x00030152   0x00030152   0x00000002   Code   RO         7625    i.nrf_log_backend_rtt_panic_set  nrf_log_backend_rtt.o
    0x00030154   0x00030154   0x00000018   Code   RO         7626    i.nrf_log_backend_rtt_put  nrf_log_backend_rtt.o
    0x0003016c   0x0003016c   0x000000c8   Code   RO         7692    i.nrf_log_backend_serial_put  nrf_log_backend_serial.o
    0x00030234   0x00030234   0x00000030   Code   RO         7788    i.nrf_log_color_id_get  nrf_log_frontend.o
    0x00030264   0x00030264   0x0000001c   Code   RO         7744    i.nrf_log_default_backends_init  nrf_log_default_backends.o
    0x00030280   0x00030280   0x00000234   Code   RO         7789    i.nrf_log_frontend_dequeue  nrf_log_frontend.o
    0x000304b4   0x000304b4   0x00000008   Code   RO         7791    i.nrf_log_frontend_std_0  nrf_log_frontend.o
    0x000304bc   0x000304bc   0x0000000e   Code   RO         7792    i.nrf_log_frontend_std_1  nrf_log_frontend.o
    0x000304ca   0x000304ca   0x00000010   Code   RO         7793    i.nrf_log_frontend_std_2  nrf_log_frontend.o
    0x000304da   0x000304da   0x00000012   Code   RO         7794    i.nrf_log_frontend_std_3  nrf_log_frontend.o
    0x000304ec   0x000304ec   0x00000014   Code   RO         7795    i.nrf_log_frontend_std_4  nrf_log_frontend.o
    0x00030500   0x00030500   0x0000001c   Code   RO         7796    i.nrf_log_frontend_std_5  nrf_log_frontend.o
    0x0003051c   0x0003051c   0x000000ac   Code   RO         7966    i.nrf_log_hexdump_entry_process  nrf_log_str_formatter.o
    0x000305c8   0x000305c8   0x0000003c   Code   RO         7798    i.nrf_log_init      nrf_log_frontend.o
    0x00030604   0x00030604   0x00000014   Code   RO         7799    i.nrf_log_module_cnt_get  nrf_log_frontend.o
    0x00030618   0x00030618   0x0000001c   Code   RO         7802    i.nrf_log_module_name_get  nrf_log_frontend.o
    0x00030634   0x00030634   0x0000002c   Code   RO         7803    i.nrf_log_panic     nrf_log_frontend.o
    0x00030660   0x00030660   0x000000b6   Code   RO         7967    i.nrf_log_std_entry_process  nrf_log_str_formatter.o
    0x00030716   0x00030716   0x00000060   Code   RO         7203    i.nrf_memobj_alloc  nrf_memobj.o
    0x00030776   0x00030776   0x00000032   Code   RO         7204    i.nrf_memobj_free   nrf_memobj.o
    0x000307a8   0x000307a8   0x00000008   Code   RO         7205    i.nrf_memobj_get    nrf_memobj.o
    0x000307b0   0x000307b0   0x00000004   Code   RO         7206    i.nrf_memobj_pool_init  nrf_memobj.o
    0x000307b4   0x000307b4   0x0000001e   Code   RO         7207    i.nrf_memobj_put    nrf_memobj.o
    0x000307d2   0x000307d2   0x00000010   Code   RO         7208    i.nrf_memobj_read   nrf_memobj.o
    0x000307e2   0x000307e2   0x00000010   Code   RO         7209    i.nrf_memobj_write  nrf_memobj.o
    0x000307f2   0x000307f2   0x00000002   PAD
    0x000307f4   0x000307f4   0x00000028   Code   RO         7281    i.nrf_pwr_mgmt_init  nrf_pwr_mgmt.o
    0x0003081c   0x0003081c   0x00000044   Code   RO         7282    i.nrf_pwr_mgmt_run  nrf_pwr_mgmt.o
    0x00030860   0x00030860   0x0000001e   Code   RO         7354    i.nrf_queue_is_full  nrf_queue.o
    0x0003087e   0x0003087e   0x0000000e   Code   RO         7357    i.nrf_queue_next_idx  nrf_queue.o
    0x0003088c   0x0003088c   0x000000b2   Code   RO         7359    i.nrf_queue_push    nrf_queue.o
    0x0003093e   0x0003093e   0x0000003e   Code   RO         7360    i.nrf_queue_read    nrf_queue.o
    0x0003097c   0x0003097c   0x00000022   Code   RO         7361    i.nrf_queue_reset   nrf_queue.o
    0x0003099e   0x0003099e   0x00000004   Code   RO           10    i.nrf_qwr_error_handler  main.o
    0x000309a2   0x000309a2   0x0000001c   Code   RO         7468    i.nrf_ringbuf_init  nrf_ringbuf.o
    0x000309be   0x000309be   0x00000002   PAD
    0x000309c0   0x000309c0   0x00000014   Code   RO         8494    i.nrf_sdh_ble_app_ram_start_get  nrf_sdh_ble.o
    0x000309d4   0x000309d4   0x00000138   Code   RO         8495    i.nrf_sdh_ble_default_cfg_set  nrf_sdh_ble.o
    0x00030b0c   0x00030b0c   0x00000130   Code   RO         8496    i.nrf_sdh_ble_enable  nrf_sdh_ble.o
    0x00030c3c   0x00030c3c   0x00000060   Code   RO         8497    i.nrf_sdh_ble_evts_poll  nrf_sdh_ble.o
    0x00030c9c   0x00030c9c   0x00000054   Code   RO         8375    i.nrf_sdh_disable_request  nrf_sdh.o
    0x00030cf0   0x00030cf0   0x00000074   Code   RO         8376    i.nrf_sdh_enable_request  nrf_sdh.o
    0x00030d64   0x00030d64   0x00000024   Code   RO         8377    i.nrf_sdh_evts_poll  nrf_sdh.o
    0x00030d88   0x00030d88   0x0000000c   Code   RO         8378    i.nrf_sdh_is_enabled  nrf_sdh.o
    0x00030d94   0x00030d94   0x0000001c   Code   RO         8380    i.nrf_sdh_request_continue  nrf_sdh.o
    0x00030db0   0x00030db0   0x0000003c   Code   RO         8548    i.nrf_sdh_soc_evts_poll  nrf_sdh_soc.o
    0x00030dec   0x00030dec   0x0000000a   Code   RO         7526    i.nrf_section_iter_init  nrf_section_iter.o
    0x00030df6   0x00030df6   0x00000024   Code   RO         7527    i.nrf_section_iter_item_set  nrf_section_iter.o
    0x00030e1a   0x00030e1a   0x00000020   Code   RO         7528    i.nrf_section_iter_next  nrf_section_iter.o
    0x00030e3a   0x00030e3a   0x00000002   PAD
    0x00030e3c   0x00030e3c   0x00000014   Code   RO         3900    i.nrf_stack_info_overflowed  nrf_crypto_rng.o
    0x00030e50   0x00030e50   0x00000038   Code   RO         7561    i.nrf_strerror_find  nrf_strerror.o
    0x00030e88   0x00030e88   0x00000014   Code   RO         7562    i.nrf_strerror_get  nrf_strerror.o
    0x00030e9c   0x00030e9c   0x00000030   Code   RO         4789    i.nrfx_clock_enable  nrfx_clock.o
    0x00030ecc   0x00030ecc   0x00000020   Code   RO         4792    i.nrfx_clock_init   nrfx_clock.o
    0x00030eec   0x00030eec   0x0000001c   Code   RO         4795    i.nrfx_clock_lfclk_stop  nrfx_clock.o
    0x00030f08   0x00030f08   0x00000010   Code   RO         5913    i.nrfx_coredep_delay_us  app_timer.o
    0x00030f18   0x00030f18   0x00000038   Code   RO         4658    i.nrfx_rng_handler  nrf_drv_rng.o
    0x00030f50   0x00030f50   0x0000005c   Code   RO         5274    i.nrfx_rng_init     nrfx_rng.o
    0x00030fac   0x00030fac   0x00000020   Code   RO         5275    i.nrfx_rng_start    nrfx_rng.o
    0x00030fcc   0x00030fcc   0x00000014   Code   RO         5276    i.nrfx_rng_stop     nrfx_rng.o
    0x00030fe0   0x00030fe0   0x00000028   Code   RO         5277    i.nrfx_rng_uninit   nrfx_rng.o
    0x00031008   0x00031008   0x00000004   Code   RO         4069    i.oberon_vector_generate  oberon_backend_ecc.o
    0x0003100c   0x0003100c   0x00000044   Code   RO           11    i.on_adv_evt        main.o
    0x00031050   0x00031050   0x0000001c   Code   RO           12    i.on_conn_params_evt  main.o
    0x0003106c   0x0003106c   0x000000a8   Code   RO         1760    i.on_connected_evt  nrf_ble_gatt.o
    0x00031114   0x00031114   0x000000fc   Code   RO         1859    i.on_dhkey_request  nrf_ble_lesc.o
    0x00031210   0x00031210   0x000000ac   Code   RO         1761    i.on_exchange_mtu_request_evt  nrf_ble_gatt.o
    0x000312bc   0x000312bc   0x00000034   Code   RO           13    i.on_hr_evt         main.o
    0x000312f0   0x000312f0   0x00000034   Code   RO           14    i.on_ppg_evt        main.o
    0x00031324   0x00031324   0x00000024   Code   RO         6196    i.page_identify     fds.o
    0x00031348   0x00031348   0x0000001c   Code   RO         6197    i.page_offsets_update  fds.o
    0x00031364   0x00031364   0x0000006c   Code   RO         6198    i.page_scan         fds.o
    0x000313d0   0x000313d0   0x0000001c   Code   RO         6199    i.page_tag_write_data  fds.o
    0x000313ec   0x000313ec   0x00000024   Code   RO         6200    i.page_tag_write_swap  fds.o
    0x00031410   0x00031410   0x0000011c   Code   RO         6201    i.pages_init        fds.o
    0x0003152c   0x0003152c   0x0000000c   Code   RO         2999    i.pairing           security_dispatcher.o
    0x00031538   0x00031538   0x00000074   Code   RO         3000    i.pairing_failure   security_dispatcher.o
    0x000315ac   0x000315ac   0x0000002e   Code   RO         3001    i.pairing_success_evt_send  security_dispatcher.o
    0x000315da   0x000315da   0x00000006   Code   RO         3140    i.params_reply_pending_handle  security_manager.o
    0x000315e0   0x000315e0   0x00000028   Code   RO         3141    i.params_req_send   security_manager.o
    0x00031608   0x00031608   0x0000001c   Code   RO         2348    i.pdb_evt_send      peer_database.o
    0x00031624   0x00031624   0x00000090   Code   RO         2349    i.pdb_init          peer_database.o
    0x000316b4   0x000316b4   0x0000007c   Code   RO         2350    i.pdb_pds_evt_handler  peer_database.o
    0x00031730   0x00031730   0x00000006   Code   RO         2351    i.pdb_peer_data_ptr_get  peer_database.o
    0x00031736   0x00031736   0x00000002   PAD
    0x00031738   0x00031738   0x0000008c   Code   RO         2352    i.pdb_peer_free     peer_database.o
    0x000317c4   0x000317c4   0x000000dc   Code   RO         2353    i.pdb_write_buf_get  peer_database.o
    0x000318a0   0x000318a0   0x00000014   Code   RO         2354    i.pdb_write_buf_release  peer_database.o
    0x000318b4   0x000318b4   0x00000036   Code   RO         2355    i.pdb_write_buf_store  peer_database.o
    0x000318ea   0x000318ea   0x00000002   PAD
    0x000318ec   0x000318ec   0x00000010   Code   RO         2210    i.pds_evt_send      peer_data_storage.o
    0x000318fc   0x000318fc   0x000000dc   Code   RO         2211    i.pds_init          peer_data_storage.o
    0x000319d8   0x000319d8   0x00000004   Code   RO         2212    i.pds_next_deleted_peer_id_get  peer_data_storage.o
    0x000319dc   0x000319dc   0x00000004   Code   RO         2213    i.pds_next_peer_id_get  peer_data_storage.o
    0x000319e0   0x000319e0   0x00000058   Code   RO         2216    i.pds_peer_data_iterate  peer_data_storage.o
    0x00031a38   0x00031a38   0x00000010   Code   RO         2217    i.pds_peer_data_iterate_prepare  peer_data_storage.o
    0x00031a48   0x00031a48   0x00000072   Code   RO         2218    i.pds_peer_data_read  peer_data_storage.o
    0x00031aba   0x00031aba   0x00000002   PAD
    0x00031abc   0x00031abc   0x000000a0   Code   RO         2219    i.pds_peer_data_store  peer_data_storage.o
    0x00031b5c   0x00031b5c   0x00000008   Code   RO         2220    i.pds_peer_id_allocate  peer_data_storage.o
    0x00031b64   0x00031b64   0x00000016   Code   RO         2221    i.pds_peer_id_free  peer_data_storage.o
    0x00031b7a   0x00031b7a   0x00000004   Code   RO         2222    i.pds_peer_id_is_allocated  peer_data_storage.o
    0x00031b7e   0x00031b7e   0x00000002   PAD
    0x00031b80   0x00031b80   0x0000009c   Code   RO         2224    i.peer_data_delete_process  peer_data_storage.o
    0x00031c1c   0x00031c1c   0x00000030   Code   RO         2225    i.peer_data_find    peer_data_storage.o
    0x00031c4c   0x00031c4c   0x00000024   Code   RO         2226    i.peer_data_id_is_valid  peer_data_storage.o
    0x00031c70   0x00031c70   0x0000001a   Code   RO         2356    i.peer_data_point_to_buffer  peer_database.o
    0x00031c8a   0x00031c8a   0x00000002   PAD
    0x00031c8c   0x00031c8c   0x0000000c   Code   RO         2469    i.peer_id_allocate  peer_id.o
    0x00031c98   0x00031c98   0x00000024   Code   RO         2470    i.peer_id_delete    peer_id.o
    0x00031cbc   0x00031cbc   0x0000001c   Code   RO         2471    i.peer_id_free      peer_id.o
    0x00031cd8   0x00031cd8   0x0000000c   Code   RO         2472    i.peer_id_get_next_deleted  peer_id.o
    0x00031ce4   0x00031ce4   0x00000030   Code   RO         2473    i.peer_id_get_next_used  peer_id.o
    0x00031d14   0x00031d14   0x0000000c   Code   RO         2474    i.peer_id_init      peer_id.o
    0x00031d20   0x00031d20   0x00000014   Code   RO         2475    i.peer_id_is_allocated  peer_id.o
    0x00031d34   0x00031d34   0x00000014   Code   RO         2476    i.peer_id_is_deleted  peer_id.o
    0x00031d48   0x00031d48   0x0000006c   Code   RO           15    i.peer_manager_init  main.o
    0x00031db4   0x00031db4   0x00000012   Code   RO          970    i.phy_is_valid      ble_advertising.o
    0x00031dc6   0x00031dc6   0x00000064   Code   RO         2946    i.pm_buffer_block_acquire  pm_buffer.o
    0x00031e2a   0x00031e2a   0x00000024   Code   RO         2947    i.pm_buffer_init    pm_buffer.o
    0x00031e4e   0x00031e4e   0x00000028   Code   RO         2948    i.pm_buffer_ptr_get  pm_buffer.o
    0x00031e76   0x00031e76   0x00000032   Code   RO         2949    i.pm_buffer_release  pm_buffer.o
    0x00031ea8   0x00031ea8   0x00000078   Code   RO         2563    i.pm_conn_sec_status_get  peer_manager.o
    0x00031f20   0x00031f20   0x0000001c   Code   RO         2564    i.pm_conn_secure    peer_manager.o
    0x00031f3c   0x00031f3c   0x00000020   Code   RO           16    i.pm_evt_handler    main.o
    0x00031f5c   0x00031f5c   0x00000004   Code   RO         2566    i.pm_gcm_evt_handler  peer_manager.o
    0x00031f60   0x00031f60   0x00000210   Code   RO         2854    i.pm_handler_flash_clean  peer_manager_handler.o
    0x00032170   0x00032170   0x0000001c   Code   RO         2855    i.pm_handler_flash_clean_on_return  peer_manager_handler.o
    0x0003218c   0x0003218c   0x00000054   Code   RO         2856    i.pm_handler_on_pm_evt  peer_manager_handler.o
    0x000321e0   0x000321e0   0x000002dc   Code   RO         2857    i.pm_handler_pm_evt_log  peer_manager_handler.o
    0x000324bc   0x000324bc   0x00000004   Code   RO         2569    i.pm_im_evt_handler  peer_manager.o
    0x000324c0   0x000324c0   0x000001bc   Code   RO         2570    i.pm_init           peer_manager.o
    0x0003267c   0x0003267c   0x00000120   Code   RO         2574    i.pm_pdb_evt_handler  peer_manager.o
    0x0003279c   0x0003279c   0x00000014   Code   RO         2585    i.pm_peer_delete    peer_manager.o
    0x000327b0   0x000327b0   0x0000011c   Code   RO         2589    i.pm_peer_rank_highest  peer_manager.o
    0x000328cc   0x000328cc   0x000000ec   Code   RO         2590    i.pm_peer_ranks_get  peer_manager.o
    0x000329b8   0x000329b8   0x00000094   Code   RO         2591    i.pm_peers_delete   peer_manager.o
    0x00032a4c   0x00032a4c   0x0000002c   Code   RO         2594    i.pm_register       peer_manager.o
    0x00032a78   0x00032a78   0x00000014   Code   RO         2595    i.pm_sec_params_set  peer_manager.o
    0x00032a8c   0x00032a8c   0x0000000a   Code   RO         2596    i.pm_sm_evt_handler  peer_manager.o
    0x00032a96   0x00032a96   0x00000002   PAD
    0x00032a98   0x00032a98   0x0000003c   Code   RO         7969    i.postfix_process   nrf_log_str_formatter.o
    0x00032ad4   0x00032ad4   0x00000028   Code   RO           17    i.ppg_notification_timeout_handler  main.o
    0x00032afc   0x00032afc   0x000000c0   Code   RO         3289    i.ppg_value_char_add  ble_ppg.o
    0x00032bbc   0x00032bbc   0x00000098   Code   RO         7970    i.prefix_process    nrf_log_str_formatter.o
    0x00032c54   0x00032c54   0x0000001c   Code   RO         6202    i.queue_buf_get     fds.o
    0x00032c70   0x00032c70   0x00000010   Code   RO         6203    i.queue_buf_store   fds.o
    0x00032c80   0x00032c80   0x00000014   Code   RO         7097    i.queue_free        nrf_fstorage_sd.o
    0x00032c94   0x00032c94   0x000000a0   Code   RO         6204    i.queue_process     fds.o
    0x00032d34   0x00032d34   0x000000a0   Code   RO         7098    i.queue_process     nrf_fstorage_sd.o
    0x00032dd4   0x00032dd4   0x00000066   Code   RO         7364    i.queue_read        nrf_queue.o
    0x00032e3a   0x00032e3a   0x00000002   PAD
    0x00032e3c   0x00032e3c   0x0000001c   Code   RO         6205    i.queue_start       fds.o
    0x00032e58   0x00032e58   0x00000024   Code   RO         7099    i.queue_start       nrf_fstorage_sd.o
    0x00032e7c   0x00032e7c   0x00000018   Code   RO         7365    i.queue_utilization_get  nrf_queue.o
    0x00032e94   0x00032e94   0x0000001c   Code   RO         2860    i.rank_highest      peer_manager_handler.o
    0x00032eb0   0x00032eb0   0x00000028   Code   RO         2599    i.rank_vars_update  peer_manager.o
    0x00032ed8   0x00032ed8   0x0000000e   Code   RO         7100    i.read              nrf_fstorage_sd.o
    0x00032ee6   0x00032ee6   0x00000002   PAD
    0x00032ee8   0x00032ee8   0x000000b0   Code   RO         2357    i.reattempt_previous_operations  peer_database.o
    0x00032f98   0x00032f98   0x00000088   Code   RO         6206    i.record_find       fds.o
    0x00033020   0x00033020   0x000000a0   Code   RO         6207    i.record_find_by_desc  fds.o
    0x000330c0   0x000330c0   0x0000005c   Code   RO         6208    i.record_find_next  fds.o
    0x0003311c   0x0003311c   0x00000038   Code   RO         6209    i.record_header_flag_dirty  fds.o
    0x00033154   0x00033154   0x00000010   Code   RO         2478    i.release           peer_id.o
    0x00033164   0x00033164   0x00000022   Code   RO         4433    i.result_get        nrf_hw_backend_rng_mbedtls.o
    0x00033186   0x00033186   0x00000004   Code   RO         7101    i.rmap              nrf_fstorage_sd.o
    0x0003318a   0x0003318a   0x00000002   PAD
    0x0003318c   0x0003318c   0x0000003c   Code   RO         5914    i.rtc1_stop         app_timer.o
    0x000331c8   0x000331c8   0x00000024   Code   RO         1361    i.sc_send_pending_handle  gatt_cache_manager.o
    0x000331ec   0x000331ec   0x00000050   Code   RO         4522    i.sd_state_evt_handler  nrf_drv_clock.o
    0x0003323c   0x0003323c   0x00000050   Code   RO         4659    i.sd_state_evt_handler  nrf_drv_rng.o
    0x0003328c   0x0003328c   0x00000030   Code   RO         8383    i.sdh_request_observer_notify  nrf_sdh.o
    0x000332bc   0x000332bc   0x0000002c   Code   RO         8384    i.sdh_state_observer_notify  nrf_sdh.o
    0x000332e8   0x000332e8   0x000000b4   Code   RO         3002    i.sec_info_request_process  security_dispatcher.o
    0x0003339c   0x0003339c   0x000000f4   Code   RO         3003    i.sec_keyset_fill   security_dispatcher.o
    0x00033490   0x00033490   0x00000076   Code   RO         3142    i.sec_params_verify  security_manager.o
    0x00033506   0x00033506   0x00000002   PAD
    0x00033508   0x00033508   0x00000060   Code   RO         3004    i.sec_proc_start    security_dispatcher.o
    0x00033568   0x00033568   0x00000022   Code   RO         3005    i.send_config_req   security_dispatcher.o
    0x0003358a   0x0003358a   0x00000002   PAD
    0x0003358c   0x0003358c   0x00000010   Code   RO         1059    i.send_error_evt    ble_conn_params.o
    0x0003359c   0x0003359c   0x00000028   Code   RO         1362    i.send_unexpected_error  gatt_cache_manager.o
    0x000335c4   0x000335c4   0x00000028   Code   RO         3006    i.send_unexpected_error  security_dispatcher.o
    0x000335ec   0x000335ec   0x00000050   Code   RO         7627    i.serial_tx         nrf_log_backend_rtt.o
    0x0003363c   0x0003363c   0x00000014   Code   RO         1363    i.service_changed_pending_flags_check  gatt_cache_manager.o
    0x00033650   0x00033650   0x00000044   Code   RO         1509    i.service_changed_pending_set  gatts_cache_manager.o
    0x00033694   0x00033694   0x000000f4   Code   RO         1364    i.service_changed_send_in_evt  gatt_cache_manager.o
    0x00033788   0x00033788   0x00000088   Code   RO          863    i.service_data_encode  ble_advdata.o
    0x00033810   0x00033810   0x00000084   Code   RO           18    i.services_init     main.o
    0x00033894   0x00033894   0x00000034   Code   RO         3143    i.sm_ble_evt_handler  security_manager.o
    0x000338c8   0x000338c8   0x00000060   Code   RO         3145    i.sm_init           security_manager.o
    0x00033928   0x00033928   0x0000000a   Code   RO         3147    i.sm_link_secure    security_manager.o
    0x00033932   0x00033932   0x00000002   PAD
    0x00033934   0x00033934   0x00000044   Code   RO         3148    i.sm_pdb_evt_handler  security_manager.o
    0x00033978   0x00033978   0x00000034   Code   RO         3150    i.sm_sec_params_set  security_manager.o
    0x000339ac   0x000339ac   0x00000060   Code   RO         3151    i.sm_smd_evt_handler  security_manager.o
    0x00033a0c   0x00033a0c   0x00000104   Code   RO         3007    i.smd_ble_evt_handler  security_dispatcher.o
    0x00033b10   0x00033b10   0x00000070   Code   RO         3009    i.smd_init          security_dispatcher.o
    0x00033b80   0x00033b80   0x00000028   Code   RO         3010    i.smd_link_secure   security_dispatcher.o
    0x00033ba8   0x00033ba8   0x000000bc   Code   RO         3011    i.smd_params_reply  security_dispatcher.o
    0x00033c64   0x00033c64   0x0000003c   Code   RO         3152    i.smd_params_reply_perform  security_manager.o
    0x00033ca0   0x00033ca0   0x00000018   Code   RO         4523    i.soc_evt_handler   nrf_drv_clock.o
    0x00033cb8   0x00033cb8   0x00000038   Code   RO         8385    i.softdevice_evt_irq_disable  nrf_sdh.o
    0x00033cf0   0x00033cf0   0x00000058   Code   RO         8386    i.softdevices_evt_irq_enable  nrf_sdh.o
    0x00033d48   0x00033d48   0x0000008c   Code   RO         7805    i.std_n             nrf_log_frontend.o
    0x00033dd4   0x00033dd4   0x00000058   Code   RO         1365    i.store_car_value   gatt_cache_manager.o
    0x00033e2c   0x00033e2c   0x00000080   Code   RO         5915    i.timer_list_handler  app_timer.o
    0x00033eac   0x00033eac   0x0000003c   Code   RO         5916    i.timer_list_insert  app_timer.o
    0x00033ee8   0x00033ee8   0x00000060   Code   RO         5917    i.timer_list_remove  app_timer.o
    0x00033f48   0x00033f48   0x00000048   Code   RO         5918    i.timer_stop_op_schedule  app_timer.o
    0x00033f90   0x00033f90   0x00000074   Code   RO         5919    i.timer_timeouts_check  app_timer.o
    0x00034004   0x00034004   0x0000000a   Code   RO          864    i.uint16_encode     ble_advdata.o
    0x0003400e   0x0003400e   0x00000002   PAD
    0x00034010   0x00034010   0x00000020   Code   RO         7102    i.uninit            nrf_fstorage_sd.o
    0x00034030   0x00034030   0x000000b4   Code   RO         6966    i.unsigned_print    nrf_fprintf_format.o
    0x000340e4   0x000340e4   0x00000030   Code   RO         1366    i.update_pending_flags_check  gatt_cache_manager.o
    0x00034114   0x00034114   0x00000068   Code   RO         1060    i.update_timeout_handler  ble_conn_params.o
    0x0003417c   0x0003417c   0x00000018   Code   RO          971    i.use_whitelist     ble_advertising.o
    0x00034194   0x00034194   0x0000000c   Code   RO         1145    i.user_flag_is_acquired  ble_conn_state.o
    0x000341a0   0x000341a0   0x00000024   Code   RO         2170    i.user_mem_reply    nrf_ble_qwr.o
    0x000341c4   0x000341c4   0x00000030   Code   RO         5920    i.user_op_alloc     app_timer.o
    0x000341f4   0x000341f4   0x0000006c   Code   RO          865    i.uuid_list_encode  ble_advdata.o
    0x00034260   0x00034260   0x0000009e   Code   RO          866    i.uuid_list_sized_encode  ble_advdata.o
    0x000342fe   0x000342fe   0x00000004   Code   RO         7103    i.wmap              nrf_fstorage_sd.o
    0x00034302   0x00034302   0x00000002   PAD
    0x00034304   0x00034304   0x00000050   Code   RO         7104    i.write             nrf_fstorage_sd.o
    0x00034354   0x00034354   0x0000014c   Code   RO         2358    i.write_buf_store   peer_database.o
    0x000344a0   0x000344a0   0x00000034   Code   RO         2359    i.write_buffer_record_find  peer_database.o
    0x000344d4   0x000344d4   0x00000030   Code   RO         2360    i.write_buffer_record_find_next  peer_database.o
    0x00034504   0x00034504   0x0000001c   Code   RO         2361    i.write_buffer_record_invalidate  peer_database.o
    0x00034520   0x00034520   0x0000002c   Code   RO         2362    i.write_buffer_record_release  peer_database.o
    0x0003454c   0x0003454c   0x000000e8   Code   RO         6211    i.write_enqueue     fds.o
    0x00034634   0x00034634   0x000000f4   Code   RO         6212    i.write_execute     fds.o
    0x00034728   0x00034728   0x00000018   Code   RO         6213    i.write_space_free  fds.o
    0x00034740   0x00034740   0x0000005c   Code   RO         6214    i.write_space_reserve  fds.o
    0x0003479c   0x0003479c   0x00000008   Data   RO           22    .constdata          main.o
    0x000347a4   0x000347a4   0x00000008   Data   RO          442    .constdata          boards.o
    0x000347ac   0x000347ac   0x0000002c   Data   RO          580    .constdata          bsp.o
    0x000347d8   0x000347d8   0x00000004   Data   RO          788    .constdata          auth_status_tracker.o
    0x000347dc   0x000347dc   0x00000074   Data   RO         1367    .constdata          gatt_cache_manager.o
    0x00034850   0x00034850   0x00000004   Data   RO         1510    .constdata          gatts_cache_manager.o
    0x00034854   0x00034854   0x00000010   Data   RO         1511    .constdata          gatts_cache_manager.o
    0x00034864   0x00034864   0x00000004   Data   RO         1512    .constdata          gatts_cache_manager.o
    0x00034868   0x00034868   0x00000008   Data   RO         1609    .constdata          id_manager.o
    0x00034870   0x00034870   0x00000016   Data   RO         1762    .constdata          nrf_ble_gatt.o
    0x00034886   0x00034886   0x00000002   PAD
    0x00034888   0x00034888   0x0000001c   Data   RO         2227    .constdata          peer_data_storage.o
    0x000348a4   0x000348a4   0x00000010   Data   RO         2364    .constdata          peer_database.o
    0x000348b4   0x000348b4   0x0000002c   Data   RO         2601    .constdata          peer_manager.o
    0x000348e0   0x000348e0   0x00000018   Data   RO         2861    .constdata          peer_manager_handler.o
    0x000348f8   0x000348f8   0x0000008c   Data   RO         3013    .constdata          security_dispatcher.o
    0x00034984   0x00034984   0x00000004   Data   RO         3153    .constdata          security_manager.o
    0x00034988   0x00034988   0x00000010   Data   RO         3290    .constdata          ble_ppg.o
    0x00034998   0x00034998   0x00000010   Data   RO         3332    .constdata          ble_hr.o
    0x000349a8   0x000349a8   0x0000006c   Data   RO         3476    .constdata          nrf_crypto_ecc.o
    0x00034a14   0x00034a14   0x0000000c   Data   RO         3564    .constdata          nrf_crypto_ecdh.o
    0x00034a20   0x00034a20   0x0000000c   Data   RO         4070    .constdata          oberon_backend_ecc.o
    0x00034a2c   0x00034a2c   0x00000040   Data   RO         4073    .constdata          oberon_backend_ecc.o
    0x00034a6c   0x00034a6c   0x00000002   Data   RO         4662    .constdata          nrf_drv_rng.o
    0x00034a6e   0x00034a6e   0x00000002   PAD
    0x00034a70   0x00034a70   0x00000004   Data   RO         4957    .constdata          nrfx_gpiote.o
    0x00034a74   0x00034a74   0x0000000c   PAD
    0x00034a80   0x00034a80   0x00000006   Data   RO         5922    .constdata          app_timer.o
    0x00034a86   0x00034a86   0x00000002   PAD
    0x00034a88   0x00034a88   0x00000018   Data   RO         6217    .constdata          fds.o
    0x00034aa0   0x00034aa0   0x00000010   Data   RO         6967    .constdata          nrf_fprintf_format.o
    0x00034ab0   0x00034ab0   0x0000005e   Data   RO         7013    .constdata          nrf_fstorage.o
    0x00034b0e   0x00034b0e   0x00000002   PAD
    0x00034b10   0x00034b10   0x00000010   Data   RO         7107    .constdata          nrf_fstorage_sd.o
    0x00034b20   0x00034b20   0x00000020   Data   RO         7108    .constdata          nrf_fstorage_sd.o
    0x00034b40   0x00034b40   0x00000018   Data   RO         7286    .constdata          nrf_pwr_mgmt.o
    0x00034b58   0x00034b58   0x0000000c   Data   RO         7287    .constdata          nrf_pwr_mgmt.o
    0x00034b64   0x00034b64   0x0000013c   Data   RO         7563    .constdata          nrf_strerror.o
    0x00034ca0   0x00034ca0   0x0000000c   Data   RO         7629    .constdata          nrf_log_backend_rtt.o
    0x00034cac   0x00034cac   0x00000004   PAD
    0x00034cb0   0x00034cb0   0x00000006   Data   RO         7630    .constdata          nrf_log_backend_rtt.o
    0x00034cb6   0x00034cb6   0x00000002   PAD
    0x00034cb8   0x00034cb8   0x0000000c   Data   RO         7810    .constdata          nrf_log_frontend.o
    0x00034cc4   0x00034cc4   0x00000010   Data   RO         8387    .constdata          nrf_sdh.o
    0x00034cd4   0x00034cd4   0x00000028   Data   RO         8388    .constdata          nrf_sdh.o
    0x00034cfc   0x00034cfc   0x00000010   Data   RO         8389    .constdata          nrf_sdh.o
    0x00034d0c   0x00034d0c   0x00000010   Data   RO         8390    .constdata          nrf_sdh.o
    0x00034d1c   0x00034d1c   0x00000020   Data   RO         8498    .constdata          nrf_sdh_ble.o
    0x00034d3c   0x00034d3c   0x00000010   Data   RO         8499    .constdata          nrf_sdh_ble.o
    0x00034d4c   0x00034d4c   0x00000010   Data   RO         8549    .constdata          nrf_sdh_soc.o
    0x00034d5c   0x00034d5c   0x0000000c   Data   RO         8550    .constdata          nrf_sdh_soc.o
    0x00034d68   0x00034d68   0x00002228   Data   RO         8591    .constdata          aes.o
    0x00036f90   0x00036f90   0x00000081   Data   RO         8995    .constdata          mc_w.l(ctype_o.o)
    0x00037011   0x00037011   0x00000003   PAD
    0x00037014   0x00037014   0x00000004   Data   RO         8996    .constdata          mc_w.l(ctype_o.o)
    0x00037018   0x00037018   0x00000056   Data   RO           23    .conststring        main.o
    0x0003706e   0x0003706e   0x00000002   PAD
    0x00037070   0x00037070   0x0000004e   Data   RO          789    .conststring        auth_status_tracker.o
    0x000370be   0x000370be   0x00000002   PAD
    0x000370c0   0x000370c0   0x000001a4   Data   RO         1368    .conststring        gatt_cache_manager.o
    0x00037264   0x00037264   0x00000144   Data   RO         1513    .conststring        gatts_cache_manager.o
    0x000373a8   0x000373a8   0x000000a2   Data   RO         1763    .conststring        nrf_ble_gatt.o
    0x0003744a   0x0003744a   0x00000002   PAD
    0x0003744c   0x0003744c   0x00000042   Data   RO         1861    .conststring        nrf_ble_lesc.o
    0x0003748e   0x0003748e   0x00000002   PAD
    0x00037490   0x00037490   0x000000e8   Data   RO         2228    .conststring        peer_data_storage.o
    0x00037578   0x00037578   0x00000180   Data   RO         2365    .conststring        peer_database.o
    0x000376f8   0x000376f8   0x00000090   Data   RO         2602    .conststring        peer_manager.o
    0x00037788   0x00037788   0x000002ca   Data   RO         2862    .conststring        peer_manager_handler.o
    0x00037a52   0x00037a52   0x00000002   PAD
    0x00037a54   0x00037a54   0x000001f2   Data   RO         3014    .conststring        security_dispatcher.o
    0x00037c46   0x00037c46   0x00000002   PAD
    0x00037c48   0x00037c48   0x0000017b   Data   RO         3154    .conststring        security_manager.o
    0x00037dc3   0x00037dc3   0x00000001   PAD
    0x00037dc4   0x00037dc4   0x0000004f   Data   RO         7014    .conststring        nrf_fstorage.o
    0x00037e13   0x00037e13   0x00000001   PAD
    0x00037e14   0x00037e14   0x000003eb   Data   RO         7564    .conststring        nrf_strerror.o
    0x000381ff   0x000381ff   0x00000001   PAD
    0x00038200   0x00038200   0x00000066   Data   RO         7971    .conststring        nrf_log_str_formatter.o
    0x00038266   0x00038266   0x00000002   PAD
    0x00038268   0x00038268   0x000001cf   Data   RO         8500    .conststring        nrf_sdh_ble.o
    0x00038437   0x00038437   0x00000001   PAD
    0x00038438   0x00038438   0x00000011   Data   RO          790    .conststrlit        auth_status_tracker.o
    0x00038449   0x00038449   0x00000003   PAD
    0x0003844c   0x0003844c   0x00000011   Data   RO         1369    .conststrlit        gatt_cache_manager.o
    0x0003845d   0x0003845d   0x00000003   PAD
    0x00038460   0x00038460   0x00000012   Data   RO         1514    .conststrlit        gatts_cache_manager.o
    0x00038472   0x00038472   0x00000002   PAD
    0x00038474   0x00038474   0x00000010   Data   RO         1611    .conststrlit        id_manager.o
    0x00038484   0x00038484   0x0000000d   Data   RO         1764    .conststrlit        nrf_ble_gatt.o
    0x00038491   0x00038491   0x00000003   PAD
    0x00038494   0x00038494   0x0000000d   Data   RO         1862    .conststrlit        nrf_ble_lesc.o
    0x000384a1   0x000384a1   0x00000003   PAD
    0x000384a4   0x000384a4   0x00000011   Data   RO         2229    .conststrlit        peer_data_storage.o
    0x000384b5   0x000384b5   0x00000003   PAD
    0x000384b8   0x000384b8   0x00000011   Data   RO         2366    .conststrlit        peer_database.o
    0x000384c9   0x000384c9   0x00000003   PAD
    0x000384cc   0x000384cc   0x0000000d   Data   RO         2603    .conststrlit        peer_manager.o
    0x000384d9   0x000384d9   0x00000003   PAD
    0x000384dc   0x000384dc   0x00000015   Data   RO         2864    .conststrlit        peer_manager_handler.o
    0x000384f1   0x000384f1   0x00000003   PAD
    0x000384f4   0x000384f4   0x00000011   Data   RO         3015    .conststrlit        security_dispatcher.o
    0x00038505   0x00038505   0x00000003   PAD
    0x00038508   0x00038508   0x00000010   Data   RO         3155    .conststrlit        security_manager.o
    0x00038518   0x00038518   0x00000006   Data   RO         4529    .conststrlit        nrf_drv_clock.o
    0x0003851e   0x0003851e   0x00000002   PAD
    0x00038520   0x00038520   0x00000004   Data   RO         4665    .conststrlit        nrf_drv_rng.o
    0x00038524   0x00038524   0x00000006   Data   RO         4799    .conststrlit        nrfx_clock.o
    0x0003852a   0x0003852a   0x00000002   PAD
    0x0003852c   0x0003852c   0x00000007   Data   RO         4961    .conststrlit        nrfx_gpiote.o
    0x00038533   0x00038533   0x00000001   PAD
    0x00038534   0x00038534   0x00000004   Data   RO         5224    .conststrlit        nrfx_prs.o
    0x00038538   0x00038538   0x00000004   Data   RO         5278    .conststrlit        nrfx_rng.o
    0x0003853c   0x0003853c   0x00000005   Data   RO         5370    .conststrlit        nrfx_uart.o
    0x00038541   0x00038541   0x00000003   PAD
    0x00038544   0x00038544   0x00000006   Data   RO         5553    .conststrlit        nrfx_uarte.o
    0x0003854a   0x0003854a   0x00000002   PAD
    0x0003854c   0x0003854c   0x00000009   Data   RO         6516    .conststrlit        mem_manager.o
    0x00038555   0x00038555   0x00000003   PAD
    0x00038558   0x00038558   0x0000000d   Data   RO         7015    .conststrlit        nrf_fstorage.o
    0x00038565   0x00038565   0x00000003   PAD
    0x00038568   0x00038568   0x00000009   Data   RO         7288    .conststrlit        nrf_pwr_mgmt.o
    0x00038571   0x00038571   0x00000003   PAD
    0x00038574   0x00038574   0x00000010   Data   RO         7745    .conststrlit        nrf_log_default_backends.o
    0x00038584   0x00038584   0x00000004   Data   RO         7811    .conststrlit        nrf_log_frontend.o
    0x00038588   0x00038588   0x00000008   Data   RO         8391    .conststrlit        nrf_sdh.o
    0x00038590   0x00038590   0x0000000c   Data   RO         8501    .conststrlit        nrf_sdh_ble.o
    0x0003859c   0x0003859c   0x0000000c   Data   RO         8551    .conststrlit        nrf_sdh_soc.o
    0x000385a8   0x000385a8   0x00000020   Data   RO         8833    .rodata.base        oberon_short_wchar_2.0.5.lib(occ_curve25519.c.obj)
    0x000385c8   0x000385c8   0x00000040   Data   RO         8937    .rodata.base_point  oberon_short_wchar_2.0.5.lib(occ_curve_p256.c.obj)
    0x00038608   0x00038608   0x00000280   Data   RO         8861    .rodata.const_table  oberon_short_wchar_2.0.5.lib(occ_sha512.c.obj)
    0x00038888   0x00038888   0x00000020   Data   RO         8938    .rodata.cq          oberon_short_wchar_2.0.5.lib(occ_curve_p256.c.obj)
    0x000388a8   0x000388a8   0x00000020   Data   RO         8913    .rodata.m           oberon_short_wchar_2.0.5.lib(occ_sc25519.c.obj)
    0x000388c8   0x000388c8   0x00000640   Data   RO         8882    .rodata.occ_ge25519_base_multiples  oberon_short_wchar_2.0.5.lib(occ_ge25519.c.obj)
    0x00038f08   0x00038f08   0x00000020   Data   RO         8883    .rodata.occ_ge25519_ec2d  oberon_short_wchar_2.0.5.lib(occ_ge25519.c.obj)
    0x00038f28   0x00038f28   0x00000020   Data   RO         8939    .rodata.param_a     oberon_short_wchar_2.0.5.lib(occ_curve_p256.c.obj)
    0x00038f48   0x00038f48   0x00000020   Data   RO         8940    .rodata.param_b     oberon_short_wchar_2.0.5.lib(occ_curve_p256.c.obj)
    0x00038f68   0x00038f68   0x00000020   Data   RO         8963    .rodata.q           oberon_short_wchar_2.0.5.lib(occ_sc_p256.c.obj)
    0x00038f88   0x00038f88   0x00000020   Data   RO         8941    .rodata.qp1         oberon_short_wchar_2.0.5.lib(occ_curve_p256.c.obj)
    0x00038fa8   0x00038fa8   0x00000020   Data   RO         9060    Region$$Table       anon$$obj.o
    0x00038fc8   0x00038fc8   0x00000008   Data   RO         4381    crypto_data         nrf_hw_backend_init.o
    0x00038fd0   0x00038fd0   0x00000010   Data   RO         7747    log_backends        nrf_log_default_backends.o
    0x00038fe0   0x00038fe0   0x00000008   Data   RO          792    log_const_data      auth_status_tracker.o
    0x00038fe8   0x00038fe8   0x00000008   Data   RO         1371    log_const_data      gatt_cache_manager.o
    0x00038ff0   0x00038ff0   0x00000008   Data   RO         1516    log_const_data      gatts_cache_manager.o
    0x00038ff8   0x00038ff8   0x00000008   Data   RO         1613    log_const_data      id_manager.o
    0x00039000   0x00039000   0x00000008   Data   RO         1765    log_const_data      nrf_ble_gatt.o
    0x00039008   0x00039008   0x00000008   Data   RO         1864    log_const_data      nrf_ble_lesc.o
    0x00039010   0x00039010   0x00000008   Data   RO         2231    log_const_data      peer_data_storage.o
    0x00039018   0x00039018   0x00000008   Data   RO         2368    log_const_data      peer_database.o
    0x00039020   0x00039020   0x00000008   Data   RO         2605    log_const_data      peer_manager.o
    0x00039028   0x00039028   0x00000008   Data   RO         2867    log_const_data      peer_manager_handler.o
    0x00039030   0x00039030   0x00000008   Data   RO         3017    log_const_data      security_dispatcher.o
    0x00039038   0x00039038   0x00000008   Data   RO         3157    log_const_data      security_manager.o
    0x00039040   0x00039040   0x00000008   Data   RO         4530    log_const_data      nrf_drv_clock.o
    0x00039048   0x00039048   0x00000008   Data   RO         4667    log_const_data      nrf_drv_rng.o
    0x00039050   0x00039050   0x00000008   Data   RO         4801    log_const_data      nrfx_clock.o
    0x00039058   0x00039058   0x00000008   Data   RO         4962    log_const_data      nrfx_gpiote.o
    0x00039060   0x00039060   0x00000008   Data   RO         5226    log_const_data      nrfx_prs.o
    0x00039068   0x00039068   0x00000008   Data   RO         5280    log_const_data      nrfx_rng.o
    0x00039070   0x00039070   0x00000008   Data   RO         5371    log_const_data      nrfx_uart.o
    0x00039078   0x00039078   0x00000008   Data   RO         5554    log_const_data      nrfx_uarte.o
    0x00039080   0x00039080   0x00000008   Data   RO         6518    log_const_data      mem_manager.o
    0x00039088   0x00039088   0x00000008   Data   RO         7016    log_const_data      nrf_fstorage.o
    0x00039090   0x00039090   0x00000008   Data   RO         7290    log_const_data      nrf_pwr_mgmt.o
    0x00039098   0x00039098   0x00000008   Data   RO         7814    log_const_data      nrf_log_frontend.o
    0x000390a0   0x000390a0   0x00000008   Data   RO         8393    log_const_data      nrf_sdh.o
    0x000390a8   0x000390a8   0x00000008   Data   RO         8503    log_const_data      nrf_sdh_ble.o
    0x000390b0   0x000390b0   0x00000008   Data   RO         8552    log_const_data      nrf_sdh_soc.o
    0x000390b8   0x000390b8   0x00000014   Data   RO         7815    nrf_balloc          nrf_log_frontend.o
    0x000390cc   0x000390cc   0x00000014   Data   RO         4668    nrf_queue           nrf_drv_rng.o
    0x000390e0   0x000390e0   0x00000008   Data   RO         1147    sdh_ble_observers0  ble_conn_state.o
    0x000390e8   0x000390e8   0x00000010   Data   RO           25    sdh_ble_observers1  main.o
    0x000390f8   0x000390f8   0x00000008   Data   RO          683    sdh_ble_observers1  bsp_btn_ble.o
    0x00039100   0x00039100   0x00000008   Data   RO         1063    sdh_ble_observers1  ble_conn_params.o
    0x00039108   0x00039108   0x00000008   Data   RO         2606    sdh_ble_observers1  peer_manager.o
    0x00039110   0x00039110   0x00000018   Data   RO           26    sdh_ble_observers2  main.o
    0x00039128   0x00039128   0x00000008   Data   RO           27    sdh_ble_observers3  main.o
    0x00039130   0x00039130   0x00000008   Data   RO         7110    sdh_req_observers0  nrf_fstorage_sd.o
    0x00039138   0x00039138   0x00000008   Data   RO         4531    sdh_soc_observers0  nrf_drv_clock.o
    0x00039140   0x00039140   0x00000008   Data   RO         7111    sdh_soc_observers0  nrf_fstorage_sd.o
    0x00039148   0x00039148   0x00000008   Data   RO           28    sdh_soc_observers1  main.o
    0x00039150   0x00039150   0x00000008   Data   RO         8504    sdh_stack_observers0  nrf_sdh_ble.o
    0x00039158   0x00039158   0x00000008   Data   RO         8553    sdh_stack_observers0  nrf_sdh_soc.o
    0x00039160   0x00039160   0x00000008   Data   RO         4532    sdh_state_observers0  nrf_drv_clock.o
    0x00039168   0x00039168   0x00000008   Data   RO         4669    sdh_state_observers0  nrf_drv_rng.o
    0x00039170   0x00039170   0x00000008   Data   RO         7112    sdh_state_observers0  nrf_fstorage_sd.o


    Execution Region RW_IRAM1 (Exec base: 0x20002ba8, Load base: 0x00039178, Size: 0x00003808, Max: 0x0000d458, ABSOLUTE, COMPRESSED[0x00000090])

    Exec Addr    Load Addr    Size         Type   Attr      Idx    E Section Name        Object

    0x20002ba8   COMPRESSED   0x0000000c   Data   RW           24    .data               main.o
    0x20002bb4   COMPRESSED   0x00000010   Data   RW          581    .data               bsp.o
    0x20002bc4   COMPRESSED   0x00000008   Data   RW          682    .data               bsp_btn_ble.o
    0x20002bcc   COMPRESSED   0x00000004   Data   RW          791    .data               auth_status_tracker.o
    0x20002bd0   COMPRESSED   0x00000008   Data   RW         1062    .data               ble_conn_params.o
    0x20002bd8   COMPRESSED   0x00000010   Data   RW         1370    .data               gatt_cache_manager.o
    0x20002be8   COMPRESSED   0x00000006   Data   RW         1515    .data               gatts_cache_manager.o
    0x20002bee   COMPRESSED   0x00000002   PAD
    0x20002bf0   COMPRESSED   0x0000000c   Data   RW         1863    .data               nrf_ble_lesc.o
    0x20002bfc   COMPRESSED   0x0000000c   Data   RW         2230    .data               peer_data_storage.o
    0x20002c08   COMPRESSED   0x00000008   Data   RW         2367    .data               peer_database.o
    0x20002c10   COMPRESSED   0x00000010   Data   RW         2604    .data               peer_manager.o
    0x20002c20   COMPRESSED   0x00000060   Data   RW         2865    .data               peer_manager_handler.o
    0x20002c80   COMPRESSED   0x00000005   Data   RW         3016    .data               security_dispatcher.o
    0x20002c85   COMPRESSED   0x00000003   PAD
    0x20002c88   COMPRESSED   0x00000011   Data   RW         3156    .data               security_manager.o
    0x20002c99   COMPRESSED   0x00000001   Data   RW         3849    .data               nrf_crypto_init.o
    0x20002c9a   COMPRESSED   0x00000002   PAD
    0x20002c9c   COMPRESSED   0x0000000c   Data   RW         3903    .data               nrf_crypto_rng.o
    0x20002ca8   COMPRESSED   0x00000003   Data   RW         4666    .data               nrf_drv_rng.o
    0x20002cab   COMPRESSED   0x00000001   PAD
    0x20002cac   COMPRESSED   0x00000008   Data   RW         4800    .data               nrfx_clock.o
    0x20002cb4   COMPRESSED   0x00000008   Data   RW         5225    .data               nrfx_prs.o
    0x20002cbc   COMPRESSED   0x00000008   Data   RW         5279    .data               nrfx_rng.o
    0x20002cc4   COMPRESSED   0x00000014   Data   RW         5923    .data               app_timer.o
    0x20002cd8   COMPRESSED   0x00000030   Data   RW         6218    .data               fds.o
    0x20002d08   COMPRESSED   0x00000008   Data   RW         7109    .data               nrf_fstorage_sd.o
    0x20002d10   COMPRESSED   0x00000008   Data   RW         7289    .data               nrf_pwr_mgmt.o
    0x20002d18   COMPRESSED   0x00000001   Data   RW         7631    .data               nrf_log_backend_rtt.o
    0x20002d19   COMPRESSED   0x00000003   PAD
    0x20002d1c   COMPRESSED   0x00000008   Data   RW         7746    .data               nrf_log_default_backends.o
    0x20002d24   COMPRESSED   0x00000008   Data   RW         7812    .data               nrf_log_frontend.o
    0x20002d2c   COMPRESSED   0x00000008   Data   RW         7813    .data               nrf_log_frontend.o
    0x20002d34   COMPRESSED   0x00000040   Data   RW         7972    .data               nrf_log_str_formatter.o
    0x20002d74   COMPRESSED   0x00000003   Data   RW         8392    .data               nrf_sdh.o
    0x20002d77   COMPRESSED   0x00000001   Data   RW         8502    .data               nrf_sdh_ble.o
    0x20002d78   COMPRESSED   0x00000004   Data   RW         8758    .data               system_nrf52.o
    0x20002d7c   COMPRESSED   0x00000020   Data   RW         8936    .data.inv_a         oberon_short_wchar_2.0.5.lib(occ_curve_p256.c.obj)
    0x20002d9c   COMPRESSED   0x00000014   Data   RW         6219    fs_data             fds.o
    0x20002db0        -       0x00000020   Zero   RW           19    .bss                main.o
    0x20002dd0        -       0x00000020   Zero   RW           20    .bss                main.o
    0x20002df0        -       0x000002a0   Zero   RW           21    .bss                main.o
    0x20003090        -       0x00000020   Zero   RW          576    .bss                bsp.o
    0x200030b0        -       0x00000020   Zero   RW          577    .bss                bsp.o
    0x200030d0        -       0x0000000c   Zero   RW          578    .bss                bsp.o
    0x200030dc        -       0x00000020   Zero   RW          579    .bss                bsp.o
    0x200030fc        -       0x00000020   Zero   RW          786    .bss                auth_status_tracker.o
    0x2000311c        -       0x000000a0   Zero   RW          787    .bss                auth_status_tracker.o
    0x200031bc        -       0x00000050   Zero   RW         1061    .bss                ble_conn_params.o
    0x2000320c        -       0x00000078   Zero   RW         1146    .bss                ble_conn_state.o
    0x20003284        -       0x000000d8   Zero   RW         1608    .bss                id_manager.o
    0x2000335c        -       0x0000013c   Zero   RW         1860    .bss                nrf_ble_lesc.o
    0x20003498        -       0x00000180   Zero   RW         2363    .bss                peer_database.o
    0x20003618        -       0x00000040   Zero   RW         2479    .bss                peer_id.o
    0x20003658        -       0x0000000c   Zero   RW         2600    .bss                peer_manager.o
    0x20003664        -       0x00000040   Zero   RW         3012    .bss                security_dispatcher.o
    0x200036a4        -       0x00000144   Zero   RW         3901    .bss                nrf_crypto_rng.o
    0x200037e8        -       0x00000014   Zero   RW         4524    .bss                nrf_drv_clock.o
    0x200037fc        -       0x00000041   Zero   RW         4660    .bss                nrf_drv_rng.o
    0x2000383d   COMPRESSED   0x00000003   PAD
    0x20003840        -       0x0000000c   Zero   RW         4661    .bss                nrf_drv_rng.o
    0x2000384c        -       0x0000005c   Zero   RW         4956    .bss                nrfx_gpiote.o
    0x200038a8        -       0x0000010c   Zero   RW         5921    .bss                app_timer.o
    0x200039b4        -       0x0000000c   Zero   RW         6074    .bss                app_util_platform.o
    0x200039c0        -       0x00000010   Zero   RW         6215    .bss                fds.o
    0x200039d0        -       0x000000e0   Zero   RW         6216    .bss                fds.o
    0x20003ab0        -       0x00000010   Zero   RW         7105    .bss                nrf_fstorage_sd.o
    0x20003ac0        -       0x000000a0   Zero   RW         7106    .bss                nrf_fstorage_sd.o
    0x20003b60        -       0x0000000c   Zero   RW         7285    .bss                nrf_pwr_mgmt.o
    0x20003b6c        -       0x00000040   Zero   RW         7628    .bss                nrf_log_backend_rtt.o
    0x20003bac        -       0x000000c0   Zero   RW         7806    .bss                nrf_log_frontend.o
    0x20003c6c        -       0x00000080   Zero   RW         7807    .bss                nrf_log_frontend.o
    0x20003cec        -       0x00000018   Zero   RW         7808    .bss                nrf_log_frontend.o
    0x20003d04        -       0x00000424   Zero   RW         7809    .bss                nrf_log_frontend.o
    0x20004128        -       0x00000288   Zero   RW         8048    .bss                segger_rtt.o
    0x200043b0        -       0x00002000   Zero   RW         8746    STACK               arm_startup_nrf52.o


==============================================================================

Image component sizes


      Code (inc. data)   RO Data    RW Data    ZI Data      Debug   Object Name

      2404         30       8744          0          0      17463   aes.o
        22          0          0          0          0       2397   app_error.o
       132         46          0          0          0      27361   app_error_weak.o
         0          0          0          0          0      36662   app_scheduler.o
      1530        124          6         20        268      49040   app_timer.o
       124         14          0          0         12       9462   app_util_platform.o
        36          8        512          0       8192        888   arm_startup_nrf52.o
       840        210        107          4        192       6727   auth_status_tracker.o
      1384         34          0          0          0      52556   ble_advdata.o
      1036          6          0          0          0       9884   ble_advertising.o
       636         44          8          8         80       8999   ble_conn_params.o
       718         56          8          0        120      13707   ble_conn_state.o
       532         26         16          0          0       4655   ble_hr.o
       532         26         16          0          0       4683   ble_ppg.o
         8          0          0          0          0       1410   ble_srv_common.o
       194         26          8          0          0      41307   boards.o
       740         60         44         16        108      10301   bsp.o
       166          6          8          8          0       3120   bsp_btn_ble.o
       830          0          0          0          0      10699   ctr_drbg.o
      3426        314         24         68        240      48523   fds.o
      1848        544        561         16          0      24035   gatt_cache_manager.o
       578         70        374          6          0       8755   gatts_cache_manager.o
       946         34         32          0        216      14592   id_manager.o
      1432        304        150         12        736     194990   main.o
         0          0         17          0          0       5425   mem_manager.o
       342          0          0          0          0       6482   nrf_atfifo.o
       170          0          0          0          0       4604   nrf_atflags.o
       332          0          0          0          0       9746   nrf_atomic.o
       164          0          0          0          0       3532   nrf_balloc.o
       926        272        205          0          0      36103   nrf_ble_gatt.o
      1144        544         87         12        316      41883   nrf_ble_lesc.o
       276          0          0          0          0       4577   nrf_ble_qwr.o
       448         26        108          0          0      10062   nrf_crypto_ecc.o
       160         10         12          0          0       2734   nrf_crypto_ecdh.o
        92         20          0          1          0       2814   nrf_crypto_init.o
       766        130          0         12        324      10965   nrf_crypto_rng.o
       276         34         30          0         20      37416   nrf_drv_clock.o
       416         42         42          3         77      12616   nrf_drv_rng.o
        50          0          0          0          0       3421   nrf_fprintf.o
       850          4         16          0          0       5342   nrf_fprintf_format.o
       972        432        194          0          0       7776   nrf_fstorage.o
       798         82         72          8        176      15503   nrf_fstorage_sd.o
        12          0          8          0          0       2181   nrf_hw_backend_init.o
       152          6          0          0          0       7335   nrf_hw_backend_rng_mbedtls.o
       112         18         18          1         64       5901   nrf_log_backend_rtt.o
       200          0          0          0          0      10765   nrf_log_backend_serial.o
        28          4         32          8          0       3253   nrf_log_default_backends.o
      1540        114         44         16       1404      31549   nrf_log_frontend.o
       566        108        102         64          0       5460   nrf_log_str_formatter.o
       346          0          0          0          0       9331   nrf_memobj.o
       108         16         53          8         12      35402   nrf_pwr_mgmt.o
       444          0          0          0          0       7070   nrf_queue.o
        28          0          0          0          0       2299   nrf_ringbuf.o
       552         60        104          3          0      41312   nrf_sdh.o
       732        232        539          1          0       5765   nrf_sdh_ble.o
        60          4         56          0          0       2392   nrf_sdh_soc.o
        78          0          0          0          0       2676   nrf_section_iter.o
        76         10       1319          0          0       2627   nrf_strerror.o
       226         30         14          8          0      40998   nrfx_clock.o
       518         30         19          0         92      19227   nrfx_gpiote.o
        12          6         12          8          0       2058   nrfx_prs.o
       224         56         12          8          0       9892   nrfx_rng.o
         0          0         13          0          0       9032   nrfx_uart.o
         0          0         14          0          0      10046   nrfx_uarte.o
       326          4         76          0          0      34798   oberon_backend_ecc.o
        38          0          0          0          0       2705   oberon_backend_ecdh.o
      1152        144        285         12          0      15566   peer_data_storage.o
      1442        260        425          8        384      18918   peer_database.o
       314         38          0          0         64       8767   peer_id.o
      1774        456        217         16         12      18897   peer_manager.o
      1720        822        767         96          0      13064   peer_manager_handler.o
       234          0          0          0          0       5299   pm_buffer.o
      1948        262        663          5         64      26299   security_dispatcher.o
      1120        108        407         17          0      49030   security_manager.o
       378         34          0          0        648       8717   segger_rtt.o
       796         70          0          4          0       2831   system_nrf52.o

    ----------------------------------------------------------------------
     45602       6470      16724        488      13824    1294679   Object Totals
         0          0         32          0          0          0   (incl. Generated)
        70          0         92         11          3          0   (incl. Padding)

    ----------------------------------------------------------------------

      Code (inc. data)   RO Data    RW Data    ZI Data      Debug   Library Member Name

        86          0          0          0          0          0   __dczerorl2.o
         8          4        133          0          0         68   ctype_o.o
         0          0          0          0          0          0   entry.o
         0          0          0          0          0          0   entry10a.o
         0          0          0          0          0          0   entry11a.o
         8          4          0          0          0          0   entry2.o
         4          0          0          0          0          0   entry5.o
         0          0          0          0          0          0   entry7b.o
         0          0          0          0          0          0   entry8b.o
         8          4          0          0          0          0   entry9a.o
        30          0          0          0          0          0   handlers.o
        36          8          0          0          0         68   init.o
        30          0          0          0          0         68   llshl.o
        32          0          0          0          0         68   llushr.o
        26          0          0          0          0         80   memcmp.o
        40          0          0          0          0         76   memcpy.o
        36          0          0          0          0        108   memseta.o
        18          0          0          0          0         68   strcpy.o
        14          0          0          0          0         68   strlen.o
        98          0          0          0          0         92   uldiv.o
      1644          0          0          0          0          0   occ_bigint256.s.obj
        64          0          0          0          0          0   occ_constant_time.s.obj
       456          4         32          0          0          0   occ_curve25519.c.obj
      1036         32        192         32          0          0   occ_curve_p256.c.obj
        88          0          0          0          0          0   occ_ecdh_p256.c.obj
        72          0          0          0          0          0   occ_ed25519.c.obj
      1004         20       1632          0          0          0   occ_ge25519.c.obj
       700          0          0          0          0          0   occ_mod25519.c.obj
      1644          0          0          0          0          0   occ_mod25519_base.s.obj
       528          0          0          0          0          0   occ_mod_p256.c.obj
      1720          0          0          0          0          0   occ_mod_p256_base.s.obj
       176          4         32          0          0          0   occ_sc25519.c.obj
        80          4         32          0          0          0   occ_sc_p256.c.obj
      2696         76        640          0          0          0   occ_sha512.c.obj
       792          0          0          0          0          0   occ_sha512_loop.c.obj

    ----------------------------------------------------------------------
     13178        160       2696         32          0        764   Library Totals
         4          0          3          0          0          0   (incl. Padding)

    ----------------------------------------------------------------------

      Code (inc. data)   RO Data    RW Data    ZI Data      Debug   Library Name

       474         20        133          0          0        764   mc_w.l
     12700        140       2560         32          0          0   oberon_short_wchar_2.0.5.lib

    ----------------------------------------------------------------------
     13178        160       2696         32          0        764   Library Totals

    ----------------------------------------------------------------------

==============================================================================


      Code (inc. data)   RO Data    RW Data    ZI Data      Debug   

     58780       6630      19420        520      13824    1242367   Grand Totals
     58780       6630      19420        144      13824    1242367   ELF Image Totals (compressed)
     58780       6630      19420        144          0          0   ROM Totals

==============================================================================

    Total RO  Size (Code + RO Data)                78200 (  76.37kB)
    Total RW  Size (RW Data + ZI Data)             14344 (  14.01kB)
    Total ROM Size (Code + RO Data + RW Data)      78344 (  76.51kB)

==============================================================================

