<html>
<body>
<pre>
<h1>µVision Build Log</h1>
<h2>Tool Versions:</h2>
IDE-Version: •ÏVision V5.26.2.0
Copyright (C) 2018 ARM Ltd and ARM Germany GmbH. All rights reserved.
License Information: Seungyong Lee, SWM, LIC=9N012-9GIQ7-9XSUW-Q0NGT-PG19I-IQ754
 
Tool Versions:
Toolchain:       MDK-ARM Professional  Version: 5.26.2.0
Toolchain Path:  C:\Keil_v5\ARM\ARMCC\Bin
C Compiler:      Armcc.exe V5.06 update 6 (build 750)
Assembler:       Armasm.exe V5.06 update 6 (build 750)
Linker/Locator:  ArmLink.exe V5.06 update 6 (build 750)
Library Manager: ArmAr.exe V5.06 update 6 (build 750)
Hex Converter:   FromElf.exe V5.06 update 6 (build 750)
CPU DLL:         
Dialog DLL:      
Target DLL:      Segger\JL2CM3.dll V2.99.31.0
Dialog DLL:      TCM.DLL V1.36.1.0
 
<h2>Project:</h2>
C:\Users\hihi4\Documents\24Patch-device\project\24Patch_s132\arm5_no_packs\ble_app_hrs_pca10040_s132.uvprojx
Project File Date:  10/18/2018

<h2>Output:</h2>
*** Using Compiler 'V5.06 update 6 (build 750)', folder: 'C:\Keil_v5\ARM\ARMCC\Bin'
Build target 'nrf52832_xxaa'
compiling ble_ppg.c...
..\..\..\source\ble_services\ble_ppg.c(253): warning:  #177-D: variable "ppg_hrs_char_md"  was declared but never referenced
  	ble_gatts_char_md_t ppg_hrs_char_md;
..\..\..\source\ble_services\ble_ppg.c(254): warning:  #177-D: variable "ppg_spo2_char_md"  was declared but never referenced
  	ble_gatts_char_md_t ppg_spo2_char_md;
..\..\..\source\ble_services\ble_ppg.c(256): warning:  #177-D: variable "ppg_hrs_cccd_md"  was declared but never referenced
  	ble_gatts_attr_md_t ppg_hrs_cccd_md;
..\..\..\source\ble_services\ble_ppg.c(257): warning:  #177-D: variable "ppg_spo2_cccd_md"  was declared but never referenced
  	ble_gatts_attr_md_t ppg_spo2_cccd_md;
..\..\..\source\ble_services\ble_ppg.c(259): warning:  #177-D: variable "attr_char_ppg_hrs"  was declared but never referenced
  	ble_gatts_attr_t    attr_char_ppg_hrs;
..\..\..\source\ble_services\ble_ppg.c(260): warning:  #177-D: variable "attr_char_ppg_spo2"  was declared but never referenced
  	ble_gatts_attr_t    attr_char_ppg_spo2;
..\..\..\source\ble_services\ble_ppg.c: 6 warnings, 0 errors
compiling main.c...
..\main.c(576): warning:  #177-D: variable "err_code"  was declared but never referenced
      ret_code_t err_code;
..\main.c(1010): warning:  #111-D: statement is unreachable
  	maxim_heart_rate_and_oxygen_saturation(irBuffer, bufferLength, redBuffer, &spo2, &validSPO2, &heartRate, &validHeartRate);
..\main.c(197): warning:  #177-D: variable "rates"  was declared but never referenced
  static uint8_t rates[RATE_SIZE]; //Array of heart rates
..\main.c(198): warning:  #177-D: variable "rateSpot"  was declared but never referenced
  static uint8_t rateSpot = 0;
..\main.c(199): warning:  #177-D: variable "lastBeat"  was declared but never referenced
  static uint32_t lastBeat = 0; //Time at which the last beat occurred
..\main.c(200): warning:  #177-D: variable "beatsPerMinute"  was declared but never referenced
  static float beatsPerMinute;
..\main.c(201): warning:  #177-D: variable "beatAvg"  was declared but never referenced
  static int beatAvg;
..\main.c(202): warning:  #177-D: variable "dataPPG_test"  was declared but never referenced
  static uint16_t dataPPG_test[7] = {117, 111, 278, 248, 184, 97, 92};
..\main.c: 8 warnings, 0 errors
linking...
Program Size: Code=61936 RO-data=19504 RW-data=572 ZI-data=14716  
FromELF: creating hex file...
".\_build\release_v1_0_0.axf" - 0 Error(s), 14 Warning(s).

<h2>Software Packages used:</h2>

Package Vendor: ARM
                http://www.keil.com/pack/ARM.CMSIS.4.5.0.pack
                ARM.CMSIS.4.5.0
                CMSIS (Cortex Microcontroller Software Interface Standard)
   * Component: CORE Version: 4.3.0

Package Vendor: NordicSemiconductor
                http://developer.nordicsemi.com/nRF5_SDK/pieces/nRF_DeviceFamilyPack/NordicSemiconductor.nRF_DeviceFamilyPack.8.17.0.pack
                NordicSemiconductor.nRF_DeviceFamilyPack.8.17.0
                Nordic Semiconductor nRF ARM devices Device Family Pack.
   * Component: Startup Version: 8.17.0

<h2>Collection of Component include folders:</h2>
  .\RTE\_nrf52832_xxaa
  C:\Keil_v5\ARM\PACK\ARM\CMSIS\4.5.0\CMSIS\Include
  C:\Keil_v5\ARM\PACK\NordicSemiconductor\nRF_DeviceFamilyPack\8.17.0\Device\Include

<h2>Collection of Component Files used:</h2>

   * Component: ARM::CMSIS:CORE:4.3.0

   * Component: NordicSemiconductor::Device:Startup:8.17.0
      Source file:   Device\Source\arm\arm_startup_nrf52.s
      Source file:   Device\Source\system_nrf52.c
      Include file:  Device\Include\system_nrf52.h
Build Time Elapsed:  00:00:06
</pre>
</body>
</html>
