<!doctype html public "-//w3c//dtd html 4.0 transitional//en">
<html><head>
<title>Static Call Graph - [.\_build\nrf52832_xxaa.axf]</title></head>
<body><HR>
<H1>Static Call Graph for image .\_build\nrf52832_xxaa.axf</H1><HR>
<BR><P>#&#060CALLGRAPH&#062# ARM Linker, 5060750: Last Updated: Tue Sep 18 01:11:49 2018
<BR><P>
<H3>Maximum Stack Usage =        368 bytes + Unknown(Cycles, Untraceable Function Pointers)</H3><H3>
Call chain for Maximum Stack Depth:</H3>
spi_handler &rArr; sdc_pt_identification &rArr; sdc_pt_sub_data_read &rArr; sdc_spi_transfer &rArr; app_error_handler_bare &rArr; app_error_fault_handler &rArr; nrf_log_frontend_std_0 &rArr; std_n &rArr; nrf_log_frontend_dequeue &rArr;  nrf_log_frontend_std_0 (Cycle)
<P>
<H3>
Mutually Recursive functions
</H3> <LI><a href="#[1]">NMI_Handler</a>&nbsp;&nbsp;&nbsp;&rArr;&nbsp;&nbsp;&nbsp;<a href="#[1]">NMI_Handler</a><BR>
 <LI><a href="#[2]">HardFault_Handler</a>&nbsp;&nbsp;&nbsp;&rArr;&nbsp;&nbsp;&nbsp;<a href="#[2]">HardFault_Handler</a><BR>
 <LI><a href="#[3]">MemoryManagement_Handler</a>&nbsp;&nbsp;&nbsp;&rArr;&nbsp;&nbsp;&nbsp;<a href="#[3]">MemoryManagement_Handler</a><BR>
 <LI><a href="#[4]">BusFault_Handler</a>&nbsp;&nbsp;&nbsp;&rArr;&nbsp;&nbsp;&nbsp;<a href="#[4]">BusFault_Handler</a><BR>
 <LI><a href="#[5]">UsageFault_Handler</a>&nbsp;&nbsp;&nbsp;&rArr;&nbsp;&nbsp;&nbsp;<a href="#[5]">UsageFault_Handler</a><BR>
 <LI><a href="#[6]">SVC_Handler</a>&nbsp;&nbsp;&nbsp;&rArr;&nbsp;&nbsp;&nbsp;<a href="#[6]">SVC_Handler</a><BR>
 <LI><a href="#[7]">DebugMon_Handler</a>&nbsp;&nbsp;&nbsp;&rArr;&nbsp;&nbsp;&nbsp;<a href="#[7]">DebugMon_Handler</a><BR>
 <LI><a href="#[8]">PendSV_Handler</a>&nbsp;&nbsp;&nbsp;&rArr;&nbsp;&nbsp;&nbsp;<a href="#[8]">PendSV_Handler</a><BR>
 <LI><a href="#[9]">SysTick_Handler</a>&nbsp;&nbsp;&nbsp;&rArr;&nbsp;&nbsp;&nbsp;<a href="#[9]">SysTick_Handler</a><BR>
 <LI><a href="#[19]">CCM_AAR_IRQHandler</a>&nbsp;&nbsp;&nbsp;&rArr;&nbsp;&nbsp;&nbsp;<a href="#[19]">CCM_AAR_IRQHandler</a><BR>
 <LI><a href="#[54]">nrf_log_frontend_dequeue</a>&nbsp;&nbsp;&nbsp;&rArr;&nbsp;&nbsp;&nbsp;<a href="#[55]">nrf_log_frontend_std_0</a><BR>
</UL>
<P>
<H3>
Function Pointers
</H3><UL>
 <LI><a href="#[4]">BusFault_Handler</a> from arm_startup_nrf52.o(.text) referenced from arm_startup_nrf52.o(RESET)
 <LI><a href="#[19]">CCM_AAR_IRQHandler</a> from arm_startup_nrf52.o(.text) referenced from arm_startup_nrf52.o(RESET)
 <LI><a href="#[1d]">COMP_LPCOMP_IRQHandler</a> from arm_startup_nrf52.o(.text) referenced from arm_startup_nrf52.o(RESET)
 <LI><a href="#[7]">DebugMon_Handler</a> from arm_startup_nrf52.o(.text) referenced from arm_startup_nrf52.o(RESET)
 <LI><a href="#[18]">ECB_IRQHandler</a> from arm_startup_nrf52.o(.text) referenced from arm_startup_nrf52.o(RESET)
 <LI><a href="#[2e]">FPU_IRQHandler</a> from arm_startup_nrf52.o(.text) referenced from arm_startup_nrf52.o(RESET)
 <LI><a href="#[10]">GPIOTE_IRQHandler</a> from arm_startup_nrf52.o(.text) referenced from arm_startup_nrf52.o(RESET)
 <LI><a href="#[2]">HardFault_Handler</a> from arm_startup_nrf52.o(.text) referenced from arm_startup_nrf52.o(RESET)
 <LI><a href="#[2d]">I2S_IRQHandler</a> from arm_startup_nrf52.o(.text) referenced from arm_startup_nrf52.o(RESET)
 <LI><a href="#[28]">MWU_IRQHandler</a> from arm_startup_nrf52.o(.text) referenced from arm_startup_nrf52.o(RESET)
 <LI><a href="#[3]">MemoryManagement_Handler</a> from arm_startup_nrf52.o(.text) referenced from arm_startup_nrf52.o(RESET)
 <LI><a href="#[f]">NFCT_IRQHandler</a> from arm_startup_nrf52.o(.text) referenced from arm_startup_nrf52.o(RESET)
 <LI><a href="#[1]">NMI_Handler</a> from arm_startup_nrf52.o(.text) referenced from arm_startup_nrf52.o(RESET)
 <LI><a href="#[27]">PDM_IRQHandler</a> from arm_startup_nrf52.o(.text) referenced from arm_startup_nrf52.o(RESET)
 <LI><a href="#[a]">POWER_CLOCK_IRQHandler</a> from arm_startup_nrf52.o(.text) referenced from arm_startup_nrf52.o(RESET)
 <LI><a href="#[26]">PWM0_IRQHandler</a> from arm_startup_nrf52.o(.text) referenced from arm_startup_nrf52.o(RESET)
 <LI><a href="#[29]">PWM1_IRQHandler</a> from arm_startup_nrf52.o(.text) referenced from arm_startup_nrf52.o(RESET)
 <LI><a href="#[2a]">PWM2_IRQHandler</a> from arm_startup_nrf52.o(.text) referenced from arm_startup_nrf52.o(RESET)
 <LI><a href="#[8]">PendSV_Handler</a> from arm_startup_nrf52.o(.text) referenced from arm_startup_nrf52.o(RESET)
 <LI><a href="#[1c]">QDEC_IRQHandler</a> from arm_startup_nrf52.o(.text) referenced from arm_startup_nrf52.o(RESET)
 <LI><a href="#[b]">RADIO_IRQHandler</a> from arm_startup_nrf52.o(.text) referenced from arm_startup_nrf52.o(RESET)
 <LI><a href="#[17]">RNG_IRQHandler</a> from arm_startup_nrf52.o(.text) referenced from arm_startup_nrf52.o(RESET)
 <LI><a href="#[15]">RTC0_IRQHandler</a> from arm_startup_nrf52.o(.text) referenced from arm_startup_nrf52.o(RESET)
 <LI><a href="#[1b]">RTC1_IRQHandler</a> from arm_startup_nrf52.o(.text) referenced from arm_startup_nrf52.o(RESET)
 <LI><a href="#[2c]">RTC2_IRQHandler</a> from arm_startup_nrf52.o(.text) referenced from arm_startup_nrf52.o(RESET)
 <LI><a href="#[0]">Reset_Handler</a> from arm_startup_nrf52.o(.text) referenced from arm_startup_nrf52.o(RESET)
 <LI><a href="#[11]">SAADC_IRQHandler</a> from arm_startup_nrf52.o(.text) referenced from arm_startup_nrf52.o(RESET)
 <LI><a href="#[d]">SPIM0_SPIS0_TWIM0_TWIS0_SPI0_TWI0_IRQHandler</a> from nrfx_spim.o(i.SPIM0_SPIS0_TWIM0_TWIS0_SPI0_TWI0_IRQHandler) referenced from nrfx_spim.o(.constdata)
 <LI><a href="#[d]">SPIM0_SPIS0_TWIM0_TWIS0_SPI0_TWI0_IRQHandler</a> from nrfx_spim.o(i.SPIM0_SPIS0_TWIM0_TWIS0_SPI0_TWI0_IRQHandler) referenced from arm_startup_nrf52.o(RESET)
 <LI><a href="#[e]">SPIM1_SPIS1_TWIM1_TWIS1_SPI1_TWI1_IRQHandler</a> from arm_startup_nrf52.o(.text) referenced from arm_startup_nrf52.o(RESET)
 <LI><a href="#[2b]">SPIM2_SPIS2_SPI2_IRQHandler</a> from arm_startup_nrf52.o(.text) referenced from arm_startup_nrf52.o(RESET)
 <LI><a href="#[6]">SVC_Handler</a> from arm_startup_nrf52.o(.text) referenced from arm_startup_nrf52.o(RESET)
 <LI><a href="#[1e]">SWI0_EGU0_IRQHandler</a> from arm_startup_nrf52.o(.text) referenced from arm_startup_nrf52.o(RESET)
 <LI><a href="#[1f]">SWI1_EGU1_IRQHandler</a> from arm_startup_nrf52.o(.text) referenced from arm_startup_nrf52.o(RESET)
 <LI><a href="#[20]">SWI2_EGU2_IRQHandler</a> from arm_startup_nrf52.o(.text) referenced from arm_startup_nrf52.o(RESET)
 <LI><a href="#[21]">SWI3_EGU3_IRQHandler</a> from arm_startup_nrf52.o(.text) referenced from arm_startup_nrf52.o(RESET)
 <LI><a href="#[22]">SWI4_EGU4_IRQHandler</a> from arm_startup_nrf52.o(.text) referenced from arm_startup_nrf52.o(RESET)
 <LI><a href="#[23]">SWI5_EGU5_IRQHandler</a> from arm_startup_nrf52.o(.text) referenced from arm_startup_nrf52.o(RESET)
 <LI><a href="#[9]">SysTick_Handler</a> from arm_startup_nrf52.o(.text) referenced from arm_startup_nrf52.o(RESET)
 <LI><a href="#[30]">SystemInit</a> from system_nrf52.o(i.SystemInit) referenced from arm_startup_nrf52.o(.text)
 <LI><a href="#[16]">TEMP_IRQHandler</a> from arm_startup_nrf52.o(.text) referenced from arm_startup_nrf52.o(RESET)
 <LI><a href="#[12]">TIMER0_IRQHandler</a> from arm_startup_nrf52.o(.text) referenced from arm_startup_nrf52.o(RESET)
 <LI><a href="#[13]">TIMER1_IRQHandler</a> from arm_startup_nrf52.o(.text) referenced from arm_startup_nrf52.o(RESET)
 <LI><a href="#[14]">TIMER2_IRQHandler</a> from arm_startup_nrf52.o(.text) referenced from arm_startup_nrf52.o(RESET)
 <LI><a href="#[24]">TIMER3_IRQHandler</a> from arm_startup_nrf52.o(.text) referenced from arm_startup_nrf52.o(RESET)
 <LI><a href="#[25]">TIMER4_IRQHandler</a> from arm_startup_nrf52.o(.text) referenced from arm_startup_nrf52.o(RESET)
 <LI><a href="#[c]">UARTE0_UART0_IRQHandler</a> from nrfx_prs.o(i.UARTE0_UART0_IRQHandler) referenced from arm_startup_nrf52.o(RESET)
 <LI><a href="#[5]">UsageFault_Handler</a> from arm_startup_nrf52.o(.text) referenced from arm_startup_nrf52.o(RESET)
 <LI><a href="#[1a]">WDT_IRQHandler</a> from arm_startup_nrf52.o(.text) referenced from arm_startup_nrf52.o(RESET)
 <LI><a href="#[31]">__main</a> from entry.o(.ARM.Collect$$$$00000000) referenced from arm_startup_nrf52.o(.text)
 <LI><a href="#[35]">block_dev_handler</a> from diskio_blkdev.o(i.block_dev_handler) referenced from diskio_blkdev.o(i.disk_initialize)
 <LI><a href="#[3d]">block_dev_sdc_geometry</a> from nrf_block_dev_sdc.o(i.block_dev_sdc_geometry) referenced from nrf_block_dev_sdc.o(.constdata)
 <LI><a href="#[38]">block_dev_sdc_init</a> from nrf_block_dev_sdc.o(i.block_dev_sdc_init) referenced from nrf_block_dev_sdc.o(.constdata)
 <LI><a href="#[3c]">block_dev_sdc_ioctl</a> from nrf_block_dev_sdc.o(i.block_dev_sdc_ioctl) referenced from nrf_block_dev_sdc.o(.constdata)
 <LI><a href="#[3a]">block_dev_sdc_read_req</a> from nrf_block_dev_sdc.o(i.block_dev_sdc_read_req) referenced from nrf_block_dev_sdc.o(.constdata)
 <LI><a href="#[39]">block_dev_sdc_uninit</a> from nrf_block_dev_sdc.o(i.block_dev_sdc_uninit) referenced from nrf_block_dev_sdc.o(.constdata)
 <LI><a href="#[3b]">block_dev_sdc_write_req</a> from nrf_block_dev_sdc.o(i.block_dev_sdc_write_req) referenced from nrf_block_dev_sdc.o(.constdata)
 <LI><a href="#[34]">default_wait_func</a> from diskio_blkdev.o(i.default_wait_func) referenced from diskio_blkdev.o(i.disk_initialize)
 <LI><a href="#[2f]">main</a> from main.o(i.main) referenced from entry9a.o(.ARM.Collect$$$$0000000B)
 <LI><a href="#[40]">nrf_log_backend_rtt_flush</a> from nrf_log_backend_rtt.o(i.nrf_log_backend_rtt_flush) referenced from nrf_log_backend_rtt.o(.constdata)
 <LI><a href="#[3f]">nrf_log_backend_rtt_panic_set</a> from nrf_log_backend_rtt.o(i.nrf_log_backend_rtt_panic_set) referenced from nrf_log_backend_rtt.o(.constdata)
 <LI><a href="#[3e]">nrf_log_backend_rtt_put</a> from nrf_log_backend_rtt.o(i.nrf_log_backend_rtt_put) referenced from nrf_log_backend_rtt.o(.constdata)
 <LI><a href="#[33]">sdc_handler</a> from nrf_block_dev_sdc.o(i.sdc_handler) referenced from nrf_block_dev_sdc.o(i.block_dev_sdc_init)
 <LI><a href="#[37]">serial_tx</a> from nrf_log_backend_rtt.o(i.serial_tx) referenced from nrf_log_backend_rtt.o(i.nrf_log_backend_rtt_put)
 <LI><a href="#[32]">spi_handler</a> from app_sdcard.o(i.spi_handler) referenced from app_sdcard.o(i.app_sdc_init)
 <LI><a href="#[36]">spim_evt_handler</a> from nrf_drv_spi.o(i.spim_evt_handler) referenced from nrf_drv_spi.o(i.nrf_drv_spi_init)
</UL>
<P>
<H3>
Global Symbols
</H3>
<P><STRONG><a name="[31]"></a>__main</STRONG> (Thumb, 0 bytes, Stack size unknown bytes, entry.o(.ARM.Collect$$$$00000000))
<BR>[Address Reference Count : 1]<UL><LI> arm_startup_nrf52.o(.text)
</UL>
<P><STRONG><a name="[d6]"></a>_main_stk</STRONG> (Thumb, 0 bytes, Stack size unknown bytes, entry2.o(.ARM.Collect$$$$00000001))

<P><STRONG><a name="[41]"></a>_main_scatterload</STRONG> (Thumb, 0 bytes, Stack size unknown bytes, entry5.o(.ARM.Collect$$$$00000004))
<BR><BR>[Calls]<UL><LI><a href="#[42]">&gt;&gt;</a>&nbsp;&nbsp;&nbsp;__scatterload
</UL>

<P><STRONG><a name="[46]"></a>__main_after_scatterload</STRONG> (Thumb, 0 bytes, Stack size unknown bytes, entry5.o(.ARM.Collect$$$$00000004))
<BR><BR>[Called By]<UL><LI><a href="#[42]">&gt;&gt;</a>&nbsp;&nbsp;&nbsp;__scatterload
</UL>

<P><STRONG><a name="[d7]"></a>_main_clock</STRONG> (Thumb, 0 bytes, Stack size unknown bytes, entry7b.o(.ARM.Collect$$$$00000008))

<P><STRONG><a name="[d8]"></a>_main_cpp_init</STRONG> (Thumb, 0 bytes, Stack size unknown bytes, entry8b.o(.ARM.Collect$$$$0000000A))

<P><STRONG><a name="[d9]"></a>_main_init</STRONG> (Thumb, 0 bytes, Stack size unknown bytes, entry9a.o(.ARM.Collect$$$$0000000B))

<P><STRONG><a name="[da]"></a>__rt_final_cpp</STRONG> (Thumb, 0 bytes, Stack size unknown bytes, entry10a.o(.ARM.Collect$$$$0000000D))

<P><STRONG><a name="[db]"></a>__rt_final_exit</STRONG> (Thumb, 0 bytes, Stack size unknown bytes, entry11a.o(.ARM.Collect$$$$0000000F))

<P><STRONG><a name="[a8]"></a>__asm___12_nrf_atomic_c_85ca2469__nrf_atomic_internal_mov</STRONG> (Thumb, 24 bytes, Stack size 0 bytes, nrf_atomic.o(.emb_text))
<BR><BR>[Called By]<UL><LI><a href="#[7f]">&gt;&gt;</a>&nbsp;&nbsp;&nbsp;nrf_atomic_u32_fetch_store
</UL>

<P><STRONG><a name="[a9]"></a>__asm___12_nrf_atomic_c_85ca2469__nrf_atomic_internal_orr</STRONG> (Thumb, 26 bytes, Stack size 0 bytes, nrf_atomic.o(.emb_text))
<BR><BR>[Called By]<UL><LI><a href="#[a5]">&gt;&gt;</a>&nbsp;&nbsp;&nbsp;nrf_atomic_u32_or
</UL>

<P><STRONG><a name="[a7]"></a>__asm___12_nrf_atomic_c_85ca2469__nrf_atomic_internal_and</STRONG> (Thumb, 26 bytes, Stack size 0 bytes, nrf_atomic.o(.emb_text))
<BR><BR>[Called By]<UL><LI><a href="#[a4]">&gt;&gt;</a>&nbsp;&nbsp;&nbsp;nrf_atomic_u32_fetch_and
</UL>

<P><STRONG><a name="[dc]"></a>__asm___12_nrf_atomic_c_85ca2469__nrf_atomic_internal_eor</STRONG> (Thumb, 26 bytes, Stack size 0 bytes, nrf_atomic.o(.emb_text), UNUSED)

<P><STRONG><a name="[a6]"></a>__asm___12_nrf_atomic_c_85ca2469__nrf_atomic_internal_add</STRONG> (Thumb, 26 bytes, Stack size 0 bytes, nrf_atomic.o(.emb_text))
<BR><BR>[Called By]<UL><LI><a href="#[67]">&gt;&gt;</a>&nbsp;&nbsp;&nbsp;nrf_atomic_u32_add
</UL>

<P><STRONG><a name="[ab]"></a>__asm___12_nrf_atomic_c_85ca2469__nrf_atomic_internal_sub</STRONG> (Thumb, 26 bytes, Stack size 0 bytes, nrf_atomic.o(.emb_text))
<BR><BR>[Called By]<UL><LI><a href="#[aa]">&gt;&gt;</a>&nbsp;&nbsp;&nbsp;nrf_atomic_u32_sub
</UL>

<P><STRONG><a name="[dd]"></a>__asm___12_nrf_atomic_c_85ca2469__nrf_atomic_internal_cmp_exch</STRONG> (Thumb, 42 bytes, Stack size 0 bytes, nrf_atomic.o(.emb_text), UNUSED)

<P><STRONG><a name="[de]"></a>__asm___12_nrf_atomic_c_85ca2469__nrf_atomic_internal_sub_hs</STRONG> (Thumb, 30 bytes, Stack size 0 bytes, nrf_atomic.o(.emb_text), UNUSED)

<P><STRONG><a name="[0]"></a>Reset_Handler</STRONG> (Thumb, 8 bytes, Stack size 0 bytes, arm_startup_nrf52.o(.text))
<BR>[Address Reference Count : 1]<UL><LI> arm_startup_nrf52.o(RESET)
</UL>
<P><STRONG><a name="[1]"></a>NMI_Handler</STRONG> (Thumb, 2 bytes, Stack size 0 bytes, arm_startup_nrf52.o(.text))
<BR><BR>[Calls]<UL><LI><a href="#[1]">&gt;&gt;</a>&nbsp;&nbsp;&nbsp;NMI_Handler
</UL>
<BR>[Called By]<UL><LI><a href="#[1]">&gt;&gt;</a>&nbsp;&nbsp;&nbsp;NMI_Handler
</UL>
<BR>[Address Reference Count : 1]<UL><LI> arm_startup_nrf52.o(RESET)
</UL>
<P><STRONG><a name="[2]"></a>HardFault_Handler</STRONG> (Thumb, 2 bytes, Stack size 0 bytes, arm_startup_nrf52.o(.text))
<BR><BR>[Calls]<UL><LI><a href="#[2]">&gt;&gt;</a>&nbsp;&nbsp;&nbsp;HardFault_Handler
</UL>
<BR>[Called By]<UL><LI><a href="#[2]">&gt;&gt;</a>&nbsp;&nbsp;&nbsp;HardFault_Handler
</UL>
<BR>[Address Reference Count : 1]<UL><LI> arm_startup_nrf52.o(RESET)
</UL>
<P><STRONG><a name="[3]"></a>MemoryManagement_Handler</STRONG> (Thumb, 2 bytes, Stack size 0 bytes, arm_startup_nrf52.o(.text))
<BR><BR>[Calls]<UL><LI><a href="#[3]">&gt;&gt;</a>&nbsp;&nbsp;&nbsp;MemoryManagement_Handler
</UL>
<BR>[Called By]<UL><LI><a href="#[3]">&gt;&gt;</a>&nbsp;&nbsp;&nbsp;MemoryManagement_Handler
</UL>
<BR>[Address Reference Count : 1]<UL><LI> arm_startup_nrf52.o(RESET)
</UL>
<P><STRONG><a name="[4]"></a>BusFault_Handler</STRONG> (Thumb, 2 bytes, Stack size 0 bytes, arm_startup_nrf52.o(.text))
<BR><BR>[Calls]<UL><LI><a href="#[4]">&gt;&gt;</a>&nbsp;&nbsp;&nbsp;BusFault_Handler
</UL>
<BR>[Called By]<UL><LI><a href="#[4]">&gt;&gt;</a>&nbsp;&nbsp;&nbsp;BusFault_Handler
</UL>
<BR>[Address Reference Count : 1]<UL><LI> arm_startup_nrf52.o(RESET)
</UL>
<P><STRONG><a name="[5]"></a>UsageFault_Handler</STRONG> (Thumb, 2 bytes, Stack size 0 bytes, arm_startup_nrf52.o(.text))
<BR><BR>[Calls]<UL><LI><a href="#[5]">&gt;&gt;</a>&nbsp;&nbsp;&nbsp;UsageFault_Handler
</UL>
<BR>[Called By]<UL><LI><a href="#[5]">&gt;&gt;</a>&nbsp;&nbsp;&nbsp;UsageFault_Handler
</UL>
<BR>[Address Reference Count : 1]<UL><LI> arm_startup_nrf52.o(RESET)
</UL>
<P><STRONG><a name="[6]"></a>SVC_Handler</STRONG> (Thumb, 2 bytes, Stack size 0 bytes, arm_startup_nrf52.o(.text))
<BR><BR>[Calls]<UL><LI><a href="#[6]">&gt;&gt;</a>&nbsp;&nbsp;&nbsp;SVC_Handler
</UL>
<BR>[Called By]<UL><LI><a href="#[6]">&gt;&gt;</a>&nbsp;&nbsp;&nbsp;SVC_Handler
</UL>
<BR>[Address Reference Count : 1]<UL><LI> arm_startup_nrf52.o(RESET)
</UL>
<P><STRONG><a name="[7]"></a>DebugMon_Handler</STRONG> (Thumb, 2 bytes, Stack size 0 bytes, arm_startup_nrf52.o(.text))
<BR><BR>[Calls]<UL><LI><a href="#[7]">&gt;&gt;</a>&nbsp;&nbsp;&nbsp;DebugMon_Handler
</UL>
<BR>[Called By]<UL><LI><a href="#[7]">&gt;&gt;</a>&nbsp;&nbsp;&nbsp;DebugMon_Handler
</UL>
<BR>[Address Reference Count : 1]<UL><LI> arm_startup_nrf52.o(RESET)
</UL>
<P><STRONG><a name="[8]"></a>PendSV_Handler</STRONG> (Thumb, 2 bytes, Stack size 0 bytes, arm_startup_nrf52.o(.text))
<BR><BR>[Calls]<UL><LI><a href="#[8]">&gt;&gt;</a>&nbsp;&nbsp;&nbsp;PendSV_Handler
</UL>
<BR>[Called By]<UL><LI><a href="#[8]">&gt;&gt;</a>&nbsp;&nbsp;&nbsp;PendSV_Handler
</UL>
<BR>[Address Reference Count : 1]<UL><LI> arm_startup_nrf52.o(RESET)
</UL>
<P><STRONG><a name="[9]"></a>SysTick_Handler</STRONG> (Thumb, 2 bytes, Stack size 0 bytes, arm_startup_nrf52.o(.text))
<BR><BR>[Calls]<UL><LI><a href="#[9]">&gt;&gt;</a>&nbsp;&nbsp;&nbsp;SysTick_Handler
</UL>
<BR>[Called By]<UL><LI><a href="#[9]">&gt;&gt;</a>&nbsp;&nbsp;&nbsp;SysTick_Handler
</UL>
<BR>[Address Reference Count : 1]<UL><LI> arm_startup_nrf52.o(RESET)
</UL>
<P><STRONG><a name="[19]"></a>CCM_AAR_IRQHandler</STRONG> (Thumb, 0 bytes, Stack size 0 bytes, arm_startup_nrf52.o(.text))
<BR><BR>[Calls]<UL><LI><a href="#[19]">&gt;&gt;</a>&nbsp;&nbsp;&nbsp;CCM_AAR_IRQHandler
</UL>
<BR>[Called By]<UL><LI><a href="#[19]">&gt;&gt;</a>&nbsp;&nbsp;&nbsp;CCM_AAR_IRQHandler
</UL>
<BR>[Address Reference Count : 1]<UL><LI> arm_startup_nrf52.o(RESET)
</UL>
<P><STRONG><a name="[1d]"></a>COMP_LPCOMP_IRQHandler</STRONG> (Thumb, 0 bytes, Stack size 0 bytes, arm_startup_nrf52.o(.text))
<BR>[Address Reference Count : 1]<UL><LI> arm_startup_nrf52.o(RESET)
</UL>
<P><STRONG><a name="[18]"></a>ECB_IRQHandler</STRONG> (Thumb, 0 bytes, Stack size 0 bytes, arm_startup_nrf52.o(.text))
<BR>[Address Reference Count : 1]<UL><LI> arm_startup_nrf52.o(RESET)
</UL>
<P><STRONG><a name="[2e]"></a>FPU_IRQHandler</STRONG> (Thumb, 0 bytes, Stack size 0 bytes, arm_startup_nrf52.o(.text))
<BR>[Address Reference Count : 1]<UL><LI> arm_startup_nrf52.o(RESET)
</UL>
<P><STRONG><a name="[10]"></a>GPIOTE_IRQHandler</STRONG> (Thumb, 0 bytes, Stack size 0 bytes, arm_startup_nrf52.o(.text))
<BR>[Address Reference Count : 1]<UL><LI> arm_startup_nrf52.o(RESET)
</UL>
<P><STRONG><a name="[2d]"></a>I2S_IRQHandler</STRONG> (Thumb, 0 bytes, Stack size 0 bytes, arm_startup_nrf52.o(.text))
<BR>[Address Reference Count : 1]<UL><LI> arm_startup_nrf52.o(RESET)
</UL>
<P><STRONG><a name="[28]"></a>MWU_IRQHandler</STRONG> (Thumb, 0 bytes, Stack size 0 bytes, arm_startup_nrf52.o(.text))
<BR>[Address Reference Count : 1]<UL><LI> arm_startup_nrf52.o(RESET)
</UL>
<P><STRONG><a name="[f]"></a>NFCT_IRQHandler</STRONG> (Thumb, 0 bytes, Stack size 0 bytes, arm_startup_nrf52.o(.text))
<BR>[Address Reference Count : 1]<UL><LI> arm_startup_nrf52.o(RESET)
</UL>
<P><STRONG><a name="[27]"></a>PDM_IRQHandler</STRONG> (Thumb, 0 bytes, Stack size 0 bytes, arm_startup_nrf52.o(.text))
<BR>[Address Reference Count : 1]<UL><LI> arm_startup_nrf52.o(RESET)
</UL>
<P><STRONG><a name="[a]"></a>POWER_CLOCK_IRQHandler</STRONG> (Thumb, 0 bytes, Stack size 0 bytes, arm_startup_nrf52.o(.text))
<BR>[Address Reference Count : 1]<UL><LI> arm_startup_nrf52.o(RESET)
</UL>
<P><STRONG><a name="[26]"></a>PWM0_IRQHandler</STRONG> (Thumb, 0 bytes, Stack size 0 bytes, arm_startup_nrf52.o(.text))
<BR>[Address Reference Count : 1]<UL><LI> arm_startup_nrf52.o(RESET)
</UL>
<P><STRONG><a name="[29]"></a>PWM1_IRQHandler</STRONG> (Thumb, 0 bytes, Stack size 0 bytes, arm_startup_nrf52.o(.text))
<BR>[Address Reference Count : 1]<UL><LI> arm_startup_nrf52.o(RESET)
</UL>
<P><STRONG><a name="[2a]"></a>PWM2_IRQHandler</STRONG> (Thumb, 0 bytes, Stack size 0 bytes, arm_startup_nrf52.o(.text))
<BR>[Address Reference Count : 1]<UL><LI> arm_startup_nrf52.o(RESET)
</UL>
<P><STRONG><a name="[1c]"></a>QDEC_IRQHandler</STRONG> (Thumb, 0 bytes, Stack size 0 bytes, arm_startup_nrf52.o(.text))
<BR>[Address Reference Count : 1]<UL><LI> arm_startup_nrf52.o(RESET)
</UL>
<P><STRONG><a name="[b]"></a>RADIO_IRQHandler</STRONG> (Thumb, 0 bytes, Stack size 0 bytes, arm_startup_nrf52.o(.text))
<BR>[Address Reference Count : 1]<UL><LI> arm_startup_nrf52.o(RESET)
</UL>
<P><STRONG><a name="[17]"></a>RNG_IRQHandler</STRONG> (Thumb, 0 bytes, Stack size 0 bytes, arm_startup_nrf52.o(.text))
<BR>[Address Reference Count : 1]<UL><LI> arm_startup_nrf52.o(RESET)
</UL>
<P><STRONG><a name="[15]"></a>RTC0_IRQHandler</STRONG> (Thumb, 0 bytes, Stack size 0 bytes, arm_startup_nrf52.o(.text))
<BR>[Address Reference Count : 1]<UL><LI> arm_startup_nrf52.o(RESET)
</UL>
<P><STRONG><a name="[1b]"></a>RTC1_IRQHandler</STRONG> (Thumb, 0 bytes, Stack size 0 bytes, arm_startup_nrf52.o(.text))
<BR>[Address Reference Count : 1]<UL><LI> arm_startup_nrf52.o(RESET)
</UL>
<P><STRONG><a name="[2c]"></a>RTC2_IRQHandler</STRONG> (Thumb, 0 bytes, Stack size 0 bytes, arm_startup_nrf52.o(.text))
<BR>[Address Reference Count : 1]<UL><LI> arm_startup_nrf52.o(RESET)
</UL>
<P><STRONG><a name="[11]"></a>SAADC_IRQHandler</STRONG> (Thumb, 0 bytes, Stack size 0 bytes, arm_startup_nrf52.o(.text))
<BR>[Address Reference Count : 1]<UL><LI> arm_startup_nrf52.o(RESET)
</UL>
<P><STRONG><a name="[e]"></a>SPIM1_SPIS1_TWIM1_TWIS1_SPI1_TWI1_IRQHandler</STRONG> (Thumb, 0 bytes, Stack size 0 bytes, arm_startup_nrf52.o(.text))
<BR>[Address Reference Count : 1]<UL><LI> arm_startup_nrf52.o(RESET)
</UL>
<P><STRONG><a name="[2b]"></a>SPIM2_SPIS2_SPI2_IRQHandler</STRONG> (Thumb, 0 bytes, Stack size 0 bytes, arm_startup_nrf52.o(.text))
<BR>[Address Reference Count : 1]<UL><LI> arm_startup_nrf52.o(RESET)
</UL>
<P><STRONG><a name="[1e]"></a>SWI0_EGU0_IRQHandler</STRONG> (Thumb, 0 bytes, Stack size 0 bytes, arm_startup_nrf52.o(.text))
<BR>[Address Reference Count : 1]<UL><LI> arm_startup_nrf52.o(RESET)
</UL>
<P><STRONG><a name="[1f]"></a>SWI1_EGU1_IRQHandler</STRONG> (Thumb, 0 bytes, Stack size 0 bytes, arm_startup_nrf52.o(.text))
<BR>[Address Reference Count : 1]<UL><LI> arm_startup_nrf52.o(RESET)
</UL>
<P><STRONG><a name="[20]"></a>SWI2_EGU2_IRQHandler</STRONG> (Thumb, 0 bytes, Stack size 0 bytes, arm_startup_nrf52.o(.text))
<BR>[Address Reference Count : 1]<UL><LI> arm_startup_nrf52.o(RESET)
</UL>
<P><STRONG><a name="[21]"></a>SWI3_EGU3_IRQHandler</STRONG> (Thumb, 0 bytes, Stack size 0 bytes, arm_startup_nrf52.o(.text))
<BR>[Address Reference Count : 1]<UL><LI> arm_startup_nrf52.o(RESET)
</UL>
<P><STRONG><a name="[22]"></a>SWI4_EGU4_IRQHandler</STRONG> (Thumb, 0 bytes, Stack size 0 bytes, arm_startup_nrf52.o(.text))
<BR>[Address Reference Count : 1]<UL><LI> arm_startup_nrf52.o(RESET)
</UL>
<P><STRONG><a name="[23]"></a>SWI5_EGU5_IRQHandler</STRONG> (Thumb, 0 bytes, Stack size 0 bytes, arm_startup_nrf52.o(.text))
<BR>[Address Reference Count : 1]<UL><LI> arm_startup_nrf52.o(RESET)
</UL>
<P><STRONG><a name="[16]"></a>TEMP_IRQHandler</STRONG> (Thumb, 0 bytes, Stack size 0 bytes, arm_startup_nrf52.o(.text))
<BR>[Address Reference Count : 1]<UL><LI> arm_startup_nrf52.o(RESET)
</UL>
<P><STRONG><a name="[12]"></a>TIMER0_IRQHandler</STRONG> (Thumb, 0 bytes, Stack size 0 bytes, arm_startup_nrf52.o(.text))
<BR>[Address Reference Count : 1]<UL><LI> arm_startup_nrf52.o(RESET)
</UL>
<P><STRONG><a name="[13]"></a>TIMER1_IRQHandler</STRONG> (Thumb, 0 bytes, Stack size 0 bytes, arm_startup_nrf52.o(.text))
<BR>[Address Reference Count : 1]<UL><LI> arm_startup_nrf52.o(RESET)
</UL>
<P><STRONG><a name="[14]"></a>TIMER2_IRQHandler</STRONG> (Thumb, 0 bytes, Stack size 0 bytes, arm_startup_nrf52.o(.text))
<BR>[Address Reference Count : 1]<UL><LI> arm_startup_nrf52.o(RESET)
</UL>
<P><STRONG><a name="[24]"></a>TIMER3_IRQHandler</STRONG> (Thumb, 0 bytes, Stack size 0 bytes, arm_startup_nrf52.o(.text))
<BR>[Address Reference Count : 1]<UL><LI> arm_startup_nrf52.o(RESET)
</UL>
<P><STRONG><a name="[25]"></a>TIMER4_IRQHandler</STRONG> (Thumb, 0 bytes, Stack size 0 bytes, arm_startup_nrf52.o(.text))
<BR>[Address Reference Count : 1]<UL><LI> arm_startup_nrf52.o(RESET)
</UL>
<P><STRONG><a name="[1a]"></a>WDT_IRQHandler</STRONG> (Thumb, 0 bytes, Stack size 0 bytes, arm_startup_nrf52.o(.text))
<BR>[Address Reference Count : 1]<UL><LI> arm_startup_nrf52.o(RESET)
</UL>
<P><STRONG><a name="[c3]"></a>__rt_ctype_table</STRONG> (Thumb, 4 bytes, Stack size 0 bytes, ctype_o.o(.text))
<BR><BR>[Called By]<UL><LI><a href="#[bb]">&gt;&gt;</a>&nbsp;&nbsp;&nbsp;nrf_log_hexdump_entry_process
</UL>

<P><STRONG><a name="[51]"></a>__aeabi_memcpy</STRONG> (Thumb, 36 bytes, Stack size 0 bytes, memcpya.o(.text))
<BR><BR>[Called By]<UL><LI><a href="#[a1]">&gt;&gt;</a>&nbsp;&nbsp;&nbsp;memobj_op
<LI><a href="#[4b]">&gt;&gt;</a>&nbsp;&nbsp;&nbsp;_WriteNoCheck
<LI><a href="#[4c]">&gt;&gt;</a>&nbsp;&nbsp;&nbsp;_WriteBlocking
</UL>

<P><STRONG><a name="[df]"></a>__aeabi_memcpy4</STRONG> (Thumb, 0 bytes, Stack size 0 bytes, memcpya.o(.text), UNUSED)

<P><STRONG><a name="[e0]"></a>__aeabi_memcpy8</STRONG> (Thumb, 0 bytes, Stack size 0 bytes, memcpya.o(.text), UNUSED)

<P><STRONG><a name="[44]"></a>__aeabi_memset</STRONG> (Thumb, 14 bytes, Stack size 0 bytes, memseta.o(.text), UNUSED)
<BR><BR>[Called By]<UL><LI><a href="#[45]">&gt;&gt;</a>&nbsp;&nbsp;&nbsp;_memset$wrapper
<LI><a href="#[43]">&gt;&gt;</a>&nbsp;&nbsp;&nbsp;__aeabi_memclr
</UL>

<P><STRONG><a name="[e1]"></a>__aeabi_memset4</STRONG> (Thumb, 0 bytes, Stack size 0 bytes, memseta.o(.text), UNUSED)

<P><STRONG><a name="[e2]"></a>__aeabi_memset8</STRONG> (Thumb, 0 bytes, Stack size 0 bytes, memseta.o(.text), UNUSED)

<P><STRONG><a name="[43]"></a>__aeabi_memclr</STRONG> (Thumb, 4 bytes, Stack size 0 bytes, memseta.o(.text), UNUSED)
<BR><BR>[Calls]<UL><LI><a href="#[44]">&gt;&gt;</a>&nbsp;&nbsp;&nbsp;__aeabi_memset
</UL>

<P><STRONG><a name="[b8]"></a>__aeabi_memclr4</STRONG> (Thumb, 0 bytes, Stack size 0 bytes, memseta.o(.text))
<BR><BR>[Called By]<UL><LI><a href="#[b6]">&gt;&gt;</a>&nbsp;&nbsp;&nbsp;nrf_log_backend_serial_put
</UL>

<P><STRONG><a name="[e3]"></a>__aeabi_memclr8</STRONG> (Thumb, 0 bytes, Stack size 0 bytes, memseta.o(.text), UNUSED)

<P><STRONG><a name="[45]"></a>_memset$wrapper</STRONG> (Thumb, 18 bytes, Stack size 8 bytes, memseta.o(.text), UNUSED)
<BR><BR>[Calls]<UL><LI><a href="#[44]">&gt;&gt;</a>&nbsp;&nbsp;&nbsp;__aeabi_memset
</UL>

<P><STRONG><a name="[b2]"></a>strlen</STRONG> (Thumb, 14 bytes, Stack size 0 bytes, strlen.o(.text))
<BR><BR>[Called By]<UL><LI><a href="#[b1]">&gt;&gt;</a>&nbsp;&nbsp;&nbsp;nrf_fprintf_fmt
</UL>

<P><STRONG><a name="[50]"></a>strcpy</STRONG> (Thumb, 18 bytes, Stack size 0 bytes, strcpy.o(.text))
<BR><BR>[Called By]<UL><LI><a href="#[48]">&gt;&gt;</a>&nbsp;&nbsp;&nbsp;_DoInit
</UL>

<P><STRONG><a name="[42]"></a>__scatterload</STRONG> (Thumb, 28 bytes, Stack size 0 bytes, init.o(.text))
<BR><BR>[Calls]<UL><LI><a href="#[46]">&gt;&gt;</a>&nbsp;&nbsp;&nbsp;__main_after_scatterload
</UL>
<BR>[Called By]<UL><LI><a href="#[41]">&gt;&gt;</a>&nbsp;&nbsp;&nbsp;_main_scatterload
</UL>

<P><STRONG><a name="[e4]"></a>__scatterload_rt2</STRONG> (Thumb, 0 bytes, Stack size 0 bytes, init.o(.text), UNUSED)

<P><STRONG><a name="[47]"></a>SEGGER_RTT_Init</STRONG> (Thumb, 4 bytes, Stack size 0 bytes, segger_rtt.o(i.SEGGER_RTT_Init))
<BR><BR>[Stack]<UL><LI>Max Depth = 8<LI>Call Chain = SEGGER_RTT_Init &rArr; _DoInit
</UL>
<BR>[Calls]<UL><LI><a href="#[48]">&gt;&gt;</a>&nbsp;&nbsp;&nbsp;_DoInit
</UL>
<BR>[Called By]<UL><LI><a href="#[b5]">&gt;&gt;</a>&nbsp;&nbsp;&nbsp;nrf_log_backend_rtt_init
</UL>

<P><STRONG><a name="[49]"></a>SEGGER_RTT_WriteNoLock</STRONG> (Thumb, 86 bytes, Stack size 16 bytes, segger_rtt.o(i.SEGGER_RTT_WriteNoLock))
<BR><BR>[Stack]<UL><LI>Max Depth = 48<LI>Call Chain = SEGGER_RTT_WriteNoLock &rArr; _WriteBlocking
</UL>
<BR>[Calls]<UL><LI><a href="#[4b]">&gt;&gt;</a>&nbsp;&nbsp;&nbsp;_WriteNoCheck
<LI><a href="#[4c]">&gt;&gt;</a>&nbsp;&nbsp;&nbsp;_WriteBlocking
<LI><a href="#[4a]">&gt;&gt;</a>&nbsp;&nbsp;&nbsp;_GetAvailWriteSpace
</UL>
<BR>[Called By]<UL><LI><a href="#[37]">&gt;&gt;</a>&nbsp;&nbsp;&nbsp;serial_tx
</UL>

<P><STRONG><a name="[d]"></a>SPIM0_SPIS0_TWIM0_TWIS0_SPI0_TWI0_IRQHandler</STRONG> (Thumb, 76 bytes, Stack size 24 bytes, nrfx_spim.o(i.SPIM0_SPIS0_TWIM0_TWIS0_SPI0_TWI0_IRQHandler))
<BR><BR>[Stack]<UL><LI>Max Depth = 24<LI>Call Chain = SPIM0_SPIS0_TWIM0_TWIS0_SPI0_TWI0_IRQHandler
</UL>
<BR>[Calls]<UL><LI><a href="#[4d]">&gt;&gt;</a>&nbsp;&nbsp;&nbsp;nrf_spim_event_check
<LI><a href="#[4f]">&gt;&gt;</a>&nbsp;&nbsp;&nbsp;nrf_gpio_pin_set
<LI><a href="#[4e]">&gt;&gt;</a>&nbsp;&nbsp;&nbsp;nrf_gpio_pin_clear
</UL>
<BR>[Address Reference Count : 2]<UL><LI> nrfx_spim.o(.constdata)
<LI> arm_startup_nrf52.o(RESET)
</UL>
<P><STRONG><a name="[30]"></a>SystemInit</STRONG> (Thumb, 726 bytes, Stack size 20 bytes, system_nrf52.o(i.SystemInit))
<BR><BR>[Stack]<UL><LI>Max Depth = 20<LI>Call Chain = SystemInit
</UL>
<BR>[Address Reference Count : 1]<UL><LI> arm_startup_nrf52.o(.text)
</UL>
<P><STRONG><a name="[c]"></a>UARTE0_UART0_IRQHandler</STRONG> (Thumb, 6 bytes, Stack size 0 bytes, nrfx_prs.o(i.UARTE0_UART0_IRQHandler))
<BR>[Address Reference Count : 1]<UL><LI> arm_startup_nrf52.o(RESET)
</UL>
<P><STRONG><a name="[e5]"></a>__scatterload_copy</STRONG> (Thumb, 14 bytes, Stack size unknown bytes, handlers.o(i.__scatterload_copy), UNUSED)

<P><STRONG><a name="[e6]"></a>__scatterload_null</STRONG> (Thumb, 2 bytes, Stack size unknown bytes, handlers.o(i.__scatterload_null), UNUSED)

<P><STRONG><a name="[e7]"></a>__scatterload_zeroinit</STRONG> (Thumb, 14 bytes, Stack size unknown bytes, handlers.o(i.__scatterload_zeroinit), UNUSED)

<P><STRONG><a name="[52]"></a>app_error_fault_handler</STRONG> (Thumb, 86 bytes, Stack size 0 bytes, app_error_weak.o(i.app_error_fault_handler))
<BR><BR>[Stack]<UL><LI>Max Depth = 184<LI>Call Chain = app_error_fault_handler &rArr; nrf_log_frontend_std_0 &rArr; std_n &rArr; nrf_log_frontend_dequeue &rArr;  nrf_log_frontend_std_0 (Cycle)
</UL>
<BR>[Calls]<UL><LI><a href="#[55]">&gt;&gt;</a>&nbsp;&nbsp;&nbsp;nrf_log_frontend_std_0
<LI><a href="#[53]">&gt;&gt;</a>&nbsp;&nbsp;&nbsp;nrf_log_panic
<LI><a href="#[54]">&gt;&gt;</a>&nbsp;&nbsp;&nbsp;nrf_log_frontend_dequeue
</UL>
<BR>[Called By]<UL><LI><a href="#[56]">&gt;&gt;</a>&nbsp;&nbsp;&nbsp;app_error_handler_bare
</UL>

<P><STRONG><a name="[56]"></a>app_error_handler_bare</STRONG> (Thumb, 22 bytes, Stack size 16 bytes, app_error.o(i.app_error_handler_bare))
<BR><BR>[Stack]<UL><LI>Max Depth = 200<LI>Call Chain = app_error_handler_bare &rArr; app_error_fault_handler &rArr; nrf_log_frontend_std_0 &rArr; std_n &rArr; nrf_log_frontend_dequeue &rArr;  nrf_log_frontend_std_0 (Cycle)
</UL>
<BR>[Calls]<UL><LI><a href="#[52]">&gt;&gt;</a>&nbsp;&nbsp;&nbsp;app_error_fault_handler
</UL>
<BR>[Called By]<UL><LI><a href="#[2f]">&gt;&gt;</a>&nbsp;&nbsp;&nbsp;main
<LI><a href="#[33]">&gt;&gt;</a>&nbsp;&nbsp;&nbsp;sdc_handler
<LI><a href="#[5a]">&gt;&gt;</a>&nbsp;&nbsp;&nbsp;app_sdc_init
<LI><a href="#[59]">&gt;&gt;</a>&nbsp;&nbsp;&nbsp;app_sdc_block_write
<LI><a href="#[57]">&gt;&gt;</a>&nbsp;&nbsp;&nbsp;app_sdc_block_read
<LI><a href="#[32]">&gt;&gt;</a>&nbsp;&nbsp;&nbsp;spi_handler
<LI><a href="#[cf]">&gt;&gt;</a>&nbsp;&nbsp;&nbsp;sdc_spi_transfer
<LI><a href="#[d4]">&gt;&gt;</a>&nbsp;&nbsp;&nbsp;sdc_pt_write
<LI><a href="#[d3]">&gt;&gt;</a>&nbsp;&nbsp;&nbsp;sdc_pt_read
<LI><a href="#[d1]">&gt;&gt;</a>&nbsp;&nbsp;&nbsp;sdc_pt_identification
</UL>

<P><STRONG><a name="[57]"></a>app_sdc_block_read</STRONG> (Thumb, 84 bytes, Stack size 8 bytes, app_sdcard.o(i.app_sdc_block_read))
<BR><BR>[Stack]<UL><LI>Max Depth = 256<LI>Call Chain = app_sdc_block_read &rArr; sdc_cmd &rArr; sdc_spi_transfer &rArr; app_error_handler_bare &rArr; app_error_fault_handler &rArr; nrf_log_frontend_std_0 &rArr; std_n &rArr; nrf_log_frontend_dequeue &rArr;  nrf_log_frontend_std_0 (Cycle)
</UL>
<BR>[Calls]<UL><LI><a href="#[56]">&gt;&gt;</a>&nbsp;&nbsp;&nbsp;app_error_handler_bare
<LI><a href="#[58]">&gt;&gt;</a>&nbsp;&nbsp;&nbsp;sdc_cmd
</UL>
<BR>[Called By]<UL><LI><a href="#[3a]">&gt;&gt;</a>&nbsp;&nbsp;&nbsp;block_dev_sdc_read_req
</UL>

<P><STRONG><a name="[59]"></a>app_sdc_block_write</STRONG> (Thumb, 104 bytes, Stack size 16 bytes, app_sdcard.o(i.app_sdc_block_write))
<BR><BR>[Stack]<UL><LI>Max Depth = 264<LI>Call Chain = app_sdc_block_write &rArr; sdc_cmd &rArr; sdc_spi_transfer &rArr; app_error_handler_bare &rArr; app_error_fault_handler &rArr; nrf_log_frontend_std_0 &rArr; std_n &rArr; nrf_log_frontend_dequeue &rArr;  nrf_log_frontend_std_0 (Cycle)
</UL>
<BR>[Calls]<UL><LI><a href="#[56]">&gt;&gt;</a>&nbsp;&nbsp;&nbsp;app_error_handler_bare
<LI><a href="#[58]">&gt;&gt;</a>&nbsp;&nbsp;&nbsp;sdc_cmd
</UL>
<BR>[Called By]<UL><LI><a href="#[3b]">&gt;&gt;</a>&nbsp;&nbsp;&nbsp;block_dev_sdc_write_req
</UL>

<P><STRONG><a name="[65]"></a>app_sdc_busy_check</STRONG> (Thumb, 24 bytes, Stack size 0 bytes, app_sdcard.o(i.app_sdc_busy_check))
<BR><BR>[Called By]<UL><LI><a href="#[3b]">&gt;&gt;</a>&nbsp;&nbsp;&nbsp;block_dev_sdc_write_req
<LI><a href="#[39]">&gt;&gt;</a>&nbsp;&nbsp;&nbsp;block_dev_sdc_uninit
<LI><a href="#[3a]">&gt;&gt;</a>&nbsp;&nbsp;&nbsp;block_dev_sdc_read_req
<LI><a href="#[38]">&gt;&gt;</a>&nbsp;&nbsp;&nbsp;block_dev_sdc_init
</UL>

<P><STRONG><a name="[d0]"></a>app_sdc_info_get</STRONG> (Thumb, 18 bytes, Stack size 0 bytes, app_sdcard.o(i.app_sdc_info_get))
<BR><BR>[Called By]<UL><LI><a href="#[33]">&gt;&gt;</a>&nbsp;&nbsp;&nbsp;sdc_handler
</UL>

<P><STRONG><a name="[5a]"></a>app_sdc_init</STRONG> (Thumb, 190 bytes, Stack size 48 bytes, app_sdcard.o(i.app_sdc_init))
<BR><BR>[Stack]<UL><LI>Max Depth = 248<LI>Call Chain = app_sdc_init &rArr; app_error_handler_bare &rArr; app_error_fault_handler &rArr; nrf_log_frontend_std_0 &rArr; std_n &rArr; nrf_log_frontend_dequeue &rArr;  nrf_log_frontend_std_0 (Cycle)
</UL>
<BR>[Calls]<UL><LI><a href="#[5d]">&gt;&gt;</a>&nbsp;&nbsp;&nbsp;nrf_drv_spi_init
<LI><a href="#[56]">&gt;&gt;</a>&nbsp;&nbsp;&nbsp;app_error_handler_bare
<LI><a href="#[5c]">&gt;&gt;</a>&nbsp;&nbsp;&nbsp;nrf_gpio_pin_set
<LI><a href="#[5b]">&gt;&gt;</a>&nbsp;&nbsp;&nbsp;nrf_gpio_cfg
<LI><a href="#[5e]">&gt;&gt;</a>&nbsp;&nbsp;&nbsp;nrf_drv_spi_transfer
</UL>
<BR>[Called By]<UL><LI><a href="#[38]">&gt;&gt;</a>&nbsp;&nbsp;&nbsp;block_dev_sdc_init
</UL>

<P><STRONG><a name="[5f]"></a>app_sdc_uninit</STRONG> (Thumb, 62 bytes, Stack size 24 bytes, app_sdcard.o(i.app_sdc_uninit))
<BR><BR>[Stack]<UL><LI>Max Depth = 72<LI>Call Chain = app_sdc_uninit &rArr; nrfx_spim_uninit &rArr; nrf_gpio_cfg
</UL>
<BR>[Calls]<UL><LI><a href="#[60]">&gt;&gt;</a>&nbsp;&nbsp;&nbsp;nrfx_spim_uninit
<LI><a href="#[5b]">&gt;&gt;</a>&nbsp;&nbsp;&nbsp;nrf_gpio_cfg
</UL>
<BR>[Called By]<UL><LI><a href="#[39]">&gt;&gt;</a>&nbsp;&nbsp;&nbsp;block_dev_sdc_uninit
<LI><a href="#[32]">&gt;&gt;</a>&nbsp;&nbsp;&nbsp;spi_handler
</UL>

<P><STRONG><a name="[61]"></a>app_util_critical_region_enter</STRONG> (Thumb, 4 bytes, Stack size 0 bytes, app_util_platform.o(i.app_util_critical_region_enter))
<BR><BR>[Calls]<UL><LI><a href="#[62]">&gt;&gt;</a>&nbsp;&nbsp;&nbsp;app_util_disable_irq
</UL>
<BR>[Called By]<UL><LI><a href="#[54]">&gt;&gt;</a>&nbsp;&nbsp;&nbsp;nrf_log_frontend_dequeue
<LI><a href="#[ca]">&gt;&gt;</a>&nbsp;&nbsp;&nbsp;nrfx_prs_acquire
<LI><a href="#[ad]">&gt;&gt;</a>&nbsp;&nbsp;&nbsp;nrf_balloc_free
<LI><a href="#[ac]">&gt;&gt;</a>&nbsp;&nbsp;&nbsp;nrf_balloc_alloc
<LI><a href="#[66]">&gt;&gt;</a>&nbsp;&nbsp;&nbsp;buf_prealloc
</UL>

<P><STRONG><a name="[63]"></a>app_util_critical_region_exit</STRONG> (Thumb, 4 bytes, Stack size 0 bytes, app_util_platform.o(i.app_util_critical_region_exit))
<BR><BR>[Calls]<UL><LI><a href="#[64]">&gt;&gt;</a>&nbsp;&nbsp;&nbsp;app_util_enable_irq
</UL>
<BR>[Called By]<UL><LI><a href="#[54]">&gt;&gt;</a>&nbsp;&nbsp;&nbsp;nrf_log_frontend_dequeue
<LI><a href="#[ca]">&gt;&gt;</a>&nbsp;&nbsp;&nbsp;nrfx_prs_acquire
<LI><a href="#[ad]">&gt;&gt;</a>&nbsp;&nbsp;&nbsp;nrf_balloc_free
<LI><a href="#[ac]">&gt;&gt;</a>&nbsp;&nbsp;&nbsp;nrf_balloc_alloc
<LI><a href="#[66]">&gt;&gt;</a>&nbsp;&nbsp;&nbsp;buf_prealloc
</UL>

<P><STRONG><a name="[62]"></a>app_util_disable_irq</STRONG> (Thumb, 12 bytes, Stack size 0 bytes, app_util_platform.o(i.app_util_disable_irq))
<BR><BR>[Called By]<UL><LI><a href="#[61]">&gt;&gt;</a>&nbsp;&nbsp;&nbsp;app_util_critical_region_enter
</UL>

<P><STRONG><a name="[64]"></a>app_util_enable_irq</STRONG> (Thumb, 14 bytes, Stack size 0 bytes, app_util_platform.o(i.app_util_enable_irq))
<BR><BR>[Called By]<UL><LI><a href="#[63]">&gt;&gt;</a>&nbsp;&nbsp;&nbsp;app_util_critical_region_exit
</UL>

<P><STRONG><a name="[be]"></a>buffer_is_empty</STRONG> (Thumb, 16 bytes, Stack size 0 bytes, nrf_log_frontend.o(i.buffer_is_empty))
<BR><BR>[Called By]<UL><LI><a href="#[54]">&gt;&gt;</a>&nbsp;&nbsp;&nbsp;nrf_log_frontend_dequeue
</UL>

<P><STRONG><a name="[96]"></a>disk_initialize</STRONG> (Thumb, 114 bytes, Stack size 16 bytes, diskio_blkdev.o(i.disk_initialize))
<BR><BR>[Stack]<UL><LI>Max Depth = 16<LI>Call Chain = disk_initialize
</UL>
<BR>[Called By]<UL><LI><a href="#[85]">&gt;&gt;</a>&nbsp;&nbsp;&nbsp;find_volume
<LI><a href="#[94]">&gt;&gt;</a>&nbsp;&nbsp;&nbsp;fatfs_example
</UL>

<P><STRONG><a name="[7c]"></a>disk_ioctl</STRONG> (Thumb, 118 bytes, Stack size 16 bytes, diskio_blkdev.o(i.disk_ioctl))
<BR><BR>[Stack]<UL><LI>Max Depth = 16<LI>Call Chain = disk_ioctl
</UL>
<BR>[Calls]<UL><LI><a href="#[7d]">&gt;&gt;</a>&nbsp;&nbsp;&nbsp;nrf_blk_dev_ioctl
</UL>
<BR>[Called By]<UL><LI><a href="#[92]">&gt;&gt;</a>&nbsp;&nbsp;&nbsp;sync_fs
</UL>

<P><STRONG><a name="[8c]"></a>disk_read</STRONG> (Thumb, 120 bytes, Stack size 32 bytes, diskio_blkdev.o(i.disk_read))
<BR><BR>[Stack]<UL><LI>Max Depth = 32<LI>Call Chain = disk_read
</UL>
<BR>[Called By]<UL><LI><a href="#[6c]">&gt;&gt;</a>&nbsp;&nbsp;&nbsp;move_window
<LI><a href="#[93]">&gt;&gt;</a>&nbsp;&nbsp;&nbsp;f_write
<LI><a href="#[86]">&gt;&gt;</a>&nbsp;&nbsp;&nbsp;f_open
</UL>

<P><STRONG><a name="[99]"></a>disk_status</STRONG> (Thumb, 26 bytes, Stack size 0 bytes, diskio_blkdev.o(i.disk_status))
<BR><BR>[Called By]<UL><LI><a href="#[82]">&gt;&gt;</a>&nbsp;&nbsp;&nbsp;validate
<LI><a href="#[85]">&gt;&gt;</a>&nbsp;&nbsp;&nbsp;find_volume
</UL>

<P><STRONG><a name="[90]"></a>disk_write</STRONG> (Thumb, 130 bytes, Stack size 32 bytes, diskio_blkdev.o(i.disk_write))
<BR><BR>[Stack]<UL><LI>Max Depth = 32<LI>Call Chain = disk_write
</UL>
<BR>[Called By]<UL><LI><a href="#[81]">&gt;&gt;</a>&nbsp;&nbsp;&nbsp;f_sync
<LI><a href="#[77]">&gt;&gt;</a>&nbsp;&nbsp;&nbsp;sync_window
<LI><a href="#[92]">&gt;&gt;</a>&nbsp;&nbsp;&nbsp;sync_fs
<LI><a href="#[93]">&gt;&gt;</a>&nbsp;&nbsp;&nbsp;f_write
</UL>

<P><STRONG><a name="[95]"></a>diskio_blockdev_register</STRONG> (Thumb, 8 bytes, Stack size 0 bytes, diskio_blkdev.o(i.diskio_blockdev_register))
<BR><BR>[Called By]<UL><LI><a href="#[94]">&gt;&gt;</a>&nbsp;&nbsp;&nbsp;fatfs_example
</UL>

<P><STRONG><a name="[80]"></a>f_close</STRONG> (Thumb, 30 bytes, Stack size 16 bytes, ff.o(i.f_close))
<BR><BR>[Stack]<UL><LI>Max Depth = 112<LI>Call Chain = f_close &rArr; f_sync &rArr; sync_fs &rArr; sync_window &rArr; disk_write
</UL>
<BR>[Calls]<UL><LI><a href="#[81]">&gt;&gt;</a>&nbsp;&nbsp;&nbsp;f_sync
<LI><a href="#[82]">&gt;&gt;</a>&nbsp;&nbsp;&nbsp;validate
</UL>
<BR>[Called By]<UL><LI><a href="#[94]">&gt;&gt;</a>&nbsp;&nbsp;&nbsp;fatfs_example
</UL>

<P><STRONG><a name="[83]"></a>f_mount</STRONG> (Thumb, 72 bytes, Stack size 24 bytes, ff.o(i.f_mount))
<BR><BR>[Stack]<UL><LI>Max Depth = 144<LI>Call Chain = f_mount &rArr; find_volume &rArr; check_fs &rArr; move_window &rArr; sync_window &rArr; disk_write
</UL>
<BR>[Calls]<UL><LI><a href="#[84]">&gt;&gt;</a>&nbsp;&nbsp;&nbsp;get_ldnumber
<LI><a href="#[85]">&gt;&gt;</a>&nbsp;&nbsp;&nbsp;find_volume
</UL>
<BR>[Called By]<UL><LI><a href="#[94]">&gt;&gt;</a>&nbsp;&nbsp;&nbsp;fatfs_example
</UL>

<P><STRONG><a name="[86]"></a>f_open</STRONG> (Thumb, 432 bytes, Stack size 88 bytes, ff.o(i.f_open))
<BR><BR>[Stack]<UL><LI>Max Depth = 296<LI>Call Chain = f_open &rArr; follow_path &rArr; dir_find &rArr; dir_next &rArr; create_chain &rArr; put_fat &rArr; move_window &rArr; sync_window &rArr; disk_write
</UL>
<BR>[Calls]<UL><LI><a href="#[88]">&gt;&gt;</a>&nbsp;&nbsp;&nbsp;st_dword
<LI><a href="#[8a]">&gt;&gt;</a>&nbsp;&nbsp;&nbsp;st_clust
<LI><a href="#[8b]">&gt;&gt;</a>&nbsp;&nbsp;&nbsp;remove_chain
<LI><a href="#[6c]">&gt;&gt;</a>&nbsp;&nbsp;&nbsp;move_window
<LI><a href="#[73]">&gt;&gt;</a>&nbsp;&nbsp;&nbsp;mem_set
<LI><a href="#[6e]">&gt;&gt;</a>&nbsp;&nbsp;&nbsp;ld_dword
<LI><a href="#[89]">&gt;&gt;</a>&nbsp;&nbsp;&nbsp;ld_clust
<LI><a href="#[70]">&gt;&gt;</a>&nbsp;&nbsp;&nbsp;get_fat
<LI><a href="#[87]">&gt;&gt;</a>&nbsp;&nbsp;&nbsp;follow_path
<LI><a href="#[85]">&gt;&gt;</a>&nbsp;&nbsp;&nbsp;find_volume
<LI><a href="#[7a]">&gt;&gt;</a>&nbsp;&nbsp;&nbsp;dir_register
<LI><a href="#[78]">&gt;&gt;</a>&nbsp;&nbsp;&nbsp;clust2sect
<LI><a href="#[8c]">&gt;&gt;</a>&nbsp;&nbsp;&nbsp;disk_read
</UL>
<BR>[Called By]<UL><LI><a href="#[94]">&gt;&gt;</a>&nbsp;&nbsp;&nbsp;fatfs_example
</UL>

<P><STRONG><a name="[8d]"></a>f_opendir</STRONG> (Thumb, 98 bytes, Stack size 24 bytes, ff.o(i.f_opendir))
<BR><BR>[Stack]<UL><LI>Max Depth = 232<LI>Call Chain = f_opendir &rArr; follow_path &rArr; dir_find &rArr; dir_next &rArr; create_chain &rArr; put_fat &rArr; move_window &rArr; sync_window &rArr; disk_write
</UL>
<BR>[Calls]<UL><LI><a href="#[89]">&gt;&gt;</a>&nbsp;&nbsp;&nbsp;ld_clust
<LI><a href="#[87]">&gt;&gt;</a>&nbsp;&nbsp;&nbsp;follow_path
<LI><a href="#[85]">&gt;&gt;</a>&nbsp;&nbsp;&nbsp;find_volume
<LI><a href="#[75]">&gt;&gt;</a>&nbsp;&nbsp;&nbsp;dir_sdi
</UL>
<BR>[Called By]<UL><LI><a href="#[94]">&gt;&gt;</a>&nbsp;&nbsp;&nbsp;fatfs_example
</UL>

<P><STRONG><a name="[8e]"></a>f_readdir</STRONG> (Thumb, 64 bytes, Stack size 16 bytes, ff.o(i.f_readdir))
<BR><BR>[Stack]<UL><LI>Max Depth = 192<LI>Call Chain = f_readdir &rArr; dir_read &rArr; dir_next &rArr; create_chain &rArr; put_fat &rArr; move_window &rArr; sync_window &rArr; disk_write
</UL>
<BR>[Calls]<UL><LI><a href="#[82]">&gt;&gt;</a>&nbsp;&nbsp;&nbsp;validate
<LI><a href="#[8f]">&gt;&gt;</a>&nbsp;&nbsp;&nbsp;get_fileinfo
<LI><a href="#[75]">&gt;&gt;</a>&nbsp;&nbsp;&nbsp;dir_sdi
<LI><a href="#[79]">&gt;&gt;</a>&nbsp;&nbsp;&nbsp;dir_read
<LI><a href="#[76]">&gt;&gt;</a>&nbsp;&nbsp;&nbsp;dir_next
</UL>
<BR>[Called By]<UL><LI><a href="#[94]">&gt;&gt;</a>&nbsp;&nbsp;&nbsp;fatfs_example
</UL>

<P><STRONG><a name="[81]"></a>f_sync</STRONG> (Thumb, 138 bytes, Stack size 24 bytes, ff.o(i.f_sync))
<BR><BR>[Stack]<UL><LI>Max Depth = 96<LI>Call Chain = f_sync &rArr; sync_fs &rArr; sync_window &rArr; disk_write
</UL>
<BR>[Calls]<UL><LI><a href="#[82]">&gt;&gt;</a>&nbsp;&nbsp;&nbsp;validate
<LI><a href="#[92]">&gt;&gt;</a>&nbsp;&nbsp;&nbsp;sync_fs
<LI><a href="#[91]">&gt;&gt;</a>&nbsp;&nbsp;&nbsp;st_word
<LI><a href="#[88]">&gt;&gt;</a>&nbsp;&nbsp;&nbsp;st_dword
<LI><a href="#[8a]">&gt;&gt;</a>&nbsp;&nbsp;&nbsp;st_clust
<LI><a href="#[6c]">&gt;&gt;</a>&nbsp;&nbsp;&nbsp;move_window
<LI><a href="#[90]">&gt;&gt;</a>&nbsp;&nbsp;&nbsp;disk_write
</UL>
<BR>[Called By]<UL><LI><a href="#[80]">&gt;&gt;</a>&nbsp;&nbsp;&nbsp;f_close
</UL>

<P><STRONG><a name="[93]"></a>f_write</STRONG> (Thumb, 382 bytes, Stack size 48 bytes, ff.o(i.f_write))
<BR><BR>[Stack]<UL><LI>Max Depth = 176<LI>Call Chain = f_write &rArr; create_chain &rArr; put_fat &rArr; move_window &rArr; sync_window &rArr; disk_write
</UL>
<BR>[Calls]<UL><LI><a href="#[82]">&gt;&gt;</a>&nbsp;&nbsp;&nbsp;validate
<LI><a href="#[7b]">&gt;&gt;</a>&nbsp;&nbsp;&nbsp;mem_cpy
<LI><a href="#[6f]">&gt;&gt;</a>&nbsp;&nbsp;&nbsp;create_chain
<LI><a href="#[78]">&gt;&gt;</a>&nbsp;&nbsp;&nbsp;clust2sect
<LI><a href="#[90]">&gt;&gt;</a>&nbsp;&nbsp;&nbsp;disk_write
<LI><a href="#[8c]">&gt;&gt;</a>&nbsp;&nbsp;&nbsp;disk_read
</UL>
<BR>[Called By]<UL><LI><a href="#[94]">&gt;&gt;</a>&nbsp;&nbsp;&nbsp;fatfs_example
</UL>

<P><STRONG><a name="[2f]"></a>main</STRONG> (Thumb, 46 bytes, Stack size 0 bytes, main.o(i.main))
<BR><BR>[Stack]<UL><LI>Max Depth = 320<LI>Call Chain = main &rArr; fatfs_example &rArr; f_open &rArr; follow_path &rArr; dir_find &rArr; dir_next &rArr; create_chain &rArr; put_fat &rArr; move_window &rArr; sync_window &rArr; disk_write
</UL>
<BR>[Calls]<UL><LI><a href="#[9f]">&gt;&gt;</a>&nbsp;&nbsp;&nbsp;nrf_log_init
<LI><a href="#[55]">&gt;&gt;</a>&nbsp;&nbsp;&nbsp;nrf_log_frontend_std_0
<LI><a href="#[a0]">&gt;&gt;</a>&nbsp;&nbsp;&nbsp;nrf_log_default_backends_init
<LI><a href="#[56]">&gt;&gt;</a>&nbsp;&nbsp;&nbsp;app_error_handler_bare
<LI><a href="#[94]">&gt;&gt;</a>&nbsp;&nbsp;&nbsp;fatfs_example
</UL>
<BR>[Address Reference Count : 1]<UL><LI> entry9a.o(.ARM.Collect$$$$0000000B)
</UL>
<P><STRONG><a name="[9e]"></a>nrf_atomic_flag_clear_fetch</STRONG> (Thumb, 6 bytes, Stack size 0 bytes, nrf_atomic.o(i.nrf_atomic_flag_clear_fetch))
<BR><BR>[Stack]<UL><LI>Max Depth = 8<LI>Call Chain = nrf_atomic_flag_clear_fetch &rArr; nrf_atomic_u32_fetch_and
</UL>
<BR>[Calls]<UL><LI><a href="#[a4]">&gt;&gt;</a>&nbsp;&nbsp;&nbsp;nrf_atomic_u32_fetch_and
</UL>
<BR>[Called By]<UL><LI><a href="#[68]">&gt;&gt;</a>&nbsp;&nbsp;&nbsp;log_skip
</UL>

<P><STRONG><a name="[9c]"></a>nrf_atomic_flag_set</STRONG> (Thumb, 6 bytes, Stack size 0 bytes, nrf_atomic.o(i.nrf_atomic_flag_set))
<BR><BR>[Stack]<UL><LI>Max Depth = 8<LI>Call Chain = nrf_atomic_flag_set &rArr; nrf_atomic_u32_or
</UL>
<BR>[Calls]<UL><LI><a href="#[a5]">&gt;&gt;</a>&nbsp;&nbsp;&nbsp;nrf_atomic_u32_or
</UL>
<BR>[Called By]<UL><LI><a href="#[68]">&gt;&gt;</a>&nbsp;&nbsp;&nbsp;log_skip
</UL>

<P><STRONG><a name="[67]"></a>nrf_atomic_u32_add</STRONG> (Thumb, 12 bytes, Stack size 8 bytes, nrf_atomic.o(i.nrf_atomic_u32_add))
<BR><BR>[Stack]<UL><LI>Max Depth = 8<LI>Call Chain = nrf_atomic_u32_add
</UL>
<BR>[Calls]<UL><LI><a href="#[a6]">&gt;&gt;</a>&nbsp;&nbsp;&nbsp;__asm___12_nrf_atomic_c_85ca2469__nrf_atomic_internal_add
</UL>
<BR>[Called By]<UL><LI><a href="#[b7]">&gt;&gt;</a>&nbsp;&nbsp;&nbsp;nrf_memobj_get
<LI><a href="#[66]">&gt;&gt;</a>&nbsp;&nbsp;&nbsp;buf_prealloc
</UL>

<P><STRONG><a name="[a4]"></a>nrf_atomic_u32_fetch_and</STRONG> (Thumb, 10 bytes, Stack size 8 bytes, nrf_atomic.o(i.nrf_atomic_u32_fetch_and))
<BR><BR>[Stack]<UL><LI>Max Depth = 8<LI>Call Chain = nrf_atomic_u32_fetch_and
</UL>
<BR>[Calls]<UL><LI><a href="#[a7]">&gt;&gt;</a>&nbsp;&nbsp;&nbsp;__asm___12_nrf_atomic_c_85ca2469__nrf_atomic_internal_and
</UL>
<BR>[Called By]<UL><LI><a href="#[9e]">&gt;&gt;</a>&nbsp;&nbsp;&nbsp;nrf_atomic_flag_clear_fetch
</UL>

<P><STRONG><a name="[7f]"></a>nrf_atomic_u32_fetch_store</STRONG> (Thumb, 10 bytes, Stack size 8 bytes, nrf_atomic.o(i.nrf_atomic_u32_fetch_store))
<BR><BR>[Stack]<UL><LI>Max Depth = 8<LI>Call Chain = nrf_atomic_u32_fetch_store
</UL>
<BR>[Calls]<UL><LI><a href="#[a8]">&gt;&gt;</a>&nbsp;&nbsp;&nbsp;__asm___12_nrf_atomic_c_85ca2469__nrf_atomic_internal_mov
</UL>
<BR>[Called By]<UL><LI><a href="#[7e]">&gt;&gt;</a>&nbsp;&nbsp;&nbsp;dropped_sat16_get
</UL>

<P><STRONG><a name="[a5]"></a>nrf_atomic_u32_or</STRONG> (Thumb, 12 bytes, Stack size 8 bytes, nrf_atomic.o(i.nrf_atomic_u32_or))
<BR><BR>[Stack]<UL><LI>Max Depth = 8<LI>Call Chain = nrf_atomic_u32_or
</UL>
<BR>[Calls]<UL><LI><a href="#[a9]">&gt;&gt;</a>&nbsp;&nbsp;&nbsp;__asm___12_nrf_atomic_c_85ca2469__nrf_atomic_internal_orr
</UL>
<BR>[Called By]<UL><LI><a href="#[9c]">&gt;&gt;</a>&nbsp;&nbsp;&nbsp;nrf_atomic_flag_set
</UL>

<P><STRONG><a name="[aa]"></a>nrf_atomic_u32_sub</STRONG> (Thumb, 12 bytes, Stack size 8 bytes, nrf_atomic.o(i.nrf_atomic_u32_sub))
<BR><BR>[Stack]<UL><LI>Max Depth = 8<LI>Call Chain = nrf_atomic_u32_sub
</UL>
<BR>[Calls]<UL><LI><a href="#[ab]">&gt;&gt;</a>&nbsp;&nbsp;&nbsp;__asm___12_nrf_atomic_c_85ca2469__nrf_atomic_internal_sub
</UL>
<BR>[Called By]<UL><LI><a href="#[bc]">&gt;&gt;</a>&nbsp;&nbsp;&nbsp;nrf_memobj_put
</UL>

<P><STRONG><a name="[ac]"></a>nrf_balloc_alloc</STRONG> (Thumb, 62 bytes, Stack size 16 bytes, nrf_balloc.o(i.nrf_balloc_alloc))
<BR><BR>[Stack]<UL><LI>Max Depth = 16<LI>Call Chain = nrf_balloc_alloc
</UL>
<BR>[Calls]<UL><LI><a href="#[63]">&gt;&gt;</a>&nbsp;&nbsp;&nbsp;app_util_critical_region_exit
<LI><a href="#[61]">&gt;&gt;</a>&nbsp;&nbsp;&nbsp;app_util_critical_region_enter
</UL>
<BR>[Called By]<UL><LI><a href="#[bf]">&gt;&gt;</a>&nbsp;&nbsp;&nbsp;nrf_memobj_alloc
</UL>

<P><STRONG><a name="[ad]"></a>nrf_balloc_free</STRONG> (Thumb, 42 bytes, Stack size 16 bytes, nrf_balloc.o(i.nrf_balloc_free))
<BR><BR>[Stack]<UL><LI>Max Depth = 16<LI>Call Chain = nrf_balloc_free
</UL>
<BR>[Calls]<UL><LI><a href="#[63]">&gt;&gt;</a>&nbsp;&nbsp;&nbsp;app_util_critical_region_exit
<LI><a href="#[61]">&gt;&gt;</a>&nbsp;&nbsp;&nbsp;app_util_critical_region_enter
</UL>
<BR>[Called By]<UL><LI><a href="#[c8]">&gt;&gt;</a>&nbsp;&nbsp;&nbsp;nrf_memobj_free
</UL>

<P><STRONG><a name="[c9]"></a>nrf_balloc_init</STRONG> (Thumb, 48 bytes, Stack size 8 bytes, nrf_balloc.o(i.nrf_balloc_init))
<BR><BR>[Stack]<UL><LI>Max Depth = 8<LI>Call Chain = nrf_balloc_init
</UL>
<BR>[Called By]<UL><LI><a href="#[c5]">&gt;&gt;</a>&nbsp;&nbsp;&nbsp;nrf_memobj_pool_init
</UL>

<P><STRONG><a name="[5d]"></a>nrf_drv_spi_init</STRONG> (Thumb, 98 bytes, Stack size 40 bytes, nrf_drv_spi.o(i.nrf_drv_spi_init))
<BR><BR>[Stack]<UL><LI>Max Depth = 112<LI>Call Chain = nrf_drv_spi_init &rArr; nrfx_spim_init &rArr; nrf_gpio_cfg_output &rArr; nrf_gpio_cfg
</UL>
<BR>[Calls]<UL><LI><a href="#[ae]">&gt;&gt;</a>&nbsp;&nbsp;&nbsp;nrfx_spim_init
</UL>
<BR>[Called By]<UL><LI><a href="#[5a]">&gt;&gt;</a>&nbsp;&nbsp;&nbsp;app_sdc_init
</UL>

<P><STRONG><a name="[b0]"></a>nrf_fprintf</STRONG> (Thumb, 26 bytes, Stack size 24 bytes, nrf_fprintf.o(i.nrf_fprintf))
<BR><BR>[Stack]<UL><LI>Max Depth = 168<LI>Call Chain = nrf_fprintf &rArr; nrf_fprintf_fmt &rArr; int_print &rArr; unsigned_print &rArr; buffer_add &rArr; nrf_fprintf_buffer_flush
</UL>
<BR>[Calls]<UL><LI><a href="#[b1]">&gt;&gt;</a>&nbsp;&nbsp;&nbsp;nrf_fprintf_fmt
</UL>
<BR>[Called By]<UL><LI><a href="#[c2]">&gt;&gt;</a>&nbsp;&nbsp;&nbsp;prefix_process
<LI><a href="#[c4]">&gt;&gt;</a>&nbsp;&nbsp;&nbsp;postfix_process
<LI><a href="#[ba]">&gt;&gt;</a>&nbsp;&nbsp;&nbsp;nrf_log_std_entry_process
<LI><a href="#[bb]">&gt;&gt;</a>&nbsp;&nbsp;&nbsp;nrf_log_hexdump_entry_process
</UL>

<P><STRONG><a name="[6a]"></a>nrf_fprintf_buffer_flush</STRONG> (Thumb, 24 bytes, Stack size 8 bytes, nrf_fprintf.o(i.nrf_fprintf_buffer_flush))
<BR><BR>[Stack]<UL><LI>Max Depth = 8<LI>Call Chain = nrf_fprintf_buffer_flush
</UL>
<BR>[Called By]<UL><LI><a href="#[69]">&gt;&gt;</a>&nbsp;&nbsp;&nbsp;buffer_add
<LI><a href="#[b1]">&gt;&gt;</a>&nbsp;&nbsp;&nbsp;nrf_fprintf_fmt
<LI><a href="#[c4]">&gt;&gt;</a>&nbsp;&nbsp;&nbsp;postfix_process
</UL>

<P><STRONG><a name="[b1]"></a>nrf_fprintf_fmt</STRONG> (Thumb, 474 bytes, Stack size 40 bytes, nrf_fprintf_format.o(i.nrf_fprintf_fmt))
<BR><BR>[Stack]<UL><LI>Max Depth = 144<LI>Call Chain = nrf_fprintf_fmt &rArr; int_print &rArr; unsigned_print &rArr; buffer_add &rArr; nrf_fprintf_buffer_flush
</UL>
<BR>[Calls]<UL><LI><a href="#[9b]">&gt;&gt;</a>&nbsp;&nbsp;&nbsp;unsigned_print
<LI><a href="#[9a]">&gt;&gt;</a>&nbsp;&nbsp;&nbsp;int_print
<LI><a href="#[69]">&gt;&gt;</a>&nbsp;&nbsp;&nbsp;buffer_add
<LI><a href="#[6a]">&gt;&gt;</a>&nbsp;&nbsp;&nbsp;nrf_fprintf_buffer_flush
<LI><a href="#[b2]">&gt;&gt;</a>&nbsp;&nbsp;&nbsp;strlen
</UL>
<BR>[Called By]<UL><LI><a href="#[b0]">&gt;&gt;</a>&nbsp;&nbsp;&nbsp;nrf_fprintf
</UL>

<P><STRONG><a name="[bd]"></a>nrf_log_backend_add</STRONG> (Thumb, 86 bytes, Stack size 12 bytes, nrf_log_frontend.o(i.nrf_log_backend_add))
<BR><BR>[Stack]<UL><LI>Max Depth = 12<LI>Call Chain = nrf_log_backend_add
</UL>
<BR>[Called By]<UL><LI><a href="#[a0]">&gt;&gt;</a>&nbsp;&nbsp;&nbsp;nrf_log_default_backends_init
</UL>

<P><STRONG><a name="[b5]"></a>nrf_log_backend_rtt_init</STRONG> (Thumb, 4 bytes, Stack size 0 bytes, nrf_log_backend_rtt.o(i.nrf_log_backend_rtt_init))
<BR><BR>[Stack]<UL><LI>Max Depth = 8<LI>Call Chain = nrf_log_backend_rtt_init &rArr; SEGGER_RTT_Init &rArr; _DoInit
</UL>
<BR>[Calls]<UL><LI><a href="#[47]">&gt;&gt;</a>&nbsp;&nbsp;&nbsp;SEGGER_RTT_Init
</UL>
<BR>[Called By]<UL><LI><a href="#[a0]">&gt;&gt;</a>&nbsp;&nbsp;&nbsp;nrf_log_default_backends_init
</UL>

<P><STRONG><a name="[b6]"></a>nrf_log_backend_serial_put</STRONG> (Thumb, 200 bytes, Stack size 104 bytes, nrf_log_backend_serial.o(i.nrf_log_backend_serial_put))
<BR><BR>[Stack]<UL><LI>Max Depth = 336<LI>Call Chain = nrf_log_backend_serial_put &rArr; nrf_log_std_entry_process &rArr; prefix_process &rArr; nrf_fprintf &rArr; nrf_fprintf_fmt &rArr; int_print &rArr; unsigned_print &rArr; buffer_add &rArr; nrf_fprintf_buffer_flush
</UL>
<BR>[Calls]<UL><LI><a href="#[b9]">&gt;&gt;</a>&nbsp;&nbsp;&nbsp;nrf_memobj_read
<LI><a href="#[bc]">&gt;&gt;</a>&nbsp;&nbsp;&nbsp;nrf_memobj_put
<LI><a href="#[b7]">&gt;&gt;</a>&nbsp;&nbsp;&nbsp;nrf_memobj_get
<LI><a href="#[ba]">&gt;&gt;</a>&nbsp;&nbsp;&nbsp;nrf_log_std_entry_process
<LI><a href="#[bb]">&gt;&gt;</a>&nbsp;&nbsp;&nbsp;nrf_log_hexdump_entry_process
<LI><a href="#[b8]">&gt;&gt;</a>&nbsp;&nbsp;&nbsp;__aeabi_memclr4
</UL>
<BR>[Called By]<UL><LI><a href="#[3e]">&gt;&gt;</a>&nbsp;&nbsp;&nbsp;nrf_log_backend_rtt_put
</UL>

<P><STRONG><a name="[ce]"></a>nrf_log_color_id_get</STRONG> (Thumb, 42 bytes, Stack size 0 bytes, nrf_log_frontend.o(i.nrf_log_color_id_get))
<BR><BR>[Called By]<UL><LI><a href="#[c2]">&gt;&gt;</a>&nbsp;&nbsp;&nbsp;prefix_process
</UL>

<P><STRONG><a name="[a0]"></a>nrf_log_default_backends_init</STRONG> (Thumb, 24 bytes, Stack size 8 bytes, nrf_log_default_backends.o(i.nrf_log_default_backends_init))
<BR><BR>[Stack]<UL><LI>Max Depth = 20<LI>Call Chain = nrf_log_default_backends_init &rArr; nrf_log_backend_add
</UL>
<BR>[Calls]<UL><LI><a href="#[bd]">&gt;&gt;</a>&nbsp;&nbsp;&nbsp;nrf_log_backend_add
<LI><a href="#[b5]">&gt;&gt;</a>&nbsp;&nbsp;&nbsp;nrf_log_backend_rtt_init
</UL>
<BR>[Called By]<UL><LI><a href="#[2f]">&gt;&gt;</a>&nbsp;&nbsp;&nbsp;main
</UL>

<P><STRONG><a name="[54]"></a>nrf_log_frontend_dequeue</STRONG> (Thumb, 522 bytes, Stack size 80 bytes, nrf_log_frontend.o(i.nrf_log_frontend_dequeue))
<BR><BR>[Stack]<UL><LI>Max Depth = 144 + In Cycle
<LI>Call Chain = nrf_log_frontend_dequeue &rArr;  nrf_log_frontend_std_0 (Cycle)
</UL>
<BR>[Calls]<UL><LI><a href="#[55]">&gt;&gt;</a>&nbsp;&nbsp;&nbsp;nrf_log_frontend_std_0
<LI><a href="#[63]">&gt;&gt;</a>&nbsp;&nbsp;&nbsp;app_util_critical_region_exit
<LI><a href="#[61]">&gt;&gt;</a>&nbsp;&nbsp;&nbsp;app_util_critical_region_enter
<LI><a href="#[c0]">&gt;&gt;</a>&nbsp;&nbsp;&nbsp;nrf_memobj_write
<LI><a href="#[bc]">&gt;&gt;</a>&nbsp;&nbsp;&nbsp;nrf_memobj_put
<LI><a href="#[b7]">&gt;&gt;</a>&nbsp;&nbsp;&nbsp;nrf_memobj_get
<LI><a href="#[bf]">&gt;&gt;</a>&nbsp;&nbsp;&nbsp;nrf_memobj_alloc
<LI><a href="#[be]">&gt;&gt;</a>&nbsp;&nbsp;&nbsp;buffer_is_empty
<LI><a href="#[9d]">&gt;&gt;</a>&nbsp;&nbsp;&nbsp;invalid_packets_omit
</UL>
<BR>[Called By]<UL><LI><a href="#[52]">&gt;&gt;</a>&nbsp;&nbsp;&nbsp;app_error_fault_handler
<LI><a href="#[c1]">&gt;&gt;</a>&nbsp;&nbsp;&nbsp;std_n
</UL>

<P><STRONG><a name="[55]"></a>nrf_log_frontend_std_0</STRONG> (Thumb, 8 bytes, Stack size 0 bytes, nrf_log_frontend.o(i.nrf_log_frontend_std_0))
<BR><BR>[Stack]<UL><LI>Max Depth = 184<LI>Call Chain = nrf_log_frontend_std_0 &rArr; std_n &rArr; nrf_log_frontend_dequeue &rArr;  nrf_log_frontend_std_0 (Cycle)
</UL>
<BR>[Calls]<UL><LI><a href="#[c1]">&gt;&gt;</a>&nbsp;&nbsp;&nbsp;std_n
</UL>
<BR>[Called By]<UL><LI><a href="#[2f]">&gt;&gt;</a>&nbsp;&nbsp;&nbsp;main
<LI><a href="#[94]">&gt;&gt;</a>&nbsp;&nbsp;&nbsp;fatfs_example
<LI><a href="#[54]">&gt;&gt;</a>&nbsp;&nbsp;&nbsp;nrf_log_frontend_dequeue
<LI><a href="#[52]">&gt;&gt;</a>&nbsp;&nbsp;&nbsp;app_error_fault_handler
</UL>

<P><STRONG><a name="[97]"></a>nrf_log_frontend_std_1</STRONG> (Thumb, 14 bytes, Stack size 8 bytes, nrf_log_frontend.o(i.nrf_log_frontend_std_1))
<BR><BR>[Stack]<UL><LI>Max Depth = 192<LI>Call Chain = nrf_log_frontend_std_1 &rArr; std_n &rArr; nrf_log_frontend_dequeue &rArr;  nrf_log_frontend_std_0 (Cycle)
</UL>
<BR>[Calls]<UL><LI><a href="#[c1]">&gt;&gt;</a>&nbsp;&nbsp;&nbsp;std_n
</UL>
<BR>[Called By]<UL><LI><a href="#[94]">&gt;&gt;</a>&nbsp;&nbsp;&nbsp;fatfs_example
</UL>

<P><STRONG><a name="[98]"></a>nrf_log_frontend_std_2</STRONG> (Thumb, 16 bytes, Stack size 16 bytes, nrf_log_frontend.o(i.nrf_log_frontend_std_2))
<BR><BR>[Stack]<UL><LI>Max Depth = 200<LI>Call Chain = nrf_log_frontend_std_2 &rArr; std_n &rArr; nrf_log_frontend_dequeue &rArr;  nrf_log_frontend_std_0 (Cycle)
</UL>
<BR>[Calls]<UL><LI><a href="#[c1]">&gt;&gt;</a>&nbsp;&nbsp;&nbsp;std_n
</UL>
<BR>[Called By]<UL><LI><a href="#[94]">&gt;&gt;</a>&nbsp;&nbsp;&nbsp;fatfs_example
</UL>

<P><STRONG><a name="[bb]"></a>nrf_log_hexdump_entry_process</STRONG> (Thumb, 146 bytes, Stack size 32 bytes, nrf_log_str_formatter.o(i.nrf_log_hexdump_entry_process))
<BR><BR>[Stack]<UL><LI>Max Depth = 216<LI>Call Chain = nrf_log_hexdump_entry_process &rArr; prefix_process &rArr; nrf_fprintf &rArr; nrf_fprintf_fmt &rArr; int_print &rArr; unsigned_print &rArr; buffer_add &rArr; nrf_fprintf_buffer_flush
</UL>
<BR>[Calls]<UL><LI><a href="#[b0]">&gt;&gt;</a>&nbsp;&nbsp;&nbsp;nrf_fprintf
<LI><a href="#[c2]">&gt;&gt;</a>&nbsp;&nbsp;&nbsp;prefix_process
<LI><a href="#[c4]">&gt;&gt;</a>&nbsp;&nbsp;&nbsp;postfix_process
<LI><a href="#[c3]">&gt;&gt;</a>&nbsp;&nbsp;&nbsp;__rt_ctype_table
</UL>
<BR>[Called By]<UL><LI><a href="#[b6]">&gt;&gt;</a>&nbsp;&nbsp;&nbsp;nrf_log_backend_serial_put
</UL>

<P><STRONG><a name="[9f]"></a>nrf_log_init</STRONG> (Thumb, 48 bytes, Stack size 8 bytes, nrf_log_frontend.o(i.nrf_log_init))
<BR><BR>[Stack]<UL><LI>Max Depth = 16<LI>Call Chain = nrf_log_init &rArr; nrf_memobj_pool_init &rArr; nrf_balloc_init
</UL>
<BR>[Calls]<UL><LI><a href="#[c5]">&gt;&gt;</a>&nbsp;&nbsp;&nbsp;nrf_memobj_pool_init
<LI><a href="#[c6]">&gt;&gt;</a>&nbsp;&nbsp;&nbsp;nrf_ringbuf_init
</UL>
<BR>[Called By]<UL><LI><a href="#[2f]">&gt;&gt;</a>&nbsp;&nbsp;&nbsp;main
</UL>

<P><STRONG><a name="[a3]"></a>nrf_log_module_cnt_get</STRONG> (Thumb, 10 bytes, Stack size 0 bytes, nrf_log_frontend.o(i.nrf_log_module_cnt_get))
<BR><BR>[Called By]<UL><LI><a href="#[a2]">&gt;&gt;</a>&nbsp;&nbsp;&nbsp;module_idx_get
</UL>

<P><STRONG><a name="[c7]"></a>nrf_log_module_name_get</STRONG> (Thumb, 24 bytes, Stack size 16 bytes, nrf_log_frontend.o(i.nrf_log_module_name_get))
<BR><BR>[Stack]<UL><LI>Max Depth = 28<LI>Call Chain = nrf_log_module_name_get &rArr; module_idx_get
</UL>
<BR>[Calls]<UL><LI><a href="#[a2]">&gt;&gt;</a>&nbsp;&nbsp;&nbsp;module_idx_get
</UL>
<BR>[Called By]<UL><LI><a href="#[c2]">&gt;&gt;</a>&nbsp;&nbsp;&nbsp;prefix_process
</UL>

<P><STRONG><a name="[53]"></a>nrf_log_panic</STRONG> (Thumb, 38 bytes, Stack size 16 bytes, nrf_log_frontend.o(i.nrf_log_panic))
<BR><BR>[Stack]<UL><LI>Max Depth = 16<LI>Call Chain = nrf_log_panic
</UL>
<BR>[Called By]<UL><LI><a href="#[52]">&gt;&gt;</a>&nbsp;&nbsp;&nbsp;app_error_fault_handler
</UL>

<P><STRONG><a name="[ba]"></a>nrf_log_std_entry_process</STRONG> (Thumb, 182 bytes, Stack size 48 bytes, nrf_log_str_formatter.o(i.nrf_log_std_entry_process))
<BR><BR>[Stack]<UL><LI>Max Depth = 232<LI>Call Chain = nrf_log_std_entry_process &rArr; prefix_process &rArr; nrf_fprintf &rArr; nrf_fprintf_fmt &rArr; int_print &rArr; unsigned_print &rArr; buffer_add &rArr; nrf_fprintf_buffer_flush
</UL>
<BR>[Calls]<UL><LI><a href="#[b0]">&gt;&gt;</a>&nbsp;&nbsp;&nbsp;nrf_fprintf
<LI><a href="#[c2]">&gt;&gt;</a>&nbsp;&nbsp;&nbsp;prefix_process
<LI><a href="#[c4]">&gt;&gt;</a>&nbsp;&nbsp;&nbsp;postfix_process
</UL>
<BR>[Called By]<UL><LI><a href="#[b6]">&gt;&gt;</a>&nbsp;&nbsp;&nbsp;nrf_log_backend_serial_put
</UL>

<P><STRONG><a name="[bf]"></a>nrf_memobj_alloc</STRONG> (Thumb, 96 bytes, Stack size 24 bytes, nrf_memobj.o(i.nrf_memobj_alloc))
<BR><BR>[Stack]<UL><LI>Max Depth = 64<LI>Call Chain = nrf_memobj_alloc &rArr; nrf_memobj_free &rArr; nrf_balloc_free
</UL>
<BR>[Calls]<UL><LI><a href="#[c8]">&gt;&gt;</a>&nbsp;&nbsp;&nbsp;nrf_memobj_free
<LI><a href="#[ac]">&gt;&gt;</a>&nbsp;&nbsp;&nbsp;nrf_balloc_alloc
</UL>
<BR>[Called By]<UL><LI><a href="#[54]">&gt;&gt;</a>&nbsp;&nbsp;&nbsp;nrf_log_frontend_dequeue
</UL>

<P><STRONG><a name="[c8]"></a>nrf_memobj_free</STRONG> (Thumb, 50 bytes, Stack size 24 bytes, nrf_memobj.o(i.nrf_memobj_free))
<BR><BR>[Stack]<UL><LI>Max Depth = 40<LI>Call Chain = nrf_memobj_free &rArr; nrf_balloc_free
</UL>
<BR>[Calls]<UL><LI><a href="#[ad]">&gt;&gt;</a>&nbsp;&nbsp;&nbsp;nrf_balloc_free
</UL>
<BR>[Called By]<UL><LI><a href="#[bc]">&gt;&gt;</a>&nbsp;&nbsp;&nbsp;nrf_memobj_put
<LI><a href="#[bf]">&gt;&gt;</a>&nbsp;&nbsp;&nbsp;nrf_memobj_alloc
</UL>

<P><STRONG><a name="[b7]"></a>nrf_memobj_get</STRONG> (Thumb, 8 bytes, Stack size 0 bytes, nrf_memobj.o(i.nrf_memobj_get))
<BR><BR>[Stack]<UL><LI>Max Depth = 8<LI>Call Chain = nrf_memobj_get &rArr; nrf_atomic_u32_add
</UL>
<BR>[Calls]<UL><LI><a href="#[67]">&gt;&gt;</a>&nbsp;&nbsp;&nbsp;nrf_atomic_u32_add
</UL>
<BR>[Called By]<UL><LI><a href="#[54]">&gt;&gt;</a>&nbsp;&nbsp;&nbsp;nrf_log_frontend_dequeue
<LI><a href="#[b6]">&gt;&gt;</a>&nbsp;&nbsp;&nbsp;nrf_log_backend_serial_put
</UL>

<P><STRONG><a name="[c5]"></a>nrf_memobj_pool_init</STRONG> (Thumb, 4 bytes, Stack size 0 bytes, nrf_memobj.o(i.nrf_memobj_pool_init))
<BR><BR>[Stack]<UL><LI>Max Depth = 8<LI>Call Chain = nrf_memobj_pool_init &rArr; nrf_balloc_init
</UL>
<BR>[Calls]<UL><LI><a href="#[c9]">&gt;&gt;</a>&nbsp;&nbsp;&nbsp;nrf_balloc_init
</UL>
<BR>[Called By]<UL><LI><a href="#[9f]">&gt;&gt;</a>&nbsp;&nbsp;&nbsp;nrf_log_init
</UL>

<P><STRONG><a name="[bc]"></a>nrf_memobj_put</STRONG> (Thumb, 30 bytes, Stack size 8 bytes, nrf_memobj.o(i.nrf_memobj_put))
<BR><BR>[Stack]<UL><LI>Max Depth = 48<LI>Call Chain = nrf_memobj_put &rArr; nrf_memobj_free &rArr; nrf_balloc_free
</UL>
<BR>[Calls]<UL><LI><a href="#[c8]">&gt;&gt;</a>&nbsp;&nbsp;&nbsp;nrf_memobj_free
<LI><a href="#[aa]">&gt;&gt;</a>&nbsp;&nbsp;&nbsp;nrf_atomic_u32_sub
</UL>
<BR>[Called By]<UL><LI><a href="#[54]">&gt;&gt;</a>&nbsp;&nbsp;&nbsp;nrf_log_frontend_dequeue
<LI><a href="#[b6]">&gt;&gt;</a>&nbsp;&nbsp;&nbsp;nrf_log_backend_serial_put
</UL>

<P><STRONG><a name="[b9]"></a>nrf_memobj_read</STRONG> (Thumb, 16 bytes, Stack size 16 bytes, nrf_memobj.o(i.nrf_memobj_read))
<BR><BR>[Stack]<UL><LI>Max Depth = 48<LI>Call Chain = nrf_memobj_read &rArr; memobj_op
</UL>
<BR>[Calls]<UL><LI><a href="#[a1]">&gt;&gt;</a>&nbsp;&nbsp;&nbsp;memobj_op
</UL>
<BR>[Called By]<UL><LI><a href="#[b6]">&gt;&gt;</a>&nbsp;&nbsp;&nbsp;nrf_log_backend_serial_put
</UL>

<P><STRONG><a name="[c0]"></a>nrf_memobj_write</STRONG> (Thumb, 16 bytes, Stack size 16 bytes, nrf_memobj.o(i.nrf_memobj_write))
<BR><BR>[Stack]<UL><LI>Max Depth = 48<LI>Call Chain = nrf_memobj_write &rArr; memobj_op
</UL>
<BR>[Calls]<UL><LI><a href="#[a1]">&gt;&gt;</a>&nbsp;&nbsp;&nbsp;memobj_op
</UL>
<BR>[Called By]<UL><LI><a href="#[54]">&gt;&gt;</a>&nbsp;&nbsp;&nbsp;nrf_log_frontend_dequeue
</UL>

<P><STRONG><a name="[c6]"></a>nrf_ringbuf_init</STRONG> (Thumb, 28 bytes, Stack size 0 bytes, nrf_ringbuf.o(i.nrf_ringbuf_init))
<BR><BR>[Called By]<UL><LI><a href="#[9f]">&gt;&gt;</a>&nbsp;&nbsp;&nbsp;nrf_log_init
</UL>

<P><STRONG><a name="[ca]"></a>nrfx_prs_acquire</STRONG> (Thumb, 48 bytes, Stack size 16 bytes, nrfx_prs.o(i.nrfx_prs_acquire))
<BR><BR>[Stack]<UL><LI>Max Depth = 16<LI>Call Chain = nrfx_prs_acquire
</UL>
<BR>[Calls]<UL><LI><a href="#[63]">&gt;&gt;</a>&nbsp;&nbsp;&nbsp;app_util_critical_region_exit
<LI><a href="#[61]">&gt;&gt;</a>&nbsp;&nbsp;&nbsp;app_util_critical_region_enter
<LI><a href="#[cb]">&gt;&gt;</a>&nbsp;&nbsp;&nbsp;prs_box_get
</UL>
<BR>[Called By]<UL><LI><a href="#[ae]">&gt;&gt;</a>&nbsp;&nbsp;&nbsp;nrfx_spim_init
</UL>

<P><STRONG><a name="[cc]"></a>nrfx_prs_release</STRONG> (Thumb, 18 bytes, Stack size 8 bytes, nrfx_prs.o(i.nrfx_prs_release))
<BR><BR>[Stack]<UL><LI>Max Depth = 8<LI>Call Chain = nrfx_prs_release
</UL>
<BR>[Calls]<UL><LI><a href="#[cb]">&gt;&gt;</a>&nbsp;&nbsp;&nbsp;prs_box_get
</UL>
<BR>[Called By]<UL><LI><a href="#[60]">&gt;&gt;</a>&nbsp;&nbsp;&nbsp;nrfx_spim_uninit
</UL>

<P><STRONG><a name="[ae]"></a>nrfx_spim_init</STRONG> (Thumb, 366 bytes, Stack size 40 bytes, nrfx_spim.o(i.nrfx_spim_init))
<BR><BR>[Stack]<UL><LI>Max Depth = 72<LI>Call Chain = nrfx_spim_init &rArr; nrf_gpio_cfg_output &rArr; nrf_gpio_cfg
</UL>
<BR>[Calls]<UL><LI><a href="#[4f]">&gt;&gt;</a>&nbsp;&nbsp;&nbsp;nrf_gpio_pin_set
<LI><a href="#[4e]">&gt;&gt;</a>&nbsp;&nbsp;&nbsp;nrf_gpio_pin_clear
<LI><a href="#[b3]">&gt;&gt;</a>&nbsp;&nbsp;&nbsp;nrf_gpio_cfg_output
<LI><a href="#[b4]">&gt;&gt;</a>&nbsp;&nbsp;&nbsp;nrf_gpio_cfg
<LI><a href="#[ca]">&gt;&gt;</a>&nbsp;&nbsp;&nbsp;nrfx_prs_acquire
</UL>
<BR>[Called By]<UL><LI><a href="#[5d]">&gt;&gt;</a>&nbsp;&nbsp;&nbsp;nrf_drv_spi_init
</UL>

<P><STRONG><a name="[60]"></a>nrfx_spim_uninit</STRONG> (Thumb, 126 bytes, Stack size 32 bytes, nrfx_spim.o(i.nrfx_spim_uninit))
<BR><BR>[Stack]<UL><LI>Max Depth = 48<LI>Call Chain = nrfx_spim_uninit &rArr; nrf_gpio_cfg
</UL>
<BR>[Calls]<UL><LI><a href="#[4d]">&gt;&gt;</a>&nbsp;&nbsp;&nbsp;nrf_spim_event_check
<LI><a href="#[b4]">&gt;&gt;</a>&nbsp;&nbsp;&nbsp;nrf_gpio_cfg
<LI><a href="#[cc]">&gt;&gt;</a>&nbsp;&nbsp;&nbsp;nrfx_prs_release
</UL>
<BR>[Called By]<UL><LI><a href="#[5f]">&gt;&gt;</a>&nbsp;&nbsp;&nbsp;app_sdc_uninit
</UL>

<P><STRONG><a name="[af]"></a>nrfx_spim_xfer</STRONG> (Thumb, 94 bytes, Stack size 24 bytes, nrfx_spim.o(i.nrfx_spim_xfer))
<BR><BR>[Stack]<UL><LI>Max Depth = 56<LI>Call Chain = nrfx_spim_xfer &rArr; spim_xfer
</UL>
<BR>[Calls]<UL><LI><a href="#[cd]">&gt;&gt;</a>&nbsp;&nbsp;&nbsp;spim_xfer
<LI><a href="#[4f]">&gt;&gt;</a>&nbsp;&nbsp;&nbsp;nrf_gpio_pin_set
<LI><a href="#[4e]">&gt;&gt;</a>&nbsp;&nbsp;&nbsp;nrf_gpio_pin_clear
</UL>
<BR>[Called By]<UL><LI><a href="#[5e]">&gt;&gt;</a>&nbsp;&nbsp;&nbsp;nrf_drv_spi_transfer
</UL>
<P>
<H3>
Local Symbols
</H3>
<P><STRONG><a name="[94]"></a>fatfs_example</STRONG> (Thumb, 304 bytes, Stack size 24 bytes, main.o(i.fatfs_example))
<BR><BR>[Stack]<UL><LI>Max Depth = 320<LI>Call Chain = fatfs_example &rArr; f_open &rArr; follow_path &rArr; dir_find &rArr; dir_next &rArr; create_chain &rArr; put_fat &rArr; move_window &rArr; sync_window &rArr; disk_write
</UL>
<BR>[Calls]<UL><LI><a href="#[98]">&gt;&gt;</a>&nbsp;&nbsp;&nbsp;nrf_log_frontend_std_2
<LI><a href="#[97]">&gt;&gt;</a>&nbsp;&nbsp;&nbsp;nrf_log_frontend_std_1
<LI><a href="#[55]">&gt;&gt;</a>&nbsp;&nbsp;&nbsp;nrf_log_frontend_std_0
<LI><a href="#[93]">&gt;&gt;</a>&nbsp;&nbsp;&nbsp;f_write
<LI><a href="#[8e]">&gt;&gt;</a>&nbsp;&nbsp;&nbsp;f_readdir
<LI><a href="#[8d]">&gt;&gt;</a>&nbsp;&nbsp;&nbsp;f_opendir
<LI><a href="#[86]">&gt;&gt;</a>&nbsp;&nbsp;&nbsp;f_open
<LI><a href="#[83]">&gt;&gt;</a>&nbsp;&nbsp;&nbsp;f_mount
<LI><a href="#[80]">&gt;&gt;</a>&nbsp;&nbsp;&nbsp;f_close
<LI><a href="#[95]">&gt;&gt;</a>&nbsp;&nbsp;&nbsp;diskio_blockdev_register
<LI><a href="#[96]">&gt;&gt;</a>&nbsp;&nbsp;&nbsp;disk_initialize
</UL>
<BR>[Called By]<UL><LI><a href="#[2f]">&gt;&gt;</a>&nbsp;&nbsp;&nbsp;main
</UL>

<P><STRONG><a name="[35]"></a>block_dev_handler</STRONG> (Thumb, 40 bytes, Stack size 0 bytes, diskio_blkdev.o(i.block_dev_handler))
<BR>[Address Reference Count : 1]<UL><LI> diskio_blkdev.o(i.disk_initialize)
</UL>
<P><STRONG><a name="[34]"></a>default_wait_func</STRONG> (Thumb, 4 bytes, Stack size 0 bytes, diskio_blkdev.o(i.default_wait_func))
<BR>[Address Reference Count : 1]<UL><LI> diskio_blkdev.o(i.disk_initialize)
</UL>
<P><STRONG><a name="[7d]"></a>nrf_blk_dev_ioctl</STRONG> (Thumb, 6 bytes, Stack size 0 bytes, diskio_blkdev.o(i.nrf_blk_dev_ioctl))
<BR><BR>[Called By]<UL><LI><a href="#[7c]">&gt;&gt;</a>&nbsp;&nbsp;&nbsp;disk_ioctl
</UL>

<P><STRONG><a name="[6b]"></a>check_fs</STRONG> (Thumb, 102 bytes, Stack size 8 bytes, ff.o(i.check_fs))
<BR><BR>[Stack]<UL><LI>Max Depth = 80<LI>Call Chain = check_fs &rArr; move_window &rArr; sync_window &rArr; disk_write
</UL>
<BR>[Calls]<UL><LI><a href="#[6c]">&gt;&gt;</a>&nbsp;&nbsp;&nbsp;move_window
<LI><a href="#[6d]">&gt;&gt;</a>&nbsp;&nbsp;&nbsp;ld_word
<LI><a href="#[6e]">&gt;&gt;</a>&nbsp;&nbsp;&nbsp;ld_dword
</UL>
<BR>[Called By]<UL><LI><a href="#[85]">&gt;&gt;</a>&nbsp;&nbsp;&nbsp;find_volume
</UL>

<P><STRONG><a name="[78]"></a>clust2sect</STRONG> (Thumb, 24 bytes, Stack size 0 bytes, ff.o(i.clust2sect))
<BR><BR>[Called By]<UL><LI><a href="#[75]">&gt;&gt;</a>&nbsp;&nbsp;&nbsp;dir_sdi
<LI><a href="#[76]">&gt;&gt;</a>&nbsp;&nbsp;&nbsp;dir_next
<LI><a href="#[93]">&gt;&gt;</a>&nbsp;&nbsp;&nbsp;f_write
<LI><a href="#[86]">&gt;&gt;</a>&nbsp;&nbsp;&nbsp;f_open
</UL>

<P><STRONG><a name="[6f]"></a>create_chain</STRONG> (Thumb, 164 bytes, Stack size 24 bytes, ff.o(i.create_chain))
<BR><BR>[Stack]<UL><LI>Max Depth = 128<LI>Call Chain = create_chain &rArr; put_fat &rArr; move_window &rArr; sync_window &rArr; disk_write
</UL>
<BR>[Calls]<UL><LI><a href="#[71]">&gt;&gt;</a>&nbsp;&nbsp;&nbsp;put_fat
<LI><a href="#[70]">&gt;&gt;</a>&nbsp;&nbsp;&nbsp;get_fat
</UL>
<BR>[Called By]<UL><LI><a href="#[76]">&gt;&gt;</a>&nbsp;&nbsp;&nbsp;dir_next
<LI><a href="#[93]">&gt;&gt;</a>&nbsp;&nbsp;&nbsp;f_write
</UL>

<P><STRONG><a name="[72]"></a>create_name</STRONG> (Thumb, 210 bytes, Stack size 24 bytes, ff.o(i.create_name))
<BR><BR>[Stack]<UL><LI>Max Depth = 24<LI>Call Chain = create_name
</UL>
<BR>[Calls]<UL><LI><a href="#[73]">&gt;&gt;</a>&nbsp;&nbsp;&nbsp;mem_set
</UL>
<BR>[Called By]<UL><LI><a href="#[87]">&gt;&gt;</a>&nbsp;&nbsp;&nbsp;follow_path
</UL>

<P><STRONG><a name="[74]"></a>dir_find</STRONG> (Thumb, 100 bytes, Stack size 24 bytes, ff.o(i.dir_find))
<BR><BR>[Stack]<UL><LI>Max Depth = 184<LI>Call Chain = dir_find &rArr; dir_next &rArr; create_chain &rArr; put_fat &rArr; move_window &rArr; sync_window &rArr; disk_write
</UL>
<BR>[Calls]<UL><LI><a href="#[6c]">&gt;&gt;</a>&nbsp;&nbsp;&nbsp;move_window
<LI><a href="#[75]">&gt;&gt;</a>&nbsp;&nbsp;&nbsp;dir_sdi
<LI><a href="#[76]">&gt;&gt;</a>&nbsp;&nbsp;&nbsp;dir_next
</UL>
<BR>[Called By]<UL><LI><a href="#[87]">&gt;&gt;</a>&nbsp;&nbsp;&nbsp;follow_path
</UL>

<P><STRONG><a name="[76]"></a>dir_next</STRONG> (Thumb, 244 bytes, Stack size 32 bytes, ff.o(i.dir_next))
<BR><BR>[Stack]<UL><LI>Max Depth = 160<LI>Call Chain = dir_next &rArr; create_chain &rArr; put_fat &rArr; move_window &rArr; sync_window &rArr; disk_write
</UL>
<BR>[Calls]<UL><LI><a href="#[77]">&gt;&gt;</a>&nbsp;&nbsp;&nbsp;sync_window
<LI><a href="#[73]">&gt;&gt;</a>&nbsp;&nbsp;&nbsp;mem_set
<LI><a href="#[70]">&gt;&gt;</a>&nbsp;&nbsp;&nbsp;get_fat
<LI><a href="#[6f]">&gt;&gt;</a>&nbsp;&nbsp;&nbsp;create_chain
<LI><a href="#[78]">&gt;&gt;</a>&nbsp;&nbsp;&nbsp;clust2sect
</UL>
<BR>[Called By]<UL><LI><a href="#[7a]">&gt;&gt;</a>&nbsp;&nbsp;&nbsp;dir_register
<LI><a href="#[79]">&gt;&gt;</a>&nbsp;&nbsp;&nbsp;dir_read
<LI><a href="#[74]">&gt;&gt;</a>&nbsp;&nbsp;&nbsp;dir_find
<LI><a href="#[8e]">&gt;&gt;</a>&nbsp;&nbsp;&nbsp;f_readdir
</UL>

<P><STRONG><a name="[79]"></a>dir_read</STRONG> (Thumb, 96 bytes, Stack size 16 bytes, ff.o(i.dir_read))
<BR><BR>[Stack]<UL><LI>Max Depth = 176<LI>Call Chain = dir_read &rArr; dir_next &rArr; create_chain &rArr; put_fat &rArr; move_window &rArr; sync_window &rArr; disk_write
</UL>
<BR>[Calls]<UL><LI><a href="#[6c]">&gt;&gt;</a>&nbsp;&nbsp;&nbsp;move_window
<LI><a href="#[76]">&gt;&gt;</a>&nbsp;&nbsp;&nbsp;dir_next
</UL>
<BR>[Called By]<UL><LI><a href="#[8e]">&gt;&gt;</a>&nbsp;&nbsp;&nbsp;f_readdir
</UL>

<P><STRONG><a name="[7a]"></a>dir_register</STRONG> (Thumb, 102 bytes, Stack size 16 bytes, ff.o(i.dir_register))
<BR><BR>[Stack]<UL><LI>Max Depth = 176<LI>Call Chain = dir_register &rArr; dir_next &rArr; create_chain &rArr; put_fat &rArr; move_window &rArr; sync_window &rArr; disk_write
</UL>
<BR>[Calls]<UL><LI><a href="#[6c]">&gt;&gt;</a>&nbsp;&nbsp;&nbsp;move_window
<LI><a href="#[73]">&gt;&gt;</a>&nbsp;&nbsp;&nbsp;mem_set
<LI><a href="#[7b]">&gt;&gt;</a>&nbsp;&nbsp;&nbsp;mem_cpy
<LI><a href="#[75]">&gt;&gt;</a>&nbsp;&nbsp;&nbsp;dir_sdi
<LI><a href="#[76]">&gt;&gt;</a>&nbsp;&nbsp;&nbsp;dir_next
</UL>
<BR>[Called By]<UL><LI><a href="#[86]">&gt;&gt;</a>&nbsp;&nbsp;&nbsp;f_open
</UL>

<P><STRONG><a name="[75]"></a>dir_sdi</STRONG> (Thumb, 130 bytes, Stack size 24 bytes, ff.o(i.dir_sdi))
<BR><BR>[Stack]<UL><LI>Max Depth = 120<LI>Call Chain = dir_sdi &rArr; get_fat &rArr; move_window &rArr; sync_window &rArr; disk_write
</UL>
<BR>[Calls]<UL><LI><a href="#[70]">&gt;&gt;</a>&nbsp;&nbsp;&nbsp;get_fat
<LI><a href="#[78]">&gt;&gt;</a>&nbsp;&nbsp;&nbsp;clust2sect
</UL>
<BR>[Called By]<UL><LI><a href="#[87]">&gt;&gt;</a>&nbsp;&nbsp;&nbsp;follow_path
<LI><a href="#[7a]">&gt;&gt;</a>&nbsp;&nbsp;&nbsp;dir_register
<LI><a href="#[74]">&gt;&gt;</a>&nbsp;&nbsp;&nbsp;dir_find
<LI><a href="#[8e]">&gt;&gt;</a>&nbsp;&nbsp;&nbsp;f_readdir
<LI><a href="#[8d]">&gt;&gt;</a>&nbsp;&nbsp;&nbsp;f_opendir
</UL>

<P><STRONG><a name="[85]"></a>find_volume</STRONG> (Thumb, 576 bytes, Stack size 40 bytes, ff.o(i.find_volume))
<BR><BR>[Stack]<UL><LI>Max Depth = 120<LI>Call Chain = find_volume &rArr; check_fs &rArr; move_window &rArr; sync_window &rArr; disk_write
</UL>
<BR>[Calls]<UL><LI><a href="#[6c]">&gt;&gt;</a>&nbsp;&nbsp;&nbsp;move_window
<LI><a href="#[6d]">&gt;&gt;</a>&nbsp;&nbsp;&nbsp;ld_word
<LI><a href="#[6e]">&gt;&gt;</a>&nbsp;&nbsp;&nbsp;ld_dword
<LI><a href="#[84]">&gt;&gt;</a>&nbsp;&nbsp;&nbsp;get_ldnumber
<LI><a href="#[6b]">&gt;&gt;</a>&nbsp;&nbsp;&nbsp;check_fs
<LI><a href="#[99]">&gt;&gt;</a>&nbsp;&nbsp;&nbsp;disk_status
<LI><a href="#[96]">&gt;&gt;</a>&nbsp;&nbsp;&nbsp;disk_initialize
</UL>
<BR>[Called By]<UL><LI><a href="#[8d]">&gt;&gt;</a>&nbsp;&nbsp;&nbsp;f_opendir
<LI><a href="#[86]">&gt;&gt;</a>&nbsp;&nbsp;&nbsp;f_open
<LI><a href="#[83]">&gt;&gt;</a>&nbsp;&nbsp;&nbsp;f_mount
</UL>

<P><STRONG><a name="[87]"></a>follow_path</STRONG> (Thumb, 116 bytes, Stack size 24 bytes, ff.o(i.follow_path))
<BR><BR>[Stack]<UL><LI>Max Depth = 208<LI>Call Chain = follow_path &rArr; dir_find &rArr; dir_next &rArr; create_chain &rArr; put_fat &rArr; move_window &rArr; sync_window &rArr; disk_write
</UL>
<BR>[Calls]<UL><LI><a href="#[89]">&gt;&gt;</a>&nbsp;&nbsp;&nbsp;ld_clust
<LI><a href="#[75]">&gt;&gt;</a>&nbsp;&nbsp;&nbsp;dir_sdi
<LI><a href="#[74]">&gt;&gt;</a>&nbsp;&nbsp;&nbsp;dir_find
<LI><a href="#[72]">&gt;&gt;</a>&nbsp;&nbsp;&nbsp;create_name
</UL>
<BR>[Called By]<UL><LI><a href="#[8d]">&gt;&gt;</a>&nbsp;&nbsp;&nbsp;f_opendir
<LI><a href="#[86]">&gt;&gt;</a>&nbsp;&nbsp;&nbsp;f_open
</UL>

<P><STRONG><a name="[70]"></a>get_fat</STRONG> (Thumb, 190 bytes, Stack size 24 bytes, ff.o(i.get_fat))
<BR><BR>[Stack]<UL><LI>Max Depth = 96<LI>Call Chain = get_fat &rArr; move_window &rArr; sync_window &rArr; disk_write
</UL>
<BR>[Calls]<UL><LI><a href="#[6c]">&gt;&gt;</a>&nbsp;&nbsp;&nbsp;move_window
<LI><a href="#[6d]">&gt;&gt;</a>&nbsp;&nbsp;&nbsp;ld_word
<LI><a href="#[6e]">&gt;&gt;</a>&nbsp;&nbsp;&nbsp;ld_dword
</UL>
<BR>[Called By]<UL><LI><a href="#[8b]">&gt;&gt;</a>&nbsp;&nbsp;&nbsp;remove_chain
<LI><a href="#[75]">&gt;&gt;</a>&nbsp;&nbsp;&nbsp;dir_sdi
<LI><a href="#[76]">&gt;&gt;</a>&nbsp;&nbsp;&nbsp;dir_next
<LI><a href="#[6f]">&gt;&gt;</a>&nbsp;&nbsp;&nbsp;create_chain
<LI><a href="#[86]">&gt;&gt;</a>&nbsp;&nbsp;&nbsp;f_open
</UL>

<P><STRONG><a name="[8f]"></a>get_fileinfo</STRONG> (Thumb, 98 bytes, Stack size 24 bytes, ff.o(i.get_fileinfo))
<BR><BR>[Stack]<UL><LI>Max Depth = 24<LI>Call Chain = get_fileinfo
</UL>
<BR>[Calls]<UL><LI><a href="#[6e]">&gt;&gt;</a>&nbsp;&nbsp;&nbsp;ld_dword
</UL>
<BR>[Called By]<UL><LI><a href="#[8e]">&gt;&gt;</a>&nbsp;&nbsp;&nbsp;f_readdir
</UL>

<P><STRONG><a name="[84]"></a>get_ldnumber</STRONG> (Thumb, 60 bytes, Stack size 8 bytes, ff.o(i.get_ldnumber))
<BR><BR>[Stack]<UL><LI>Max Depth = 8<LI>Call Chain = get_ldnumber
</UL>
<BR>[Called By]<UL><LI><a href="#[85]">&gt;&gt;</a>&nbsp;&nbsp;&nbsp;find_volume
<LI><a href="#[83]">&gt;&gt;</a>&nbsp;&nbsp;&nbsp;f_mount
</UL>

<P><STRONG><a name="[89]"></a>ld_clust</STRONG> (Thumb, 38 bytes, Stack size 16 bytes, ff.o(i.ld_clust))
<BR><BR>[Stack]<UL><LI>Max Depth = 16<LI>Call Chain = ld_clust
</UL>
<BR>[Calls]<UL><LI><a href="#[6d]">&gt;&gt;</a>&nbsp;&nbsp;&nbsp;ld_word
</UL>
<BR>[Called By]<UL><LI><a href="#[87]">&gt;&gt;</a>&nbsp;&nbsp;&nbsp;follow_path
<LI><a href="#[8d]">&gt;&gt;</a>&nbsp;&nbsp;&nbsp;f_opendir
<LI><a href="#[86]">&gt;&gt;</a>&nbsp;&nbsp;&nbsp;f_open
</UL>

<P><STRONG><a name="[6e]"></a>ld_dword</STRONG> (Thumb, 22 bytes, Stack size 0 bytes, ff.o(i.ld_dword))
<BR><BR>[Called By]<UL><LI><a href="#[71]">&gt;&gt;</a>&nbsp;&nbsp;&nbsp;put_fat
<LI><a href="#[8f]">&gt;&gt;</a>&nbsp;&nbsp;&nbsp;get_fileinfo
<LI><a href="#[70]">&gt;&gt;</a>&nbsp;&nbsp;&nbsp;get_fat
<LI><a href="#[85]">&gt;&gt;</a>&nbsp;&nbsp;&nbsp;find_volume
<LI><a href="#[6b]">&gt;&gt;</a>&nbsp;&nbsp;&nbsp;check_fs
<LI><a href="#[86]">&gt;&gt;</a>&nbsp;&nbsp;&nbsp;f_open
</UL>

<P><STRONG><a name="[6d]"></a>ld_word</STRONG> (Thumb, 10 bytes, Stack size 0 bytes, ff.o(i.ld_word))
<BR><BR>[Called By]<UL><LI><a href="#[89]">&gt;&gt;</a>&nbsp;&nbsp;&nbsp;ld_clust
<LI><a href="#[70]">&gt;&gt;</a>&nbsp;&nbsp;&nbsp;get_fat
<LI><a href="#[85]">&gt;&gt;</a>&nbsp;&nbsp;&nbsp;find_volume
<LI><a href="#[6b]">&gt;&gt;</a>&nbsp;&nbsp;&nbsp;check_fs
</UL>

<P><STRONG><a name="[7b]"></a>mem_cpy</STRONG> (Thumb, 18 bytes, Stack size 0 bytes, ff.o(i.mem_cpy))
<BR><BR>[Called By]<UL><LI><a href="#[7a]">&gt;&gt;</a>&nbsp;&nbsp;&nbsp;dir_register
<LI><a href="#[93]">&gt;&gt;</a>&nbsp;&nbsp;&nbsp;f_write
</UL>

<P><STRONG><a name="[73]"></a>mem_set</STRONG> (Thumb, 14 bytes, Stack size 0 bytes, ff.o(i.mem_set))
<BR><BR>[Called By]<UL><LI><a href="#[92]">&gt;&gt;</a>&nbsp;&nbsp;&nbsp;sync_fs
<LI><a href="#[7a]">&gt;&gt;</a>&nbsp;&nbsp;&nbsp;dir_register
<LI><a href="#[76]">&gt;&gt;</a>&nbsp;&nbsp;&nbsp;dir_next
<LI><a href="#[72]">&gt;&gt;</a>&nbsp;&nbsp;&nbsp;create_name
<LI><a href="#[86]">&gt;&gt;</a>&nbsp;&nbsp;&nbsp;f_open
</UL>

<P><STRONG><a name="[6c]"></a>move_window</STRONG> (Thumb, 50 bytes, Stack size 16 bytes, ff.o(i.move_window))
<BR><BR>[Stack]<UL><LI>Max Depth = 72<LI>Call Chain = move_window &rArr; sync_window &rArr; disk_write
</UL>
<BR>[Calls]<UL><LI><a href="#[77]">&gt;&gt;</a>&nbsp;&nbsp;&nbsp;sync_window
<LI><a href="#[8c]">&gt;&gt;</a>&nbsp;&nbsp;&nbsp;disk_read
</UL>
<BR>[Called By]<UL><LI><a href="#[81]">&gt;&gt;</a>&nbsp;&nbsp;&nbsp;f_sync
<LI><a href="#[71]">&gt;&gt;</a>&nbsp;&nbsp;&nbsp;put_fat
<LI><a href="#[70]">&gt;&gt;</a>&nbsp;&nbsp;&nbsp;get_fat
<LI><a href="#[85]">&gt;&gt;</a>&nbsp;&nbsp;&nbsp;find_volume
<LI><a href="#[7a]">&gt;&gt;</a>&nbsp;&nbsp;&nbsp;dir_register
<LI><a href="#[79]">&gt;&gt;</a>&nbsp;&nbsp;&nbsp;dir_read
<LI><a href="#[74]">&gt;&gt;</a>&nbsp;&nbsp;&nbsp;dir_find
<LI><a href="#[6b]">&gt;&gt;</a>&nbsp;&nbsp;&nbsp;check_fs
<LI><a href="#[86]">&gt;&gt;</a>&nbsp;&nbsp;&nbsp;f_open
</UL>

<P><STRONG><a name="[71]"></a>put_fat</STRONG> (Thumb, 234 bytes, Stack size 32 bytes, ff.o(i.put_fat))
<BR><BR>[Stack]<UL><LI>Max Depth = 104<LI>Call Chain = put_fat &rArr; move_window &rArr; sync_window &rArr; disk_write
</UL>
<BR>[Calls]<UL><LI><a href="#[91]">&gt;&gt;</a>&nbsp;&nbsp;&nbsp;st_word
<LI><a href="#[88]">&gt;&gt;</a>&nbsp;&nbsp;&nbsp;st_dword
<LI><a href="#[6c]">&gt;&gt;</a>&nbsp;&nbsp;&nbsp;move_window
<LI><a href="#[6e]">&gt;&gt;</a>&nbsp;&nbsp;&nbsp;ld_dword
</UL>
<BR>[Called By]<UL><LI><a href="#[8b]">&gt;&gt;</a>&nbsp;&nbsp;&nbsp;remove_chain
<LI><a href="#[6f]">&gt;&gt;</a>&nbsp;&nbsp;&nbsp;create_chain
</UL>

<P><STRONG><a name="[8b]"></a>remove_chain</STRONG> (Thumb, 116 bytes, Stack size 24 bytes, ff.o(i.remove_chain))
<BR><BR>[Stack]<UL><LI>Max Depth = 128<LI>Call Chain = remove_chain &rArr; put_fat &rArr; move_window &rArr; sync_window &rArr; disk_write
</UL>
<BR>[Calls]<UL><LI><a href="#[71]">&gt;&gt;</a>&nbsp;&nbsp;&nbsp;put_fat
[...]
<LI><a href="#[4e]">&gt;&gt;</a>&nbsp;&nbsp;&nbsp;nrf_gpio_pin_clear
</UL>
<BR>[Called By]<UL><LI><a href="#[af]">&gt;&gt;</a>&nbsp;&nbsp;&nbsp;nrfx_spim_xfer
</UL>

<P><STRONG><a name="[5e]"></a>nrf_drv_spi_transfer</STRONG> (Thumb, 22 bytes, Stack size 24 bytes, app_sdcard.o(i.nrf_drv_spi_transfer))
<BR><BR>[Stack]<UL><LI>Max Depth = 80<LI>Call Chain = nrf_drv_spi_transfer &rArr; nrfx_spim_xfer &rArr; spim_xfer
</UL>
<BR>[Calls]<UL><LI><a href="#[af]">&gt;&gt;</a>&nbsp;&nbsp;&nbsp;nrfx_spim_xfer
</UL>
<BR>[Called By]<UL><LI><a href="#[5a]">&gt;&gt;</a>&nbsp;&nbsp;&nbsp;app_sdc_init
<LI><a href="#[cf]">&gt;&gt;</a>&nbsp;&nbsp;&nbsp;sdc_spi_transfer
</UL>

<P><STRONG><a name="[5b]"></a>nrf_gpio_cfg</STRONG> (Thumb, 36 bytes, Stack size 16 bytes, app_sdcard.o(i.nrf_gpio_cfg))
<BR><BR>[Stack]<UL><LI>Max Depth = 16<LI>Call Chain = nrf_gpio_cfg
</UL>
<BR>[Called By]<UL><LI><a href="#[5f]">&gt;&gt;</a>&nbsp;&nbsp;&nbsp;app_sdc_uninit
<LI><a href="#[5a]">&gt;&gt;</a>&nbsp;&nbsp;&nbsp;app_sdc_init
</UL>

<P><STRONG><a name="[5c]"></a>nrf_gpio_pin_set</STRONG> (Thumb, 14 bytes, Stack size 0 bytes, app_sdcard.o(i.nrf_gpio_pin_set))
<BR><BR>[Called By]<UL><LI><a href="#[5a]">&gt;&gt;</a>&nbsp;&nbsp;&nbsp;app_sdc_init
<LI><a href="#[32]">&gt;&gt;</a>&nbsp;&nbsp;&nbsp;spi_handler
</UL>

<P><STRONG><a name="[58]"></a>sdc_cmd</STRONG> (Thumb, 178 bytes, Stack size 24 bytes, app_sdcard.o(i.sdc_cmd))
<BR><BR>[Stack]<UL><LI>Max Depth = 248<LI>Call Chain = sdc_cmd &rArr; sdc_spi_transfer &rArr; app_error_handler_bare &rArr; app_error_fault_handler &rArr; nrf_log_frontend_std_0 &rArr; std_n &rArr; nrf_log_frontend_dequeue &rArr;  nrf_log_frontend_std_0 (Cycle)
</UL>
<BR>[Calls]<UL><LI><a href="#[cf]">&gt;&gt;</a>&nbsp;&nbsp;&nbsp;sdc_spi_transfer
</UL>
<BR>[Called By]<UL><LI><a href="#[59]">&gt;&gt;</a>&nbsp;&nbsp;&nbsp;app_sdc_block_write
<LI><a href="#[57]">&gt;&gt;</a>&nbsp;&nbsp;&nbsp;app_sdc_block_read
<LI><a href="#[d4]">&gt;&gt;</a>&nbsp;&nbsp;&nbsp;sdc_pt_write
<LI><a href="#[d3]">&gt;&gt;</a>&nbsp;&nbsp;&nbsp;sdc_pt_read
<LI><a href="#[d1]">&gt;&gt;</a>&nbsp;&nbsp;&nbsp;sdc_pt_identification
</UL>

<P><STRONG><a name="[d1]"></a>sdc_pt_identification</STRONG> (Thumb, 662 bytes, Stack size 40 bytes, app_sdcard.o(i.sdc_pt_identification))
<BR><BR>[Stack]<UL><LI>Max Depth = 304<LI>Call Chain = sdc_pt_identification &rArr; sdc_pt_sub_data_read &rArr; sdc_spi_transfer &rArr; app_error_handler_bare &rArr; app_error_fault_handler &rArr; nrf_log_frontend_std_0 &rArr; std_n &rArr; nrf_log_frontend_dequeue &rArr;  nrf_log_frontend_std_0 (Cycle)
</UL>
<BR>[Calls]<UL><LI><a href="#[56]">&gt;&gt;</a>&nbsp;&nbsp;&nbsp;app_error_handler_bare
<LI><a href="#[d2]">&gt;&gt;</a>&nbsp;&nbsp;&nbsp;sdc_pt_sub_data_read
<LI><a href="#[58]">&gt;&gt;</a>&nbsp;&nbsp;&nbsp;sdc_cmd
</UL>
<BR>[Called By]<UL><LI><a href="#[32]">&gt;&gt;</a>&nbsp;&nbsp;&nbsp;spi_handler
</UL>

<P><STRONG><a name="[d3]"></a>sdc_pt_read</STRONG> (Thumb, 122 bytes, Stack size 24 bytes, app_sdcard.o(i.sdc_pt_read))
<BR><BR>[Stack]<UL><LI>Max Depth = 288<LI>Call Chain = sdc_pt_read &rArr; sdc_pt_sub_data_read &rArr; sdc_spi_transfer &rArr; app_error_handler_bare &rArr; app_error_fault_handler &rArr; nrf_log_frontend_std_0 &rArr; std_n &rArr; nrf_log_frontend_dequeue &rArr;  nrf_log_frontend_std_0 (Cycle)
</UL>
<BR>[Calls]<UL><LI><a href="#[56]">&gt;&gt;</a>&nbsp;&nbsp;&nbsp;app_error_handler_bare
<LI><a href="#[d2]">&gt;&gt;</a>&nbsp;&nbsp;&nbsp;sdc_pt_sub_data_read
<LI><a href="#[58]">&gt;&gt;</a>&nbsp;&nbsp;&nbsp;sdc_cmd
</UL>
<BR>[Called By]<UL><LI><a href="#[32]">&gt;&gt;</a>&nbsp;&nbsp;&nbsp;spi_handler
</UL>

<P><STRONG><a name="[d2]"></a>sdc_pt_sub_data_read</STRONG> (Thumb, 348 bytes, Stack size 40 bytes, app_sdcard.o(i.sdc_pt_sub_data_read))
<BR><BR>[Stack]<UL><LI>Max Depth = 264<LI>Call Chain = sdc_pt_sub_data_read &rArr; sdc_spi_transfer &rArr; app_error_handler_bare &rArr; app_error_fault_handler &rArr; nrf_log_frontend_std_0 &rArr; std_n &rArr; nrf_log_frontend_dequeue &rArr;  nrf_log_frontend_std_0 (Cycle)
</UL>
<BR>[Calls]<UL><LI><a href="#[cf]">&gt;&gt;</a>&nbsp;&nbsp;&nbsp;sdc_spi_transfer
</UL>
<BR>[Called By]<UL><LI><a href="#[d3]">&gt;&gt;</a>&nbsp;&nbsp;&nbsp;sdc_pt_read
<LI><a href="#[d1]">&gt;&gt;</a>&nbsp;&nbsp;&nbsp;sdc_pt_identification
</UL>

<P><STRONG><a name="[d4]"></a>sdc_pt_write</STRONG> (Thumb, 516 bytes, Stack size 40 bytes, app_sdcard.o(i.sdc_pt_write))
<BR><BR>[Stack]<UL><LI>Max Depth = 288<LI>Call Chain = sdc_pt_write &rArr; sdc_cmd &rArr; sdc_spi_transfer &rArr; app_error_handler_bare &rArr; app_error_fault_handler &rArr; nrf_log_frontend_std_0 &rArr; std_n &rArr; nrf_log_frontend_dequeue &rArr;  nrf_log_frontend_std_0 (Cycle)
</UL>
<BR>[Calls]<UL><LI><a href="#[56]">&gt;&gt;</a>&nbsp;&nbsp;&nbsp;app_error_handler_bare
<LI><a href="#[cf]">&gt;&gt;</a>&nbsp;&nbsp;&nbsp;sdc_spi_transfer
<LI><a href="#[58]">&gt;&gt;</a>&nbsp;&nbsp;&nbsp;sdc_cmd
</UL>
<BR>[Called By]<UL><LI><a href="#[32]">&gt;&gt;</a>&nbsp;&nbsp;&nbsp;spi_handler
</UL>

<P><STRONG><a name="[cf]"></a>sdc_spi_transfer</STRONG> (Thumb, 50 bytes, Stack size 24 bytes, app_sdcard.o(i.sdc_spi_transfer))
<BR><BR>[Stack]<UL><LI>Max Depth = 224<LI>Call Chain = sdc_spi_transfer &rArr; app_error_handler_bare &rArr; app_error_fault_handler &rArr; nrf_log_frontend_std_0 &rArr; std_n &rArr; nrf_log_frontend_dequeue &rArr;  nrf_log_frontend_std_0 (Cycle)
</UL>
<BR>[Calls]<UL><LI><a href="#[56]">&gt;&gt;</a>&nbsp;&nbsp;&nbsp;app_error_handler_bare
<LI><a href="#[5e]">&gt;&gt;</a>&nbsp;&nbsp;&nbsp;nrf_drv_spi_transfer
</UL>
<BR>[Called By]<UL><LI><a href="#[32]">&gt;&gt;</a>&nbsp;&nbsp;&nbsp;spi_handler
<LI><a href="#[d4]">&gt;&gt;</a>&nbsp;&nbsp;&nbsp;sdc_pt_write
<LI><a href="#[d2]">&gt;&gt;</a>&nbsp;&nbsp;&nbsp;sdc_pt_sub_data_read
<LI><a href="#[58]">&gt;&gt;</a>&nbsp;&nbsp;&nbsp;sdc_cmd
</UL>

<P><STRONG><a name="[32]"></a>spi_handler</STRONG> (Thumb, 450 bytes, Stack size 64 bytes, app_sdcard.o(i.spi_handler))
<BR><BR>[Stack]<UL><LI>Max Depth = 368<LI>Call Chain = spi_handler &rArr; sdc_pt_identification &rArr; sdc_pt_sub_data_read &rArr; sdc_spi_transfer &rArr; app_error_handler_bare &rArr; app_error_fault_handler &rArr; nrf_log_frontend_std_0 &rArr; std_n &rArr; nrf_log_frontend_dequeue &rArr;  nrf_log_frontend_std_0 (Cycle)
</UL>
<BR>[Calls]<UL><LI><a href="#[56]">&gt;&gt;</a>&nbsp;&nbsp;&nbsp;app_error_handler_bare
<LI><a href="#[5f]">&gt;&gt;</a>&nbsp;&nbsp;&nbsp;app_sdc_uninit
<LI><a href="#[cf]">&gt;&gt;</a>&nbsp;&nbsp;&nbsp;sdc_spi_transfer
<LI><a href="#[d4]">&gt;&gt;</a>&nbsp;&nbsp;&nbsp;sdc_pt_write
<LI><a href="#[d3]">&gt;&gt;</a>&nbsp;&nbsp;&nbsp;sdc_pt_read
<LI><a href="#[d1]">&gt;&gt;</a>&nbsp;&nbsp;&nbsp;sdc_pt_identification
<LI><a href="#[5c]">&gt;&gt;</a>&nbsp;&nbsp;&nbsp;nrf_gpio_pin_set
</UL>
<BR>[Address Reference Count : 1]<UL><LI> app_sdcard.o(i.app_sdc_init)
</UL>
<P><STRONG><a name="[3d]"></a>block_dev_sdc_geometry</STRONG> (Thumb, 4 bytes, Stack size 0 bytes, nrf_block_dev_sdc.o(i.block_dev_sdc_geometry))
<BR>[Address Reference Count : 1]<UL><LI> nrf_block_dev_sdc.o(.constdata)
</UL>
<P><STRONG><a name="[38]"></a>block_dev_sdc_init</STRONG> (Thumb, 104 bytes, Stack size 40 bytes, nrf_block_dev_sdc.o(i.block_dev_sdc_init))
<BR><BR>[Stack]<UL><LI>Max Depth = 288<LI>Call Chain = block_dev_sdc_init &rArr; app_sdc_init &rArr; app_error_handler_bare &rArr; app_error_fault_handler &rArr; nrf_log_frontend_std_0 &rArr; std_n &rArr; nrf_log_frontend_dequeue &rArr;  nrf_log_frontend_std_0 (Cycle)
</UL>
<BR>[Calls]<UL><LI><a href="#[5a]">&gt;&gt;</a>&nbsp;&nbsp;&nbsp;app_sdc_init
<LI><a href="#[65]">&gt;&gt;</a>&nbsp;&nbsp;&nbsp;app_sdc_busy_check
</UL>
<BR>[Address Reference Count : 1]<UL><LI> nrf_block_dev_sdc.o(.constdata)
</UL>
<P><STRONG><a name="[3c]"></a>block_dev_sdc_ioctl</STRONG> (Thumb, 32 bytes, Stack size 0 bytes, nrf_block_dev_sdc.o(i.block_dev_sdc_ioctl))
<BR>[Address Reference Count : 1]<UL><LI> nrf_block_dev_sdc.o(.constdata)
</UL>
<P><STRONG><a name="[3a]"></a>block_dev_sdc_read_req</STRONG> (Thumb, 116 bytes, Stack size 32 bytes, nrf_block_dev_sdc.o(i.block_dev_sdc_read_req))
<BR><BR>[Stack]<UL><LI>Max Depth = 288<LI>Call Chain = block_dev_sdc_read_req &rArr; app_sdc_block_read &rArr; sdc_cmd &rArr; sdc_spi_transfer &rArr; app_error_handler_bare &rArr; app_error_fault_handler &rArr; nrf_log_frontend_std_0 &rArr; std_n &rArr; nrf_log_frontend_dequeue &rArr;  nrf_log_frontend_std_0 (Cycle)
</UL>
<BR>[Calls]<UL><LI><a href="#[65]">&gt;&gt;</a>&nbsp;&nbsp;&nbsp;app_sdc_busy_check
<LI><a href="#[57]">&gt;&gt;</a>&nbsp;&nbsp;&nbsp;app_sdc_block_read
</UL>
<BR>[Address Reference Count : 1]<UL><LI> nrf_block_dev_sdc.o(.constdata)
</UL>
<P><STRONG><a name="[39]"></a>block_dev_sdc_uninit</STRONG> (Thumb, 74 bytes, Stack size 32 bytes, nrf_block_dev_sdc.o(i.block_dev_sdc_uninit))
<BR><BR>[Stack]<UL><LI>Max Depth = 104<LI>Call Chain = block_dev_sdc_uninit &rArr; app_sdc_uninit &rArr; nrfx_spim_uninit &rArr; nrf_gpio_cfg
</UL>
<BR>[Calls]<UL><LI><a href="#[5f]">&gt;&gt;</a>&nbsp;&nbsp;&nbsp;app_sdc_uninit
<LI><a href="#[65]">&gt;&gt;</a>&nbsp;&nbsp;&nbsp;app_sdc_busy_check
</UL>
<BR>[Address Reference Count : 1]<UL><LI> nrf_block_dev_sdc.o(.constdata)
</UL>
<P><STRONG><a name="[3b]"></a>block_dev_sdc_write_req</STRONG> (Thumb, 116 bytes, Stack size 32 bytes, nrf_block_dev_sdc.o(i.block_dev_sdc_write_req))
<BR><BR>[Stack]<UL><LI>Max Depth = 296<LI>Call Chain = block_dev_sdc_write_req &rArr; app_sdc_block_write &rArr; sdc_cmd &rArr; sdc_spi_transfer &rArr; app_error_handler_bare &rArr; app_error_fault_handler &rArr; nrf_log_frontend_std_0 &rArr; std_n &rArr; nrf_log_frontend_dequeue &rArr;  nrf_log_frontend_std_0 (Cycle)
</UL>
<BR>[Calls]<UL><LI><a href="#[65]">&gt;&gt;</a>&nbsp;&nbsp;&nbsp;app_sdc_busy_check
<LI><a href="#[59]">&gt;&gt;</a>&nbsp;&nbsp;&nbsp;app_sdc_block_write
</UL>
<BR>[Address Reference Count : 1]<UL><LI> nrf_block_dev_sdc.o(.constdata)
</UL>
<P><STRONG><a name="[33]"></a>sdc_handler</STRONG> (Thumb, 134 bytes, Stack size 32 bytes, nrf_block_dev_sdc.o(i.sdc_handler))
<BR><BR>[Stack]<UL><LI>Max Depth = 232<LI>Call Chain = sdc_handler &rArr; app_error_handler_bare &rArr; app_error_fault_handler &rArr; nrf_log_frontend_std_0 &rArr; std_n &rArr; nrf_log_frontend_dequeue &rArr;  nrf_log_frontend_std_0 (Cycle)
</UL>
<BR>[Calls]<UL><LI><a href="#[56]">&gt;&gt;</a>&nbsp;&nbsp;&nbsp;app_error_handler_bare
<LI><a href="#[d0]">&gt;&gt;</a>&nbsp;&nbsp;&nbsp;app_sdc_info_get
</UL>
<BR>[Address Reference Count : 1]<UL><LI> nrf_block_dev_sdc.o(i.block_dev_sdc_init)
</UL>
<P><STRONG><a name="[69]"></a>buffer_add</STRONG> (Thumb, 30 bytes, Stack size 8 bytes, nrf_fprintf_format.o(i.buffer_add))
<BR><BR>[Stack]<UL><LI>Max Depth = 16<LI>Call Chain = buffer_add &rArr; nrf_fprintf_buffer_flush
</UL>
<BR>[Calls]<UL><LI><a href="#[6a]">&gt;&gt;</a>&nbsp;&nbsp;&nbsp;nrf_fprintf_buffer_flush
</UL>
<BR>[Called By]<UL><LI><a href="#[9b]">&gt;&gt;</a>&nbsp;&nbsp;&nbsp;unsigned_print
<LI><a href="#[9a]">&gt;&gt;</a>&nbsp;&nbsp;&nbsp;int_print
<LI><a href="#[b1]">&gt;&gt;</a>&nbsp;&nbsp;&nbsp;nrf_fprintf_fmt
</UL>

<P><STRONG><a name="[9a]"></a>int_print</STRONG> (Thumb, 166 bytes, Stack size 48 bytes, nrf_fprintf_format.o(i.int_print))
<BR><BR>[Stack]<UL><LI>Max Depth = 104<LI>Call Chain = int_print &rArr; unsigned_print &rArr; buffer_add &rArr; nrf_fprintf_buffer_flush
</UL>
<BR>[Calls]<UL><LI><a href="#[9b]">&gt;&gt;</a>&nbsp;&nbsp;&nbsp;unsigned_print
<LI><a href="#[69]">&gt;&gt;</a>&nbsp;&nbsp;&nbsp;buffer_add
</UL>
<BR>[Called By]<UL><LI><a href="#[b1]">&gt;&gt;</a>&nbsp;&nbsp;&nbsp;nrf_fprintf_fmt
</UL>

<P><STRONG><a name="[9b]"></a>unsigned_print</STRONG> (Thumb, 176 bytes, Stack size 40 bytes, nrf_fprintf_format.o(i.unsigned_print))
<BR><BR>[Stack]<UL><LI>Max Depth = 56<LI>Call Chain = unsigned_print &rArr; buffer_add &rArr; nrf_fprintf_buffer_flush
</UL>
<BR>[Calls]<UL><LI><a href="#[69]">&gt;&gt;</a>&nbsp;&nbsp;&nbsp;buffer_add
</UL>
<BR>[Called By]<UL><LI><a href="#[9a]">&gt;&gt;</a>&nbsp;&nbsp;&nbsp;int_print
<LI><a href="#[b1]">&gt;&gt;</a>&nbsp;&nbsp;&nbsp;nrf_fprintf_fmt
</UL>

<P><STRONG><a name="[a1]"></a>memobj_op</STRONG> (Thumb, 126 bytes, Stack size 32 bytes, nrf_memobj.o(i.memobj_op))
<BR><BR>[Stack]<UL><LI>Max Depth = 32<LI>Call Chain = memobj_op
</UL>
<BR>[Calls]<UL><LI><a href="#[51]">&gt;&gt;</a>&nbsp;&nbsp;&nbsp;__aeabi_memcpy
</UL>
<BR>[Called By]<UL><LI><a href="#[c0]">&gt;&gt;</a>&nbsp;&nbsp;&nbsp;nrf_memobj_write
<LI><a href="#[b9]">&gt;&gt;</a>&nbsp;&nbsp;&nbsp;nrf_memobj_read
</UL>

<P><STRONG><a name="[40]"></a>nrf_log_backend_rtt_flush</STRONG> (Thumb, 2 bytes, Stack size 0 bytes, nrf_log_backend_rtt.o(i.nrf_log_backend_rtt_flush))
<BR>[Address Reference Count : 1]<UL><LI> nrf_log_backend_rtt.o(.constdata)
</UL>
<P><STRONG><a name="[3f]"></a>nrf_log_backend_rtt_panic_set</STRONG> (Thumb, 2 bytes, Stack size 0 bytes, nrf_log_backend_rtt.o(i.nrf_log_backend_rtt_panic_set))
<BR>[Address Reference Count : 1]<UL><LI> nrf_log_backend_rtt.o(.constdata)
</UL>
<P><STRONG><a name="[3e]"></a>nrf_log_backend_rtt_put</STRONG> (Thumb, 16 bytes, Stack size 8 bytes, nrf_log_backend_rtt.o(i.nrf_log_backend_rtt_put))
<BR><BR>[Stack]<UL><LI>Max Depth = 344<LI>Call Chain = nrf_log_backend_rtt_put &rArr; nrf_log_backend_serial_put &rArr; nrf_log_std_entry_process &rArr; prefix_process &rArr; nrf_fprintf &rArr; nrf_fprintf_fmt &rArr; int_print &rArr; unsigned_print &rArr; buffer_add &rArr; nrf_fprintf_buffer_flush
</UL>
<BR>[Calls]<UL><LI><a href="#[b6]">&gt;&gt;</a>&nbsp;&nbsp;&nbsp;nrf_log_backend_serial_put
</UL>
<BR>[Address Reference Count : 1]<UL><LI> nrf_log_backend_rtt.o(.constdata)
</UL>
<P><STRONG><a name="[37]"></a>serial_tx</STRONG> (Thumb, 70 bytes, Stack size 24 bytes, nrf_log_backend_rtt.o(i.serial_tx))
<BR><BR>[Stack]<UL><LI>Max Depth = 72<LI>Call Chain = serial_tx &rArr; SEGGER_RTT_WriteNoLock &rArr; _WriteBlocking
</UL>
<BR>[Calls]<UL><LI><a href="#[49]">&gt;&gt;</a>&nbsp;&nbsp;&nbsp;SEGGER_RTT_WriteNoLock
</UL>
<BR>[Address Reference Count : 1]<UL><LI> nrf_log_backend_rtt.o(i.nrf_log_backend_rtt_put)
</UL>
<P><STRONG><a name="[66]"></a>buf_prealloc</STRONG> (Thumb, 130 bytes, Stack size 32 bytes, nrf_log_frontend.o(i.buf_prealloc))
<BR><BR>[Stack]<UL><LI>Max Depth = 80<LI>Call Chain = buf_prealloc &rArr; log_skip &rArr; nrf_atomic_flag_set &rArr; nrf_atomic_u32_or
</UL>
<BR>[Calls]<UL><LI><a href="#[63]">&gt;&gt;</a>&nbsp;&nbsp;&nbsp;app_util_critical_region_exit
<LI><a href="#[61]">&gt;&gt;</a>&nbsp;&nbsp;&nbsp;app_util_critical_region_enter
<LI><a href="#[67]">&gt;&gt;</a>&nbsp;&nbsp;&nbsp;nrf_atomic_u32_add
<LI><a href="#[68]">&gt;&gt;</a>&nbsp;&nbsp;&nbsp;log_skip
</UL>
<BR>[Called By]<UL><LI><a href="#[c1]">&gt;&gt;</a>&nbsp;&nbsp;&nbsp;std_n
</UL>

<P><STRONG><a name="[7e]"></a>dropped_sat16_get</STRONG> (Thumb, 16 bytes, Stack size 8 bytes, nrf_log_frontend.o(i.dropped_sat16_get))
<BR><BR>[Stack]<UL><LI>Max Depth = 16<LI>Call Chain = dropped_sat16_get &rArr; nrf_atomic_u32_fetch_store
</UL>
<BR>[Calls]<UL><LI><a href="#[7f]">&gt;&gt;</a>&nbsp;&nbsp;&nbsp;nrf_atomic_u32_fetch_store
</UL>
<BR>[Called By]<UL><LI><a href="#[c1]">&gt;&gt;</a>&nbsp;&nbsp;&nbsp;std_n
</UL>

<P><STRONG><a name="[9d]"></a>invalid_packets_omit</STRONG> (Thumb, 52 bytes, Stack size 0 bytes, nrf_log_frontend.o(i.invalid_packets_omit))
<BR><BR>[Called By]<UL><LI><a href="#[54]">&gt;&gt;</a>&nbsp;&nbsp;&nbsp;nrf_log_frontend_dequeue
<LI><a href="#[68]">&gt;&gt;</a>&nbsp;&nbsp;&nbsp;log_skip
</UL>

<P><STRONG><a name="[68]"></a>log_skip</STRONG> (Thumb, 148 bytes, Stack size 40 bytes, nrf_log_frontend.o(i.log_skip))
<BR><BR>[Stack]<UL><LI>Max Depth = 48<LI>Call Chain = log_skip &rArr; nrf_atomic_flag_set &rArr; nrf_atomic_u32_or
</UL>
<BR>[Calls]<UL><LI><a href="#[9c]">&gt;&gt;</a>&nbsp;&nbsp;&nbsp;nrf_atomic_flag_set
<LI><a href="#[9e]">&gt;&gt;</a>&nbsp;&nbsp;&nbsp;nrf_atomic_flag_clear_fetch
<LI><a href="#[9d]">&gt;&gt;</a>&nbsp;&nbsp;&nbsp;invalid_packets_omit
</UL>
<BR>[Called By]<UL><LI><a href="#[66]">&gt;&gt;</a>&nbsp;&nbsp;&nbsp;buf_prealloc
</UL>

<P><STRONG><a name="[a2]"></a>module_idx_get</STRONG> (Thumb, 42 bytes, Stack size 12 bytes, nrf_log_frontend.o(i.module_idx_get))
<BR><BR>[Stack]<UL><LI>Max Depth = 12<LI>Call Chain = module_idx_get
</UL>
<BR>[Calls]<UL><LI><a href="#[a3]">&gt;&gt;</a>&nbsp;&nbsp;&nbsp;nrf_log_module_cnt_get
</UL>
<BR>[Called By]<UL><LI><a href="#[c7]">&gt;&gt;</a>&nbsp;&nbsp;&nbsp;nrf_log_module_name_get
</UL>

<P><STRONG><a name="[c1]"></a>std_n</STRONG> (Thumb, 136 bytes, Stack size 40 bytes, nrf_log_frontend.o(i.std_n))
<BR><BR>[Stack]<UL><LI>Max Depth = 184<LI>Call Chain = std_n &rArr; nrf_log_frontend_dequeue &rArr;  nrf_log_frontend_std_0 (Cycle)
</UL>
<BR>[Calls]<UL><LI><a href="#[54]">&gt;&gt;</a>&nbsp;&nbsp;&nbsp;nrf_log_frontend_dequeue
<LI><a href="#[7e]">&gt;&gt;</a>&nbsp;&nbsp;&nbsp;dropped_sat16_get
<LI><a href="#[66]">&gt;&gt;</a>&nbsp;&nbsp;&nbsp;buf_prealloc
</UL>
<BR>[Called By]<UL><LI><a href="#[98]">&gt;&gt;</a>&nbsp;&nbsp;&nbsp;nrf_log_frontend_std_2
<LI><a href="#[97]">&gt;&gt;</a>&nbsp;&nbsp;&nbsp;nrf_log_frontend_std_1
<LI><a href="#[55]">&gt;&gt;</a>&nbsp;&nbsp;&nbsp;nrf_log_frontend_std_0
</UL>

<P><STRONG><a name="[c4]"></a>postfix_process</STRONG> (Thumb, 48 bytes, Stack size 8 bytes, nrf_log_str_formatter.o(i.postfix_process))
<BR><BR>[Stack]<UL><LI>Max Depth = 176<LI>Call Chain = postfix_process &rArr; nrf_fprintf &rArr; nrf_fprintf_fmt &rArr; int_print &rArr; unsigned_print &rArr; buffer_add &rArr; nrf_fprintf_buffer_flush
</UL>
<BR>[Calls]<UL><LI><a href="#[6a]">&gt;&gt;</a>&nbsp;&nbsp;&nbsp;nrf_fprintf_buffer_flush
<LI><a href="#[b0]">&gt;&gt;</a>&nbsp;&nbsp;&nbsp;nrf_fprintf
</UL>
<BR>[Called By]<UL><LI><a href="#[ba]">&gt;&gt;</a>&nbsp;&nbsp;&nbsp;nrf_log_std_entry_process
<LI><a href="#[bb]">&gt;&gt;</a>&nbsp;&nbsp;&nbsp;nrf_log_hexdump_entry_process
</UL>

<P><STRONG><a name="[c2]"></a>prefix_process</STRONG> (Thumb, 90 bytes, Stack size 16 bytes, nrf_log_str_formatter.o(i.prefix_process))
<BR><BR>[Stack]<UL><LI>Max Depth = 184<LI>Call Chain = prefix_process &rArr; nrf_fprintf &rArr; nrf_fprintf_fmt &rArr; int_print &rArr; unsigned_print &rArr; buffer_add &rArr; nrf_fprintf_buffer_flush
</UL>
<BR>[Calls]<UL><LI><a href="#[b0]">&gt;&gt;</a>&nbsp;&nbsp;&nbsp;nrf_fprintf
<LI><a href="#[c7]">&gt;&gt;</a>&nbsp;&nbsp;&nbsp;nrf_log_module_name_get
<LI><a href="#[ce]">&gt;&gt;</a>&nbsp;&nbsp;&nbsp;nrf_log_color_id_get
</UL>
<BR>[Called By]<UL><LI><a href="#[ba]">&gt;&gt;</a>&nbsp;&nbsp;&nbsp;nrf_log_std_entry_process
<LI><a href="#[bb]">&gt;&gt;</a>&nbsp;&nbsp;&nbsp;nrf_log_hexdump_entry_process
</UL>

<P><STRONG><a name="[48]"></a>_DoInit</STRONG> (Thumb, 76 bytes, Stack size 8 bytes, segger_rtt.o(i._DoInit))
<BR><BR>[Stack]<UL><LI>Max Depth = 8<LI>Call Chain = _DoInit
</UL>
<BR>[Calls]<UL><LI><a href="#[50]">&gt;&gt;</a>&nbsp;&nbsp;&nbsp;strcpy
</UL>
<BR>[Called By]<UL><LI><a href="#[47]">&gt;&gt;</a>&nbsp;&nbsp;&nbsp;SEGGER_RTT_Init
</UL>

<P><STRONG><a name="[4a]"></a>_GetAvailWriteSpace</STRONG> (Thumb, 22 bytes, Stack size 0 bytes, segger_rtt.o(i._GetAvailWriteSpace))
<BR><BR>[Called By]<UL><LI><a href="#[49]">&gt;&gt;</a>&nbsp;&nbsp;&nbsp;SEGGER_RTT_WriteNoLock
</UL>

<P><STRONG><a name="[4c]"></a>_WriteBlocking</STRONG> (Thumb, 90 bytes, Stack size 32 bytes, segger_rtt.o(i._WriteBlocking))
<BR><BR>[Stack]<UL><LI>Max Depth = 32<LI>Call Chain = _WriteBlocking
</UL>
<BR>[Calls]<UL><LI><a href="#[51]">&gt;&gt;</a>&nbsp;&nbsp;&nbsp;__aeabi_memcpy
</UL>
<BR>[Called By]<UL><LI><a href="#[49]">&gt;&gt;</a>&nbsp;&nbsp;&nbsp;SEGGER_RTT_WriteNoLock
</UL>

<P><STRONG><a name="[4b]"></a>_WriteNoCheck</STRONG> (Thumb, 66 bytes, Stack size 24 bytes, segger_rtt.o(i._WriteNoCheck))
<BR><BR>[Stack]<UL><LI>Max Depth = 24<LI>Call Chain = _WriteNoCheck
</UL>
<BR>[Calls]<UL><LI><a href="#[51]">&gt;&gt;</a>&nbsp;&nbsp;&nbsp;__aeabi_memcpy
</UL>
<BR>[Called By]<UL><LI><a href="#[49]">&gt;&gt;</a>&nbsp;&nbsp;&nbsp;SEGGER_RTT_WriteNoLock
</UL>
<P>
<H3>
Undefined Global Symbols
</H3><HR></body></html>
