Component: ARM Compiler 5.06 update 6 (build 750) Tool: armlink [4d35ed]

==============================================================================

Section Cross References

    main.o(i.main) refers to memcpya.o(.text) for __aeabi_memcpy4
    main.o(i.main) refers to app_pwm.o(i.app_pwm_init) for app_pwm_init
    main.o(i.main) refers to app_error.o(i.app_error_handler_bare) for app_error_handler_bare
    main.o(i.main) refers to app_pwm.o(i.app_pwm_enable) for app_pwm_enable
    main.o(i.main) refers to app_pwm.o(i.app_pwm_channel_duty_set) for app_pwm_channel_duty_set
    main.o(i.main) refers to main.o(.constdata) for .constdata
    main.o(i.main) refers to main.o(i.pwm_ready_callback) for pwm_ready_callback
    main.o(i.main) refers to main.o(.data) for .data
    main.o(i.pwm_ready_callback) refers to main.o(.data) for .data
    main.o(.constdata) refers to main.o(.bss) for m_pwm_PWM1_cb
    main.o(.constdata) refers to main.o(.constdata) for m_pwm_PWM1_timer
    boards.o(i.bsp_board_button_idx_to_pin) refers to boards.o(.constdata) for .constdata
    boards.o(i.bsp_board_button_state_get) refers to boards.o(.constdata) for .constdata
    boards.o(i.bsp_board_init) refers to boards.o(i.nrf_gpio_cfg) for nrf_gpio_cfg
    boards.o(i.bsp_board_init) refers to boards.o(i.bsp_board_leds_off) for bsp_board_leds_off
    boards.o(i.bsp_board_init) refers to boards.o(.constdata) for .constdata
    boards.o(i.bsp_board_led_idx_to_pin) refers to boards.o(.constdata) for .constdata
    boards.o(i.bsp_board_led_invert) refers to boards.o(.constdata) for .constdata
    boards.o(i.bsp_board_led_off) refers to boards.o(i.nrf_gpio_pin_write) for nrf_gpio_pin_write
    boards.o(i.bsp_board_led_off) refers to boards.o(.constdata) for .constdata
    boards.o(i.bsp_board_led_on) refers to boards.o(i.nrf_gpio_pin_write) for nrf_gpio_pin_write
    boards.o(i.bsp_board_led_on) refers to boards.o(.constdata) for .constdata
    boards.o(i.bsp_board_led_state_get) refers to boards.o(.constdata) for .constdata
    boards.o(i.bsp_board_leds_off) refers to boards.o(i.bsp_board_led_off) for bsp_board_led_off
    boards.o(i.bsp_board_leds_on) refers to boards.o(i.bsp_board_led_on) for bsp_board_led_on
    boards.o(i.bsp_board_pin_to_button_idx) refers to boards.o(.constdata) for .constdata
    boards.o(i.bsp_board_pin_to_led_idx) refers to boards.o(.constdata) for .constdata
    nrf_drv_ppi.o(i.nrf_drv_ppi_init) refers to nrf_drv_ppi.o(.data) for .data
    nrf_drv_ppi.o(i.nrf_drv_ppi_uninit) refers to nrfx_ppi.o(i.nrfx_ppi_free_all) for nrfx_ppi_free_all
    nrf_drv_ppi.o(i.nrf_drv_ppi_uninit) refers to nrf_drv_ppi.o(.data) for .data
    nrf_nvic.o(i.sd_nvic_critical_region_enter) refers to nrf_nvic.o(.data) for .data
    nrf_nvic.o(i.sd_nvic_critical_region_exit) refers to nrf_nvic.o(.data) for .data
    nrfx_gpiote.o(i.GPIOTE_IRQHandler) refers to nrfx_gpiote.o(i.nrf_gpiote_event_is_set) for nrf_gpiote_event_is_set
    nrfx_gpiote.o(i.GPIOTE_IRQHandler) refers to nrfx_gpiote.o(i.nrf_gpiote_event_clear) for nrf_gpiote_event_clear
    nrfx_gpiote.o(i.GPIOTE_IRQHandler) refers to nrfx_gpiote.o(i.nrf_gpio_ports_read) for nrf_gpio_ports_read
    nrfx_gpiote.o(i.GPIOTE_IRQHandler) refers to nrfx_gpiote.o(i.nrf_bitmask_bit_is_set) for nrf_bitmask_bit_is_set
    nrfx_gpiote.o(i.GPIOTE_IRQHandler) refers to nrfx_gpiote.o(i.channel_port_get) for channel_port_get
    nrfx_gpiote.o(i.GPIOTE_IRQHandler) refers to nrfx_gpiote.o(i.nrf_bitmask_bit_set) for nrf_bitmask_bit_set
    nrfx_gpiote.o(i.GPIOTE_IRQHandler) refers to nrfx_gpiote.o(i.nrf_gpio_cfg_sense_set) for nrf_gpio_cfg_sense_set
    nrfx_gpiote.o(i.GPIOTE_IRQHandler) refers to nrfx_gpiote.o(.bss) for .bss
    nrfx_gpiote.o(i.channel_free) refers to nrfx_gpiote.o(.bss) for .bss
    nrfx_gpiote.o(i.channel_port_alloc) refers to nrfx_gpiote.o(.bss) for .bss
    nrfx_gpiote.o(i.channel_port_get) refers to nrfx_gpiote.o(.bss) for .bss
    nrfx_gpiote.o(i.nrf_gpio_cfg_default) refers to nrfx_gpiote.o(i.nrf_gpio_cfg) for nrf_gpio_cfg
    nrfx_gpiote.o(i.nrf_gpio_ports_read) refers to nrfx_gpiote.o(.constdata) for .constdata
    nrfx_gpiote.o(i.nrfx_gpiote_clr_task_addr_get) refers to nrfx_gpiote.o(i.channel_port_get) for channel_port_get
    nrfx_gpiote.o(i.nrfx_gpiote_clr_task_trigger) refers to nrfx_gpiote.o(i.channel_port_get) for channel_port_get
    nrfx_gpiote.o(i.nrfx_gpiote_in_event_addr_get) refers to nrfx_gpiote.o(i.pin_in_use_by_te) for pin_in_use_by_te
    nrfx_gpiote.o(i.nrfx_gpiote_in_event_addr_get) refers to nrfx_gpiote.o(i.channel_port_get) for channel_port_get
    nrfx_gpiote.o(i.nrfx_gpiote_in_event_disable) refers to nrfx_gpiote.o(i.pin_in_use_by_port) for pin_in_use_by_port
    nrfx_gpiote.o(i.nrfx_gpiote_in_event_disable) refers to nrfx_gpiote.o(i.nrf_gpio_cfg_sense_set) for nrf_gpio_cfg_sense_set
    nrfx_gpiote.o(i.nrfx_gpiote_in_event_disable) refers to nrfx_gpiote.o(i.pin_in_use_by_te) for pin_in_use_by_te
    nrfx_gpiote.o(i.nrfx_gpiote_in_event_disable) refers to nrfx_gpiote.o(i.channel_port_get) for channel_port_get
    nrfx_gpiote.o(i.nrfx_gpiote_in_event_enable) refers to nrfx_gpiote.o(i.pin_in_use_by_port) for pin_in_use_by_port
    nrfx_gpiote.o(i.nrfx_gpiote_in_event_enable) refers to nrfx_gpiote.o(i.channel_port_get) for channel_port_get
    nrfx_gpiote.o(i.nrfx_gpiote_in_event_enable) refers to nrfx_gpiote.o(i.nrf_gpio_cfg_sense_set) for nrf_gpio_cfg_sense_set
    nrfx_gpiote.o(i.nrfx_gpiote_in_event_enable) refers to nrfx_gpiote.o(i.pin_in_use_by_te) for pin_in_use_by_te
    nrfx_gpiote.o(i.nrfx_gpiote_in_event_enable) refers to nrfx_gpiote.o(i.nrf_gpiote_event_clear) for nrf_gpiote_event_clear
    nrfx_gpiote.o(i.nrfx_gpiote_in_event_enable) refers to nrfx_gpiote.o(.bss) for .bss
    nrfx_gpiote.o(i.nrfx_gpiote_in_init) refers to nrfx_gpiote.o(i.channel_port_alloc) for channel_port_alloc
    nrfx_gpiote.o(i.nrfx_gpiote_in_init) refers to nrfx_gpiote.o(i.nrf_gpio_cfg) for nrf_gpio_cfg
    nrfx_gpiote.o(i.nrfx_gpiote_in_init) refers to nrfx_gpiote.o(i.nrf_bitmask_bit_set) for nrf_bitmask_bit_set
    nrfx_gpiote.o(i.nrfx_gpiote_in_init) refers to nrfx_gpiote.o(.bss) for .bss
    nrfx_gpiote.o(i.nrfx_gpiote_in_uninit) refers to nrfx_gpiote.o(i.nrfx_gpiote_in_event_disable) for nrfx_gpiote_in_event_disable
    nrfx_gpiote.o(i.nrfx_gpiote_in_uninit) refers to nrfx_gpiote.o(i.pin_in_use_by_te) for pin_in_use_by_te
    nrfx_gpiote.o(i.nrfx_gpiote_in_uninit) refers to nrfx_gpiote.o(i.channel_port_get) for channel_port_get
    nrfx_gpiote.o(i.nrfx_gpiote_in_uninit) refers to nrfx_gpiote.o(i.pin_configured_check) for pin_configured_check
    nrfx_gpiote.o(i.nrfx_gpiote_in_uninit) refers to nrfx_gpiote.o(i.nrf_gpio_cfg_default) for nrf_gpio_cfg_default
    nrfx_gpiote.o(i.nrfx_gpiote_in_uninit) refers to nrfx_gpiote.o(i.pin_configured_clear) for pin_configured_clear
    nrfx_gpiote.o(i.nrfx_gpiote_in_uninit) refers to nrfx_gpiote.o(i.channel_free) for channel_free
    nrfx_gpiote.o(i.nrfx_gpiote_in_uninit) refers to nrfx_gpiote.o(.bss) for .bss
    nrfx_gpiote.o(i.nrfx_gpiote_init) refers to nrfx_gpiote.o(i.channel_free) for channel_free
    nrfx_gpiote.o(i.nrfx_gpiote_init) refers to nrfx_gpiote.o(i.nrf_gpiote_event_clear) for nrf_gpiote_event_clear
    nrfx_gpiote.o(i.nrfx_gpiote_init) refers to nrfx_gpiote.o(.bss) for .bss
    nrfx_gpiote.o(i.nrfx_gpiote_is_init) refers to nrfx_gpiote.o(.bss) for .bss
    nrfx_gpiote.o(i.nrfx_gpiote_out_init) refers to nrfx_gpiote.o(i.channel_port_alloc) for channel_port_alloc
    nrfx_gpiote.o(i.nrfx_gpiote_out_init) refers to nrfx_gpiote.o(i.nrf_gpio_cfg) for nrf_gpio_cfg
    nrfx_gpiote.o(i.nrfx_gpiote_out_init) refers to nrfx_gpiote.o(i.nrf_bitmask_bit_set) for nrf_bitmask_bit_set
    nrfx_gpiote.o(i.nrfx_gpiote_out_init) refers to nrfx_gpiote.o(.bss) for .bss
    nrfx_gpiote.o(i.nrfx_gpiote_out_task_addr_get) refers to nrfx_gpiote.o(i.channel_port_get) for channel_port_get
    nrfx_gpiote.o(i.nrfx_gpiote_out_task_disable) refers to nrfx_gpiote.o(.bss) for .bss
    nrfx_gpiote.o(i.nrfx_gpiote_out_task_enable) refers to nrfx_gpiote.o(.bss) for .bss
    nrfx_gpiote.o(i.nrfx_gpiote_out_task_force) refers to nrfx_gpiote.o(.bss) for .bss
    nrfx_gpiote.o(i.nrfx_gpiote_out_task_trigger) refers to nrfx_gpiote.o(i.channel_port_get) for channel_port_get
    nrfx_gpiote.o(i.nrfx_gpiote_out_uninit) refers to nrfx_gpiote.o(i.pin_in_use_by_te) for pin_in_use_by_te
    nrfx_gpiote.o(i.nrfx_gpiote_out_uninit) refers to nrfx_gpiote.o(i.channel_port_get) for channel_port_get
    nrfx_gpiote.o(i.nrfx_gpiote_out_uninit) refers to nrfx_gpiote.o(i.channel_free) for channel_free
    nrfx_gpiote.o(i.nrfx_gpiote_out_uninit) refers to nrfx_gpiote.o(i.pin_configured_check) for pin_configured_check
    nrfx_gpiote.o(i.nrfx_gpiote_out_uninit) refers to nrfx_gpiote.o(i.nrf_gpio_cfg_default) for nrf_gpio_cfg_default
    nrfx_gpiote.o(i.nrfx_gpiote_out_uninit) refers to nrfx_gpiote.o(i.pin_configured_clear) for pin_configured_clear
    nrfx_gpiote.o(i.nrfx_gpiote_out_uninit) refers to nrfx_gpiote.o(.bss) for .bss
    nrfx_gpiote.o(i.nrfx_gpiote_set_task_addr_get) refers to nrfx_gpiote.o(i.channel_port_get) for channel_port_get
    nrfx_gpiote.o(i.nrfx_gpiote_set_task_trigger) refers to nrfx_gpiote.o(i.channel_port_get) for channel_port_get
    nrfx_gpiote.o(i.nrfx_gpiote_uninit) refers to nrfx_gpiote.o(i.nrfx_gpiote_in_uninit) for nrfx_gpiote_in_uninit
    nrfx_gpiote.o(i.nrfx_gpiote_uninit) refers to nrfx_gpiote.o(i.nrfx_gpiote_out_uninit) for nrfx_gpiote_out_uninit
    nrfx_gpiote.o(i.nrfx_gpiote_uninit) refers to nrfx_gpiote.o(.bss) for .bss
    nrfx_gpiote.o(i.pin_configured_check) refers to nrfx_gpiote.o(i.nrf_bitmask_bit_is_set) for nrf_bitmask_bit_is_set
    nrfx_gpiote.o(i.pin_configured_check) refers to nrfx_gpiote.o(.bss) for .bss
    nrfx_gpiote.o(i.pin_configured_clear) refers to nrfx_gpiote.o(.bss) for .bss
    nrfx_gpiote.o(i.pin_in_use_by_port) refers to nrfx_gpiote.o(.bss) for .bss
    nrfx_gpiote.o(i.pin_in_use_by_te) refers to nrfx_gpiote.o(.bss) for .bss
    nrfx_ppi.o(i.is_allocated_channel) refers to nrfx_ppi.o(.data) for .data
    nrfx_ppi.o(i.is_allocated_group) refers to nrfx_ppi.o(.data) for .data
    nrfx_ppi.o(i.nrfx_ppi_channel_alloc) refers to app_util_platform.o(i.app_util_critical_region_enter) for app_util_critical_region_enter
    nrfx_ppi.o(i.nrfx_ppi_channel_alloc) refers to nrfx_ppi.o(i.is_allocated_channel) for is_allocated_channel
    nrfx_ppi.o(i.nrfx_ppi_channel_alloc) refers to app_util_platform.o(i.app_util_critical_region_exit) for app_util_critical_region_exit
    nrfx_ppi.o(i.nrfx_ppi_channel_alloc) refers to nrfx_ppi.o(.data) for .data
    nrfx_ppi.o(i.nrfx_ppi_channel_assign) refers to nrfx_ppi.o(i.is_programmable_app_channel) for is_programmable_app_channel
    nrfx_ppi.o(i.nrfx_ppi_channel_assign) refers to nrfx_ppi.o(i.is_allocated_channel) for is_allocated_channel
    nrfx_ppi.o(i.nrfx_ppi_channel_disable) refers to nrfx_ppi.o(i.is_programmable_app_channel) for is_programmable_app_channel
    nrfx_ppi.o(i.nrfx_ppi_channel_disable) refers to nrfx_ppi.o(i.is_allocated_channel) for is_allocated_channel
    nrfx_ppi.o(i.nrfx_ppi_channel_enable) refers to nrfx_ppi.o(i.is_programmable_app_channel) for is_programmable_app_channel
    nrfx_ppi.o(i.nrfx_ppi_channel_enable) refers to nrfx_ppi.o(i.is_allocated_channel) for is_allocated_channel
    nrfx_ppi.o(i.nrfx_ppi_channel_fork_assign) refers to nrfx_ppi.o(i.is_programmable_app_channel) for is_programmable_app_channel
    nrfx_ppi.o(i.nrfx_ppi_channel_fork_assign) refers to nrfx_ppi.o(i.is_allocated_channel) for is_allocated_channel
    nrfx_ppi.o(i.nrfx_ppi_channel_free) refers to nrfx_ppi.o(i.is_programmable_app_channel) for is_programmable_app_channel
    nrfx_ppi.o(i.nrfx_ppi_channel_free) refers to app_util_platform.o(i.app_util_critical_region_enter) for app_util_critical_region_enter
    nrfx_ppi.o(i.nrfx_ppi_channel_free) refers to app_util_platform.o(i.app_util_critical_region_exit) for app_util_critical_region_exit
    nrfx_ppi.o(i.nrfx_ppi_channel_free) refers to nrfx_ppi.o(.data) for .data
    nrfx_ppi.o(i.nrfx_ppi_channels_include_in_group) refers to nrfx_ppi.o(i.is_app_group) for is_app_group
    nrfx_ppi.o(i.nrfx_ppi_channels_include_in_group) refers to nrfx_ppi.o(i.is_allocated_group) for is_allocated_group
    nrfx_ppi.o(i.nrfx_ppi_channels_include_in_group) refers to app_util_platform.o(i.app_util_critical_region_enter) for app_util_critical_region_enter
    nrfx_ppi.o(i.nrfx_ppi_channels_include_in_group) refers to app_util_platform.o(i.app_util_critical_region_exit) for app_util_critical_region_exit
    nrfx_ppi.o(i.nrfx_ppi_channels_remove_from_group) refers to nrfx_ppi.o(i.is_app_group) for is_app_group
    nrfx_ppi.o(i.nrfx_ppi_channels_remove_from_group) refers to nrfx_ppi.o(i.is_allocated_group) for is_allocated_group
    nrfx_ppi.o(i.nrfx_ppi_channels_remove_from_group) refers to app_util_platform.o(i.app_util_critical_region_enter) for app_util_critical_region_enter
    nrfx_ppi.o(i.nrfx_ppi_channels_remove_from_group) refers to app_util_platform.o(i.app_util_critical_region_exit) for app_util_critical_region_exit
    nrfx_ppi.o(i.nrfx_ppi_free_all) refers to nrfx_ppi.o(.data) for .data
    nrfx_ppi.o(i.nrfx_ppi_group_alloc) refers to app_util_platform.o(i.app_util_critical_region_enter) for app_util_critical_region_enter
    nrfx_ppi.o(i.nrfx_ppi_group_alloc) refers to nrfx_ppi.o(i.is_allocated_group) for is_allocated_group
    nrfx_ppi.o(i.nrfx_ppi_group_alloc) refers to app_util_platform.o(i.app_util_critical_region_exit) for app_util_critical_region_exit
    nrfx_ppi.o(i.nrfx_ppi_group_alloc) refers to nrfx_ppi.o(.data) for .data
    nrfx_ppi.o(i.nrfx_ppi_group_disable) refers to nrfx_ppi.o(i.is_app_group) for is_app_group
    nrfx_ppi.o(i.nrfx_ppi_group_enable) refers to nrfx_ppi.o(i.is_app_group) for is_app_group
    nrfx_ppi.o(i.nrfx_ppi_group_enable) refers to nrfx_ppi.o(i.is_allocated_group) for is_allocated_group
    nrfx_ppi.o(i.nrfx_ppi_group_free) refers to nrfx_ppi.o(i.is_app_group) for is_app_group
    nrfx_ppi.o(i.nrfx_ppi_group_free) refers to nrfx_ppi.o(i.is_allocated_group) for is_allocated_group
    nrfx_ppi.o(i.nrfx_ppi_group_free) refers to app_util_platform.o(i.app_util_critical_region_enter) for app_util_critical_region_enter
    nrfx_ppi.o(i.nrfx_ppi_group_free) refers to app_util_platform.o(i.app_util_critical_region_exit) for app_util_critical_region_exit
    nrfx_ppi.o(i.nrfx_ppi_group_free) refers to nrfx_ppi.o(.data) for .data
    nrfx_timer.o(i.TIMER0_IRQHandler) refers to nrfx_timer.o(i.irq_handler) for irq_handler
    nrfx_timer.o(i.TIMER0_IRQHandler) refers to nrfx_timer.o(.bss) for .bss
    nrfx_timer.o(i.TIMER1_IRQHandler) refers to nrfx_timer.o(i.irq_handler) for irq_handler
    nrfx_timer.o(i.TIMER1_IRQHandler) refers to nrfx_timer.o(.bss) for .bss
    nrfx_timer.o(i.irq_handler) refers to nrfx_timer.o(i.nrf_timer_event_clear) for nrf_timer_event_clear
    nrfx_timer.o(i.nrfx_timer_compare) refers to nrfx_timer.o(i.nrf_timer_event_clear) for nrf_timer_event_clear
    nrfx_timer.o(i.nrfx_timer_compare_int_enable) refers to nrfx_timer.o(i.nrf_timer_event_clear) for nrf_timer_event_clear
    nrfx_timer.o(i.nrfx_timer_disable) refers to nrfx_timer.o(.bss) for .bss
    nrfx_timer.o(i.nrfx_timer_enable) refers to nrfx_timer.o(.bss) for .bss
    nrfx_timer.o(i.nrfx_timer_extended_compare) refers to nrfx_timer.o(i.nrfx_timer_compare) for nrfx_timer_compare
    nrfx_timer.o(i.nrfx_timer_init) refers to nrfx_timer.o(i.nrf_timer_event_clear) for nrf_timer_event_clear
    nrfx_timer.o(i.nrfx_timer_init) refers to nrfx_timer.o(.bss) for .bss
    nrfx_timer.o(i.nrfx_timer_is_enabled) refers to nrfx_timer.o(.bss) for .bss
    nrfx_timer.o(i.nrfx_timer_uninit) refers to nrfx_timer.o(i.nrfx_timer_disable) for nrfx_timer_disable
    nrfx_timer.o(i.nrfx_timer_uninit) refers to nrfx_timer.o(.bss) for .bss
    app_error.o(i.app_error_handler_bare) refers to app_error_weak.o(i.app_error_fault_handler) for app_error_fault_handler
    app_error.o(i.app_error_save_and_stop) refers to app_error.o(.bss) for .bss
    app_error_handler_keil.o(.emb_text) refers to app_error_weak.o(i.app_error_fault_handler) for app_error_fault_handler
    app_pwm.o(i.app_pwm_busy_check) refers to app_pwm.o(.data) for .data
    app_pwm.o(i.app_pwm_busy_check) refers to app_pwm.o(.bss) for .bss
    app_pwm.o(i.app_pwm_channel_duty_get) refers to app_pwm.o(i.app_pwm_channel_duty_ticks_get) for app_pwm_channel_duty_ticks_get
    app_pwm.o(i.app_pwm_channel_duty_set) refers to app_pwm.o(i.app_pwm_channel_duty_ticks_set) for app_pwm_channel_duty_ticks_set
    app_pwm.o(i.app_pwm_channel_duty_ticks_set) refers to app_pwm.o(i.app_pwm_busy_check) for app_pwm_busy_check
    app_pwm.o(i.app_pwm_channel_duty_ticks_set) refers to app_pwm.o(i.pwm_transition) for pwm_transition
    app_pwm.o(i.app_pwm_channel_duty_ticks_set) refers to nrfx_timer.o(i.nrfx_timer_compare_int_enable) for nrfx_timer_compare_int_enable
    app_pwm.o(i.app_pwm_channel_duty_ticks_set) refers to app_pwm.o(.data) for .data
    app_pwm.o(i.app_pwm_channel_duty_ticks_set) refers to app_pwm.o(.bss) for .bss
    app_pwm.o(i.app_pwm_channel_init) refers to nrfx_gpiote.o(i.nrfx_gpiote_out_init) for nrfx_gpiote_out_init
    app_pwm.o(i.app_pwm_channel_init) refers to nrfx_ppi.o(i.nrfx_ppi_channel_alloc) for nrfx_ppi_channel_alloc
    app_pwm.o(i.app_pwm_channel_init) refers to nrfx_ppi.o(i.nrfx_ppi_channel_disable) for nrfx_ppi_channel_disable
    app_pwm.o(i.app_pwm_channel_init) refers to nrfx_gpiote.o(i.nrfx_gpiote_clr_task_addr_get) for nrfx_gpiote_clr_task_addr_get
    app_pwm.o(i.app_pwm_channel_init) refers to nrfx_gpiote.o(i.nrfx_gpiote_set_task_addr_get) for nrfx_gpiote_set_task_addr_get
    app_pwm.o(i.app_pwm_channel_init) refers to app_pwm.o(i.nrfx_timer_compare_event_address_get) for nrfx_timer_compare_event_address_get
    app_pwm.o(i.app_pwm_channel_init) refers to nrfx_ppi.o(i.nrfx_ppi_channel_assign) for nrfx_ppi_channel_assign
    app_pwm.o(i.app_pwm_channel_init) refers to app_pwm.o(.constdata) for .constdata
    app_pwm.o(i.app_pwm_channel_init) refers to app_pwm.o(.bss) for .bss
    app_pwm.o(i.app_pwm_disable) refers to nrfx_timer.o(i.nrfx_timer_disable) for nrfx_timer_disable
    app_pwm.o(i.app_pwm_disable) refers to nrfx_timer.o(i.nrfx_timer_compare_int_disable) for nrfx_timer_compare_int_disable
    app_pwm.o(i.app_pwm_disable) refers to nrfx_ppi.o(i.nrfx_ppi_channel_disable) for nrfx_ppi_channel_disable
    app_pwm.o(i.app_pwm_disable) refers to nrfx_gpiote.o(i.nrfx_gpiote_out_task_disable) for nrfx_gpiote_out_task_disable
    app_pwm.o(i.app_pwm_enable) refers to nrfx_gpiote.o(i.nrfx_gpiote_out_task_force) for nrfx_gpiote_out_task_force
    app_pwm.o(i.app_pwm_enable) refers to nrfx_gpiote.o(i.nrfx_gpiote_out_task_enable) for nrfx_gpiote_out_task_enable
    app_pwm.o(i.app_pwm_enable) refers to nrfx_timer.o(i.nrfx_timer_clear) for nrfx_timer_clear
    app_pwm.o(i.app_pwm_enable) refers to nrfx_timer.o(i.nrfx_timer_enable) for nrfx_timer_enable
    app_pwm.o(i.app_pwm_enable) refers to app_pwm.o(.bss) for .bss
    app_pwm.o(i.app_pwm_enable) refers to app_pwm.o(.data) for .data
    app_pwm.o(i.app_pwm_init) refers to nrf_drv_ppi.o(i.nrf_drv_ppi_init) for nrf_drv_ppi_init
    app_pwm.o(i.app_pwm_init) refers to nrfx_gpiote.o(i.nrfx_gpiote_is_init) for nrfx_gpiote_is_init
    app_pwm.o(i.app_pwm_init) refers to nrfx_gpiote.o(i.nrfx_gpiote_init) for nrfx_gpiote_init
    app_pwm.o(i.app_pwm_init) refers to nrfx_ppi.o(i.nrfx_ppi_channel_alloc) for nrfx_ppi_channel_alloc
    app_pwm.o(i.app_pwm_init) refers to app_pwm.o(i.pwm_dealloc) for pwm_dealloc
    app_pwm.o(i.app_pwm_init) refers to app_pwm.o(i.app_pwm_channel_init) for app_pwm_channel_init
    app_pwm.o(i.app_pwm_init) refers to app_pwm.o(i.app_pwm_channel_duty_ticks_set) for app_pwm_channel_duty_ticks_set
    app_pwm.o(i.app_pwm_init) refers to nrfx_timer.o(i.nrfx_timer_init) for nrfx_timer_init
    app_pwm.o(i.app_pwm_init) refers to nrfx_timer.o(i.nrfx_timer_clear) for nrfx_timer_clear
    app_pwm.o(i.app_pwm_init) refers to nrfx_timer.o(i.nrfx_timer_extended_compare) for nrfx_timer_extended_compare
    app_pwm.o(i.app_pwm_init) refers to nrfx_timer.o(i.nrfx_timer_compare_int_disable) for nrfx_timer_compare_int_disable
    app_pwm.o(i.app_pwm_init) refers to app_pwm.o(.data) for .data
    app_pwm.o(i.app_pwm_init) refers to app_pwm.o(.constdata) for .constdata
    app_pwm.o(i.app_pwm_init) refers to app_pwm.o(i.pwm_ready_tick) for pwm_ready_tick
    app_pwm.o(i.app_pwm_init) refers to app_pwm.o(.bss) for .bss
    app_pwm.o(i.app_pwm_uninit) refers to app_pwm.o(i.app_pwm_disable) for app_pwm_disable
    app_pwm.o(i.app_pwm_uninit) refers to app_pwm.o(i.pwm_dealloc) for pwm_dealloc
    app_pwm.o(i.pwm_dealloc) refers to nrfx_ppi.o(i.nrfx_ppi_channel_free) for nrfx_ppi_channel_free
    app_pwm.o(i.pwm_dealloc) refers to nrfx_gpiote.o(i.nrfx_gpiote_out_uninit) for nrfx_gpiote_out_uninit
    app_pwm.o(i.pwm_dealloc) refers to nrfx_timer.o(i.nrfx_timer_uninit) for nrfx_timer_uninit
    app_pwm.o(i.pwm_ready_tick) refers to nrfx_timer.o(i.nrfx_timer_compare_int_disable) for nrfx_timer_compare_int_disable
    app_pwm.o(i.pwm_ready_tick) refers to app_pwm.o(.bss) for .bss
    app_pwm.o(i.pwm_transition) refers to nrfx_ppi.o(i.nrfx_ppi_channel_disable) for nrfx_ppi_channel_disable
    app_pwm.o(i.pwm_transition) refers to nrfx_ppi.o(i.nrfx_ppi_channel_enable) for nrfx_ppi_channel_enable
    app_pwm.o(i.pwm_transition) refers to nrfx_timer.o(i.nrfx_timer_compare) for nrfx_timer_compare
    app_pwm.o(i.pwm_transition) refers to nrfx_gpiote.o(i.nrfx_gpiote_clr_task_addr_get) for nrfx_gpiote_clr_task_addr_get
    app_pwm.o(i.pwm_transition) refers to nrfx_gpiote.o(i.nrfx_gpiote_set_task_addr_get) for nrfx_gpiote_set_task_addr_get
    app_pwm.o(i.pwm_transition) refers to app_pwm.o(i.nrfx_timer_compare_event_address_get) for nrfx_timer_compare_event_address_get
    app_pwm.o(i.pwm_transition) refers to nrfx_ppi.o(i.nrfx_ppi_channel_assign) for nrfx_ppi_channel_assign
    app_pwm.o(i.pwm_transition) refers to app_pwm.o(.data) for .data
    app_pwm.o(i.pwm_transition) refers to app_pwm.o(.bss) for .bss
    app_util_platform.o(i.app_util_critical_region_enter) refers to app_util_platform.o(i.app_util_disable_irq) for app_util_disable_irq
    app_util_platform.o(i.app_util_critical_region_exit) refers to app_util_platform.o(i.app_util_enable_irq) for app_util_enable_irq
    app_util_platform.o(i.app_util_disable_irq) refers to app_util_platform.o(.data) for .data
    app_util_platform.o(i.app_util_enable_irq) refers to app_util_platform.o(.data) for .data
    nrf_assert.o(i.assert_nrf_callback) refers to app_error_weak.o(i.app_error_fault_handler) for app_error_fault_handler
    nrf_atomic.o(i.nrf_atomic_flag_clear) refers to nrf_atomic.o(i.nrf_atomic_u32_and) for nrf_atomic_u32_and
    nrf_atomic.o(i.nrf_atomic_flag_clear_fetch) refers to nrf_atomic.o(i.nrf_atomic_u32_fetch_and) for nrf_atomic_u32_fetch_and
    nrf_atomic.o(i.nrf_atomic_flag_set) refers to nrf_atomic.o(i.nrf_atomic_u32_or) for nrf_atomic_u32_or
    nrf_atomic.o(i.nrf_atomic_flag_set_fetch) refers to nrf_atomic.o(i.nrf_atomic_u32_fetch_or) for nrf_atomic_u32_fetch_or
    nrf_atomic.o(i.nrf_atomic_u32_add) refers to nrf_atomic.o(.emb_text) for __asm___12_nrf_atomic_c_85ca2469__nrf_atomic_internal_add
    nrf_atomic.o(i.nrf_atomic_u32_and) refers to nrf_atomic.o(.emb_text) for __asm___12_nrf_atomic_c_85ca2469__nrf_atomic_internal_and
    nrf_atomic.o(i.nrf_atomic_u32_cmp_exch) refers to nrf_atomic.o(.emb_text) for __asm___12_nrf_atomic_c_85ca2469__nrf_atomic_internal_cmp_exch
    nrf_atomic.o(i.nrf_atomic_u32_fetch_add) refers to nrf_atomic.o(.emb_text) for __asm___12_nrf_atomic_c_85ca2469__nrf_atomic_internal_add
    nrf_atomic.o(i.nrf_atomic_u32_fetch_and) refers to nrf_atomic.o(.emb_text) for __asm___12_nrf_atomic_c_85ca2469__nrf_atomic_internal_and
    nrf_atomic.o(i.nrf_atomic_u32_fetch_or) refers to nrf_atomic.o(.emb_text) for __asm___12_nrf_atomic_c_85ca2469__nrf_atomic_internal_orr
    nrf_atomic.o(i.nrf_atomic_u32_fetch_store) refers to nrf_atomic.o(.emb_text) for __asm___12_nrf_atomic_c_85ca2469__nrf_atomic_internal_mov
    nrf_atomic.o(i.nrf_atomic_u32_fetch_sub) refers to nrf_atomic.o(.emb_text) for __asm___12_nrf_atomic_c_85ca2469__nrf_atomic_internal_sub
    nrf_atomic.o(i.nrf_atomic_u32_fetch_sub_hs) refers to nrf_atomic.o(.emb_text) for __asm___12_nrf_atomic_c_85ca2469__nrf_atomic_internal_sub_hs
    nrf_atomic.o(i.nrf_atomic_u32_fetch_xor) refers to nrf_atomic.o(.emb_text) for __asm___12_nrf_atomic_c_85ca2469__nrf_atomic_internal_eor
    nrf_atomic.o(i.nrf_atomic_u32_or) refers to nrf_atomic.o(.emb_text) for __asm___12_nrf_atomic_c_85ca2469__nrf_atomic_internal_orr
    nrf_atomic.o(i.nrf_atomic_u32_store) refers to nrf_atomic.o(.emb_text) for __asm___12_nrf_atomic_c_85ca2469__nrf_atomic_internal_mov
    nrf_atomic.o(i.nrf_atomic_u32_sub) refers to nrf_atomic.o(.emb_text) for __asm___12_nrf_atomic_c_85ca2469__nrf_atomic_internal_sub
    nrf_atomic.o(i.nrf_atomic_u32_sub_hs) refers to nrf_atomic.o(.emb_text) for __asm___12_nrf_atomic_c_85ca2469__nrf_atomic_internal_sub_hs
    nrf_atomic.o(i.nrf_atomic_u32_xor) refers to nrf_atomic.o(.emb_text) for __asm___12_nrf_atomic_c_85ca2469__nrf_atomic_internal_eor
    nrf_balloc.o(i.nrf_balloc_alloc) refers to app_util_platform.o(i.app_util_critical_region_enter) for app_util_critical_region_enter
    nrf_balloc.o(i.nrf_balloc_alloc) refers to app_util_platform.o(i.app_util_critical_region_exit) for app_util_critical_region_exit
    nrf_balloc.o(i.nrf_balloc_free) refers to app_util_platform.o(i.app_util_critical_region_enter) for app_util_critical_region_enter
    nrf_balloc.o(i.nrf_balloc_free) refers to app_util_platform.o(i.app_util_critical_region_exit) for app_util_critical_region_exit
    nrf_fprintf.o(i.nrf_fprintf) refers to nrf_fprintf_format.o(i.nrf_fprintf_fmt) for nrf_fprintf_fmt
    nrf_fprintf_format.o(i.buffer_add) refers to nrf_fprintf.o(i.nrf_fprintf_buffer_flush) for nrf_fprintf_buffer_flush
    nrf_fprintf_format.o(i.int_print) refers to nrf_fprintf_format.o(i.buffer_add) for buffer_add
    nrf_fprintf_format.o(i.int_print) refers to nrf_fprintf_format.o(i.unsigned_print) for unsigned_print
    nrf_fprintf_format.o(i.nrf_fprintf_fmt) refers to nrf_fprintf_format.o(i.buffer_add) for buffer_add
    nrf_fprintf_format.o(i.nrf_fprintf_fmt) refers to nrf_fprintf.o(i.nrf_fprintf_buffer_flush) for nrf_fprintf_buffer_flush
    nrf_fprintf_format.o(i.nrf_fprintf_fmt) refers to nrf_fprintf_format.o(i.int_print) for int_print
    nrf_fprintf_format.o(i.nrf_fprintf_fmt) refers to nrf_fprintf_format.o(i.unsigned_print) for unsigned_print
    nrf_fprintf_format.o(i.nrf_fprintf_fmt) refers to strlen.o(.text) for strlen
    nrf_fprintf_format.o(i.unsigned_print) refers to nrf_fprintf_format.o(i.buffer_add) for buffer_add
    nrf_fprintf_format.o(i.unsigned_print) refers to nrf_fprintf_format.o(.constdata) for .constdata
    nrf_memobj.o(i.memobj_op) refers to memcpya.o(.text) for __aeabi_memcpy
    nrf_memobj.o(i.nrf_memobj_alloc) refers to nrf_balloc.o(i.nrf_balloc_alloc) for nrf_balloc_alloc
    nrf_memobj.o(i.nrf_memobj_alloc) refers to nrf_memobj.o(i.nrf_memobj_free) for nrf_memobj_free
    nrf_memobj.o(i.nrf_memobj_free) refers to nrf_balloc.o(i.nrf_balloc_free) for nrf_balloc_free
    nrf_memobj.o(i.nrf_memobj_get) refers to nrf_atomic.o(i.nrf_atomic_u32_add) for nrf_atomic_u32_add
    nrf_memobj.o(i.nrf_memobj_pool_init) refers to nrf_balloc.o(i.nrf_balloc_init) for nrf_balloc_init
    nrf_memobj.o(i.nrf_memobj_put) refers to nrf_atomic.o(i.nrf_atomic_u32_sub) for nrf_atomic_u32_sub
    nrf_memobj.o(i.nrf_memobj_put) refers to nrf_memobj.o(i.nrf_memobj_free) for nrf_memobj_free
    nrf_memobj.o(i.nrf_memobj_read) refers to nrf_memobj.o(i.memobj_op) for memobj_op
    nrf_memobj.o(i.nrf_memobj_write) refers to nrf_memobj.o(i.memobj_op) for memobj_op
    nrf_ringbuf.o(i.nrf_ringbuf_alloc) refers to nrf_atomic.o(i.nrf_atomic_flag_set_fetch) for nrf_atomic_flag_set_fetch
    nrf_ringbuf.o(i.nrf_ringbuf_alloc) refers to nrf_atomic.o(i.nrf_atomic_flag_clear) for nrf_atomic_flag_clear
    nrf_ringbuf.o(i.nrf_ringbuf_cpy_get) refers to nrf_atomic.o(i.nrf_atomic_flag_set_fetch) for nrf_atomic_flag_set_fetch
    nrf_ringbuf.o(i.nrf_ringbuf_cpy_get) refers to memcpya.o(.text) for __aeabi_memcpy
    nrf_ringbuf.o(i.nrf_ringbuf_cpy_get) refers to nrf_atomic.o(i.nrf_atomic_flag_clear) for nrf_atomic_flag_clear
    nrf_ringbuf.o(i.nrf_ringbuf_cpy_put) refers to nrf_atomic.o(i.nrf_atomic_flag_set_fetch) for nrf_atomic_flag_set_fetch
    nrf_ringbuf.o(i.nrf_ringbuf_cpy_put) refers to memcpya.o(.text) for __aeabi_memcpy
    nrf_ringbuf.o(i.nrf_ringbuf_cpy_put) refers to nrf_atomic.o(i.nrf_atomic_flag_clear) for nrf_atomic_flag_clear
    nrf_ringbuf.o(i.nrf_ringbuf_free) refers to nrf_atomic.o(i.nrf_atomic_flag_clear) for nrf_atomic_flag_clear
    nrf_ringbuf.o(i.nrf_ringbuf_get) refers to nrf_atomic.o(i.nrf_atomic_flag_set_fetch) for nrf_atomic_flag_set_fetch
    nrf_ringbuf.o(i.nrf_ringbuf_get) refers to nrf_atomic.o(i.nrf_atomic_flag_clear) for nrf_atomic_flag_clear
    nrf_ringbuf.o(i.nrf_ringbuf_put) refers to nrf_atomic.o(i.nrf_atomic_flag_clear_fetch) for nrf_atomic_flag_clear_fetch
    nrf_strerror.o(i.nrf_strerror_find) refers to nrf_strerror.o(.constdata) for .constdata
    nrf_strerror.o(i.nrf_strerror_get) refers to nrf_strerror.o(i.nrf_strerror_find) for nrf_strerror_find
    nrf_strerror.o(i.nrf_strerror_get) refers to nrf_strerror.o(.constdata) for .constdata
    nrf_strerror.o(.constdata) refers to nrf_strerror.o(.conststring) for .conststring
    arm_startup_nrf52.o(RESET) refers to arm_startup_nrf52.o(STACK) for __initial_sp
    arm_startup_nrf52.o(RESET) refers to arm_startup_nrf52.o(.text) for Reset_Handler
    arm_startup_nrf52.o(RESET) refers to nrfx_gpiote.o(i.GPIOTE_IRQHandler) for GPIOTE_IRQHandler
    arm_startup_nrf52.o(RESET) refers to nrfx_timer.o(i.TIMER0_IRQHandler) for TIMER0_IRQHandler
    arm_startup_nrf52.o(RESET) refers to nrfx_timer.o(i.TIMER1_IRQHandler) for TIMER1_IRQHandler
    arm_startup_nrf52.o(.text) refers to system_nrf52.o(i.SystemInit) for SystemInit
    arm_startup_nrf52.o(.text) refers to entry.o(.ARM.Collect$$$$00000000) for __main
    system_nrf52.o(i.SystemCoreClockUpdate) refers to system_nrf52.o(.data) for .data
    system_nrf52.o(i.SystemInit) refers to system_nrf52.o(i.NVIC_SystemReset) for NVIC_SystemReset
    system_nrf52.o(i.SystemInit) refers to system_nrf52.o(.data) for .data
    entry.o(.ARM.Collect$$$$00000000) refers (Special) to entry10a.o(.ARM.Collect$$$$0000000D) for __rt_final_cpp
    entry.o(.ARM.Collect$$$$00000000) refers (Special) to entry11a.o(.ARM.Collect$$$$0000000F) for __rt_final_exit
    entry.o(.ARM.Collect$$$$00000000) refers (Special) to entry7b.o(.ARM.Collect$$$$00000008) for _main_clock
    entry.o(.ARM.Collect$$$$00000000) refers (Special) to entry8b.o(.ARM.Collect$$$$0000000A) for _main_cpp_init
    entry.o(.ARM.Collect$$$$00000000) refers (Special) to entry9a.o(.ARM.Collect$$$$0000000B) for _main_init
    entry.o(.ARM.Collect$$$$00000000) refers (Special) to entry5.o(.ARM.Collect$$$$00000004) for _main_scatterload
    entry.o(.ARM.Collect$$$$00000000) refers (Special) to entry2.o(.ARM.Collect$$$$00000001) for _main_stk
    entry2.o(.ARM.Collect$$$$00000001) refers to entry2.o(.ARM.Collect$$$$00002712) for __lit__00000000
    entry2.o(.ARM.Collect$$$$00002712) refers to arm_startup_nrf52.o(STACK) for __initial_sp
    entry2.o(__vectab_stack_and_reset_area) refers to arm_startup_nrf52.o(STACK) for __initial_sp
    entry2.o(__vectab_stack_and_reset_area) refers to entry.o(.ARM.Collect$$$$00000000) for __main
    entry5.o(.ARM.Collect$$$$00000004) refers to init.o(.text) for __scatterload
    entry9a.o(.ARM.Collect$$$$0000000B) refers to main.o(i.main) for main
    entry9b.o(.ARM.Collect$$$$0000000C) refers to main.o(i.main) for main
    init.o(.text) refers to entry5.o(.ARM.Collect$$$$00000004) for __main_after_scatterload


==============================================================================

Removing Unused input sections from the image.

    Removing main.o(.rev16_text), (4 bytes).
    Removing main.o(.revsh_text), (4 bytes).
    Removing main.o(.rrx_text), (6 bytes).
    Removing boards.o(.rev16_text), (4 bytes).
    Removing boards.o(.revsh_text), (4 bytes).
    Removing boards.o(.rrx_text), (6 bytes).
    Removing boards.o(i.bsp_board_button_idx_to_pin), (12 bytes).
    Removing boards.o(i.bsp_board_button_state_get), (32 bytes).
    Removing boards.o(i.bsp_board_init), (84 bytes).
    Removing boards.o(i.bsp_board_led_idx_to_pin), (12 bytes).
    Removing boards.o(i.bsp_board_led_invert), (36 bytes).
    Removing boards.o(i.bsp_board_led_off), (16 bytes).
    Removing boards.o(i.bsp_board_led_on), (16 bytes).
    Removing boards.o(i.bsp_board_led_state_get), (32 bytes).
    Removing boards.o(i.bsp_board_leds_off), (18 bytes).
    Removing boards.o(i.bsp_board_leds_on), (18 bytes).
    Removing boards.o(i.bsp_board_pin_to_button_idx), (36 bytes).
    Removing boards.o(i.bsp_board_pin_to_led_idx), (36 bytes).
    Removing boards.o(i.nrf_gpio_cfg), (36 bytes).
    Removing boards.o(i.nrf_gpio_pin_write), (22 bytes).
    Removing boards.o(.constdata), (8 bytes).
    Removing nrf_drv_ppi.o(.rev16_text), (4 bytes).
    Removing nrf_drv_ppi.o(.revsh_text), (4 bytes).
    Removing nrf_drv_ppi.o(.rrx_text), (6 bytes).
    Removing nrf_drv_ppi.o(i.nrf_drv_ppi_uninit), (28 bytes).
    Removing nrf_nvic.o(.rev16_text), (4 bytes).
    Removing nrf_nvic.o(.revsh_text), (4 bytes).
    Removing nrf_nvic.o(.rrx_text), (6 bytes).
    Removing nrf_nvic.o(i.sd_nvic_ClearPendingIRQ), (24 bytes).
    Removing nrf_nvic.o(i.sd_nvic_DisableIRQ), (24 bytes).
    Removing nrf_nvic.o(i.sd_nvic_EnableIRQ), (24 bytes).
    Removing nrf_nvic.o(i.sd_nvic_GetPendingIRQ), (42 bytes).
    Removing nrf_nvic.o(i.sd_nvic_GetPriority), (40 bytes).
    Removing nrf_nvic.o(i.sd_nvic_SetPendingIRQ), (24 bytes).
    Removing nrf_nvic.o(i.sd_nvic_SetPriority), (34 bytes).
    Removing nrf_nvic.o(i.sd_nvic_SystemReset), (36 bytes).
    Removing nrf_nvic.o(i.sd_nvic_critical_region_enter), (28 bytes).
    Removing nrf_nvic.o(i.sd_nvic_critical_region_exit), (24 bytes).
    Removing nrf_nvic.o(.data), (1 bytes).
    Removing nrf_soc.o(.rev16_text), (4 bytes).
    Removing nrf_soc.o(.revsh_text), (4 bytes).
    Removing nrf_soc.o(.rrx_text), (6 bytes).
    Removing nrf_soc.o(i.sd_app_evt_wait), (6 bytes).
    Removing nrfx_gpiote.o(.rev16_text), (4 bytes).
    Removing nrfx_gpiote.o(.revsh_text), (4 bytes).
    Removing nrfx_gpiote.o(.rrx_text), (6 bytes).
    Removing nrfx_gpiote.o(i.nrfx_gpiote_clr_task_trigger), (28 bytes).
    Removing nrfx_gpiote.o(i.nrfx_gpiote_in_event_addr_get), (40 bytes).
    Removing nrfx_gpiote.o(i.nrfx_gpiote_in_event_disable), (72 bytes).
    Removing nrfx_gpiote.o(i.nrfx_gpiote_in_event_enable), (164 bytes).
    Removing nrfx_gpiote.o(i.nrfx_gpiote_in_init), (208 bytes).
    Removing nrfx_gpiote.o(i.nrfx_gpiote_in_is_set), (20 bytes).
    Removing nrfx_gpiote.o(i.nrfx_gpiote_in_uninit), (88 bytes).
    Removing nrfx_gpiote.o(i.nrfx_gpiote_out_clear), (14 bytes).
    Removing nrfx_gpiote.o(i.nrfx_gpiote_out_set), (14 bytes).
    Removing nrfx_gpiote.o(i.nrfx_gpiote_out_task_addr_get), (20 bytes).
    Removing nrfx_gpiote.o(i.nrfx_gpiote_out_task_disable), (36 bytes).
    Removing nrfx_gpiote.o(i.nrfx_gpiote_out_task_trigger), (24 bytes).
    Removing nrfx_gpiote.o(i.nrfx_gpiote_out_toggle), (28 bytes).
    Removing nrfx_gpiote.o(i.nrfx_gpiote_set_task_trigger), (28 bytes).
    Removing nrfx_gpiote.o(i.nrfx_gpiote_uninit), (56 bytes).
    Removing nrfx_gpiote.o(i.pin_in_use_by_port), (24 bytes).
    Removing nrfx_gpiote.o(.constdata), (17 bytes).
    Removing nrfx_gpiote.o(.constdata), (21 bytes).
    Removing nrfx_gpiote.o(.constdata), (20 bytes).
    Removing nrfx_ppi.o(.rev16_text), (4 bytes).
    Removing nrfx_ppi.o(.revsh_text), (4 bytes).
    Removing nrfx_ppi.o(.rrx_text), (6 bytes).
    Removing nrfx_ppi.o(i.is_allocated_group), (24 bytes).
    Removing nrfx_ppi.o(i.is_app_group), (12 bytes).
    Removing nrfx_ppi.o(i.nrfx_ppi_channel_fork_assign), (48 bytes).
    Removing nrfx_ppi.o(i.nrfx_ppi_channels_include_in_group), (68 bytes).
    Removing nrfx_ppi.o(i.nrfx_ppi_channels_remove_from_group), (68 bytes).
    Removing nrfx_ppi.o(i.nrfx_ppi_free_all), (72 bytes).
    Removing nrfx_ppi.o(i.nrfx_ppi_group_alloc), (92 bytes).
    Removing nrfx_ppi.o(i.nrfx_ppi_group_disable), (36 bytes).
    Removing nrfx_ppi.o(i.nrfx_ppi_group_enable), (44 bytes).
    Removing nrfx_ppi.o(i.nrfx_ppi_group_free), (72 bytes).
    Removing nrfx_ppi.o(.constdata), (23 bytes).
    Removing nrfx_ppi.o(.constdata), (22 bytes).
    Removing nrfx_ppi.o(.constdata), (24 bytes).
    Removing nrfx_ppi.o(.constdata), (29 bytes).
    Removing nrfx_ppi.o(.constdata), (24 bytes).
    Removing nrfx_ppi.o(.constdata), (25 bytes).
    Removing nrfx_ppi.o(.constdata), (21 bytes).
    Removing nrfx_ppi.o(.constdata), (20 bytes).
    Removing nrfx_ppi.o(.constdata), (22 bytes).
    Removing nrfx_ppi.o(.constdata), (23 bytes).
    Removing nrfx_ppi.o(.constdata), (36 bytes).
    Removing nrfx_ppi.o(.constdata), (35 bytes).
    Removing nrfx_timer.o(.rev16_text), (4 bytes).
    Removing nrfx_timer.o(.revsh_text), (4 bytes).
    Removing nrfx_timer.o(.rrx_text), (6 bytes).
    Removing nrfx_timer.o(i.nrfx_timer_capture), (30 bytes).
    Removing nrfx_timer.o(i.nrfx_timer_increment), (8 bytes).
    Removing nrfx_timer.o(i.nrfx_timer_is_enabled), (32 bytes).
    Removing nrfx_timer.o(i.nrfx_timer_pause), (8 bytes).
    Removing nrfx_timer.o(i.nrfx_timer_resume), (8 bytes).
    Removing nrfx_timer.o(.constdata), (16 bytes).
    Removing app_error.o(.rev16_text), (4 bytes).
    Removing app_error.o(.revsh_text), (4 bytes).
    Removing app_error.o(.rrx_text), (6 bytes).
    Removing app_error.o(i.app_error_save_and_stop), (100 bytes).
    Removing app_error.o(.bss), (32 bytes).
    Removing app_error_handler_keil.o(.rev16_text), (4 bytes).
    Removing app_error_handler_keil.o(.revsh_text), (4 bytes).
    Removing app_error_handler_keil.o(.rrx_text), (6 bytes).
    Removing app_error_handler_keil.o(.emb_text), (26 bytes).
    Removing app_error_weak.o(.rev16_text), (4 bytes).
    Removing app_error_weak.o(.revsh_text), (4 bytes).
    Removing app_error_weak.o(.rrx_text), (6 bytes).
    Removing app_pwm.o(.rev16_text), (4 bytes).
    Removing app_pwm.o(.revsh_text), (4 bytes).
    Removing app_pwm.o(.rrx_text), (6 bytes).
    Removing app_pwm.o(i.app_pwm_channel_duty_get), (26 bytes).
    Removing app_pwm.o(i.app_pwm_channel_duty_ticks_get), (16 bytes).
    Removing app_pwm.o(i.app_pwm_cycle_ticks_get), (8 bytes).
    Removing app_pwm.o(i.app_pwm_disable), (120 bytes).
    Removing app_pwm.o(i.app_pwm_uninit), (42 bytes).
    Removing app_util_platform.o(.rev16_text), (4 bytes).
    Removing app_util_platform.o(.revsh_text), (4 bytes).
    Removing app_util_platform.o(.rrx_text), (6 bytes).
    Removing app_util_platform.o(i.current_int_priority_get), (48 bytes).
    Removing app_util_platform.o(i.privilege_level_get), (26 bytes).
    Removing nrf_assert.o(.rev16_text), (4 bytes).
    Removing nrf_assert.o(.revsh_text), (4 bytes).
    Removing nrf_assert.o(.rrx_text), (6 bytes).
    Removing nrf_assert.o(i.assert_nrf_callback), (22 bytes).
    Removing nrf_atomic.o(.rev16_text), (4 bytes).
    Removing nrf_atomic.o(.revsh_text), (4 bytes).
    Removing nrf_atomic.o(.rrx_text), (6 bytes).
    Removing nrf_atomic.o(.emb_text), (226 bytes).
    Removing nrf_atomic.o(i.nrf_atomic_flag_clear), (6 bytes).
    Removing nrf_atomic.o(i.nrf_atomic_flag_clear_fetch), (6 bytes).
    Removing nrf_atomic.o(i.nrf_atomic_flag_set), (6 bytes).
    Removing nrf_atomic.o(i.nrf_atomic_flag_set_fetch), (6 bytes).
    Removing nrf_atomic.o(i.nrf_atomic_u32_add), (12 bytes).
    Removing nrf_atomic.o(i.nrf_atomic_u32_and), (12 bytes).
    Removing nrf_atomic.o(i.nrf_atomic_u32_cmp_exch), (4 bytes).
    Removing nrf_atomic.o(i.nrf_atomic_u32_fetch_add), (10 bytes).
    Removing nrf_atomic.o(i.nrf_atomic_u32_fetch_and), (10 bytes).
    Removing nrf_atomic.o(i.nrf_atomic_u32_fetch_or), (10 bytes).
    Removing nrf_atomic.o(i.nrf_atomic_u32_fetch_store), (10 bytes).
    Removing nrf_atomic.o(i.nrf_atomic_u32_fetch_sub), (10 bytes).
    Removing nrf_atomic.o(i.nrf_atomic_u32_fetch_sub_hs), (10 bytes).
    Removing nrf_atomic.o(i.nrf_atomic_u32_fetch_xor), (10 bytes).
    Removing nrf_atomic.o(i.nrf_atomic_u32_or), (12 bytes).
    Removing nrf_atomic.o(i.nrf_atomic_u32_store), (12 bytes).
    Removing nrf_atomic.o(i.nrf_atomic_u32_sub), (12 bytes).
    Removing nrf_atomic.o(i.nrf_atomic_u32_sub_hs), (12 bytes).
    Removing nrf_atomic.o(i.nrf_atomic_u32_xor), (12 bytes).
    Removing nrf_balloc.o(.rev16_text), (4 bytes).
    Removing nrf_balloc.o(.revsh_text), (4 bytes).
    Removing nrf_balloc.o(.rrx_text), (6 bytes).
    Removing nrf_balloc.o(i.nrf_balloc_alloc), (62 bytes).
    Removing nrf_balloc.o(i.nrf_balloc_free), (42 bytes).
    Removing nrf_balloc.o(i.nrf_balloc_init), (48 bytes).
    Removing nrf_fprintf.o(.rev16_text), (4 bytes).
    Removing nrf_fprintf.o(.revsh_text), (4 bytes).
    Removing nrf_fprintf.o(.rrx_text), (6 bytes).
    Removing nrf_fprintf.o(i.nrf_fprintf), (26 bytes).
    Removing nrf_fprintf.o(i.nrf_fprintf_buffer_flush), (24 bytes).
    Removing nrf_fprintf_format.o(.rev16_text), (4 bytes).
    Removing nrf_fprintf_format.o(.revsh_text), (4 bytes).
    Removing nrf_fprintf_format.o(.rrx_text), (6 bytes).
    Removing nrf_fprintf_format.o(i.buffer_add), (30 bytes).
    Removing nrf_fprintf_format.o(i.int_print), (166 bytes).
    Removing nrf_fprintf_format.o(i.nrf_fprintf_fmt), (474 bytes).
    Removing nrf_fprintf_format.o(i.unsigned_print), (180 bytes).
    Removing nrf_fprintf_format.o(.constdata), (16 bytes).
    Removing nrf_memobj.o(.rev16_text), (4 bytes).
    Removing nrf_memobj.o(.revsh_text), (4 bytes).
    Removing nrf_memobj.o(.rrx_text), (6 bytes).
    Removing nrf_memobj.o(i.memobj_op), (126 bytes).
    Removing nrf_memobj.o(i.nrf_memobj_alloc), (96 bytes).
    Removing nrf_memobj.o(i.nrf_memobj_free), (50 bytes).
    Removing nrf_memobj.o(i.nrf_memobj_get), (8 bytes).
    Removing nrf_memobj.o(i.nrf_memobj_pool_init), (4 bytes).
    Removing nrf_memobj.o(i.nrf_memobj_put), (30 bytes).
    Removing nrf_memobj.o(i.nrf_memobj_read), (16 bytes).
    Removing nrf_memobj.o(i.nrf_memobj_write), (16 bytes).
    Removing nrf_ringbuf.o(.rev16_text), (4 bytes).
    Removing nrf_ringbuf.o(.revsh_text), (4 bytes).
    Removing nrf_ringbuf.o(.rrx_text), (6 bytes).
    Removing nrf_ringbuf.o(i.nrf_ringbuf_alloc), (112 bytes).
    Removing nrf_ringbuf.o(i.nrf_ringbuf_cpy_get), (124 bytes).
    Removing nrf_ringbuf.o(i.nrf_ringbuf_cpy_put), (114 bytes).
    Removing nrf_ringbuf.o(i.nrf_ringbuf_free), (38 bytes).
    Removing nrf_ringbuf.o(i.nrf_ringbuf_get), (112 bytes).
    Removing nrf_ringbuf.o(i.nrf_ringbuf_init), (28 bytes).
    Removing nrf_ringbuf.o(i.nrf_ringbuf_put), (48 bytes).
    Removing nrf_strerror.o(.rev16_text), (4 bytes).
    Removing nrf_strerror.o(.revsh_text), (4 bytes).
    Removing nrf_strerror.o(.rrx_text), (6 bytes).
    Removing nrf_strerror.o(i.nrf_strerror_find), (56 bytes).
    Removing nrf_strerror.o(i.nrf_strerror_get), (20 bytes).
    Removing nrf_strerror.o(.constdata), (300 bytes).
    Removing nrf_strerror.o(.conststring), (957 bytes).
    Removing nrf_log_frontend.o(.rev16_text), (4 bytes).
    Removing nrf_log_frontend.o(.revsh_text), (4 bytes).
    Removing nrf_log_frontend.o(.rrx_text), (6 bytes).
    Removing nrf_log_str_formatter.o(.rev16_text), (4 bytes).
    Removing nrf_log_str_formatter.o(.revsh_text), (4 bytes).
    Removing nrf_log_str_formatter.o(.rrx_text), (6 bytes).
    Removing arm_startup_nrf52.o(HEAP), (8192 bytes).
    Removing system_nrf52.o(.rev16_text), (4 bytes).
    Removing system_nrf52.o(.revsh_text), (4 bytes).
    Removing system_nrf52.o(.rrx_text), (6 bytes).
    Removing system_nrf52.o(i.SystemCoreClockUpdate), (16 bytes).

209 unused section(s) (total 15354 bytes) removed from the image.

==============================================================================

Image Symbol Table

    Local Symbols

    Symbol Name                              Value     Ov Type        Size  Object(Section)

    RESET                                    0x00000000   Section      512  arm_startup_nrf52.o(RESET)
    ../clib/microlib/init/entry.s            0x00000000   Number         0  entry8a.o ABSOLUTE
    ../clib/microlib/init/entry.s            0x00000000   Number         0  entry9a.o ABSOLUTE
    ../clib/microlib/init/entry.s            0x00000000   Number         0  entry11b.o ABSOLUTE
    ../clib/microlib/init/entry.s            0x00000000   Number         0  entry7a.o ABSOLUTE
    ../clib/microlib/init/entry.s            0x00000000   Number         0  entry11a.o ABSOLUTE
    ../clib/microlib/init/entry.s            0x00000000   Number         0  entry10b.o ABSOLUTE
    ../clib/microlib/init/entry.s            0x00000000   Number         0  entry8b.o ABSOLUTE
    ../clib/microlib/init/entry.s            0x00000000   Number         0  entry10a.o ABSOLUTE
    ../clib/microlib/init/entry.s            0x00000000   Number         0  entry9b.o ABSOLUTE
    ../clib/microlib/init/entry.s            0x00000000   Number         0  entry.o ABSOLUTE
    ../clib/microlib/init/entry.s            0x00000000   Number         0  entry2.o ABSOLUTE
    ../clib/microlib/init/entry.s            0x00000000   Number         0  entry5.o ABSOLUTE
    ../clib/microlib/init/entry.s            0x00000000   Number         0  entry7b.o ABSOLUTE
    ../clib/microlib/string/memcpy.c         0x00000000   Number         0  memcpyb.o ABSOLUTE
    ../clib/microlib/string/memcpy.c         0x00000000   Number         0  memcpya.o ABSOLUTE
    ../clib/microlib/string/strlen.c         0x00000000   Number         0  strlen.o ABSOLUTE
    ..\..\..\..\..\..\components\boards\boards.c 0x00000000   Number         0  boards.o ABSOLUTE
    ..\..\..\..\..\..\components\drivers_nrf\nrf_soc_nosd\nrf_nvic.c 0x00000000   Number         0  nrf_nvic.o ABSOLUTE
    ..\..\..\..\..\..\components\drivers_nrf\nrf_soc_nosd\nrf_soc.c 0x00000000   Number         0  nrf_soc.o ABSOLUTE
    ..\..\..\..\..\..\components\libraries\atomic\nrf_atomic.c 0x00000000   Number         0  nrf_atomic.o ABSOLUTE
    ..\..\..\..\..\..\components\libraries\balloc\nrf_balloc.c 0x00000000   Number         0  nrf_balloc.o ABSOLUTE
    ..\..\..\..\..\..\components\libraries\log\src\nrf_log_frontend.c 0x00000000   Number         0  nrf_log_frontend.o ABSOLUTE
    ..\..\..\..\..\..\components\libraries\log\src\nrf_log_str_formatter.c 0x00000000   Number         0  nrf_log_str_formatter.o ABSOLUTE
    ..\..\..\..\..\..\components\libraries\memobj\nrf_memobj.c 0x00000000   Number         0  nrf_memobj.o ABSOLUTE
    ..\..\..\..\..\..\components\libraries\pwm\app_pwm.c 0x00000000   Number         0  app_pwm.o ABSOLUTE
    ..\..\..\..\..\..\components\libraries\ringbuf\nrf_ringbuf.c 0x00000000   Number         0  nrf_ringbuf.o ABSOLUTE
    ..\..\..\..\..\..\components\libraries\strerror\nrf_strerror.c 0x00000000   Number         0  nrf_strerror.o ABSOLUTE
    ..\..\..\..\..\..\components\libraries\util\app_error.c 0x00000000   Number         0  app_error.o ABSOLUTE
    ..\..\..\..\..\..\components\libraries\util\app_error_handler_keil.c 0x00000000   Number         0  app_error_handler_keil.o ABSOLUTE
    ..\..\..\..\..\..\components\libraries\util\app_error_weak.c 0x00000000   Number         0  app_error_weak.o ABSOLUTE
    ..\..\..\..\..\..\components\libraries\util\app_util_platform.c 0x00000000   Number         0  app_util_platform.o ABSOLUTE
    ..\..\..\..\..\..\components\libraries\util\nrf_assert.c 0x00000000   Number         0  nrf_assert.o ABSOLUTE
    ..\..\..\..\..\..\external\fprintf\nrf_fprintf.c 0x00000000   Number         0  nrf_fprintf.o ABSOLUTE
    ..\..\..\..\..\..\external\fprintf\nrf_fprintf_format.c 0x00000000   Number         0  nrf_fprintf_format.o ABSOLUTE
    ..\..\..\..\..\..\integration\nrfx\legacy\nrf_drv_ppi.c 0x00000000   Number         0  nrf_drv_ppi.o ABSOLUTE
    ..\..\..\..\..\..\modules\nrfx\drivers\src\nrfx_gpiote.c 0x00000000   Number         0  nrfx_gpiote.o ABSOLUTE
    ..\..\..\..\..\..\modules\nrfx\drivers\src\nrfx_ppi.c 0x00000000   Number         0  nrfx_ppi.o ABSOLUTE
    ..\..\..\..\..\..\modules\nrfx\drivers\src\nrfx_timer.c 0x00000000   Number         0  nrfx_timer.o ABSOLUTE
    ..\..\..\main.c                          0x00000000   Number         0  main.o ABSOLUTE
    ..\\..\\..\\..\\..\\..\\components\\boards\\boards.c 0x00000000   Number         0  boards.o ABSOLUTE
    ..\\..\\..\\..\\..\\..\\components\\drivers_nrf\\nrf_soc_nosd\\nrf_nvic.c 0x00000000   Number         0  nrf_nvic.o ABSOLUTE
    ..\\..\\..\\..\\..\\..\\components\\drivers_nrf\\nrf_soc_nosd\\nrf_soc.c 0x00000000   Number         0  nrf_soc.o ABSOLUTE
    ..\\..\\..\\..\\..\\..\\components\\libraries\\atomic\\nrf_atomic.c 0x00000000   Number         0  nrf_atomic.o ABSOLUTE
    ..\\..\\..\\..\\..\\..\\components\\libraries\\balloc\\nrf_balloc.c 0x00000000   Number         0  nrf_balloc.o ABSOLUTE
    ..\\..\\..\\..\\..\\..\\components\\libraries\\log\\src\\nrf_log_frontend.c 0x00000000   Number         0  nrf_log_frontend.o ABSOLUTE
    ..\\..\\..\\..\\..\\..\\components\\libraries\\log\\src\\nrf_log_str_formatter.c 0x00000000   Number         0  nrf_log_str_formatter.o ABSOLUTE
    ..\\..\\..\\..\\..\\..\\components\\libraries\\memobj\\nrf_memobj.c 0x00000000   Number         0  nrf_memobj.o ABSOLUTE
    ..\\..\\..\\..\\..\\..\\components\\libraries\\pwm\\app_pwm.c 0x00000000   Number         0  app_pwm.o ABSOLUTE
    ..\\..\\..\\..\\..\\..\\components\\libraries\\ringbuf\\nrf_ringbuf.c 0x00000000   Number         0  nrf_ringbuf.o ABSOLUTE
    ..\\..\\..\\..\\..\\..\\components\\libraries\\strerror\\nrf_strerror.c 0x00000000   Number         0  nrf_strerror.o ABSOLUTE
    ..\\..\\..\\..\\..\\..\\components\\libraries\\util\\app_error.c 0x00000000   Number         0  app_error.o ABSOLUTE
    ..\\..\\..\\..\\..\\..\\components\\libraries\\util\\app_error_handler_keil.c 0x00000000   Number         0  app_error_handler_keil.o ABSOLUTE
    ..\\..\\..\\..\\..\\..\\components\\libraries\\util\\app_error_weak.c 0x00000000   Number         0  app_error_weak.o ABSOLUTE
    ..\\..\\..\\..\\..\\..\\components\\libraries\\util\\app_util_platform.c 0x00000000   Number         0  app_util_platform.o ABSOLUTE
    ..\\..\\..\\..\\..\\..\\components\\libraries\\util\\nrf_assert.c 0x00000000   Number         0  nrf_assert.o ABSOLUTE
    ..\\..\\..\\..\\..\\..\\external\\fprintf\\nrf_fprintf.c 0x00000000   Number         0  nrf_fprintf.o ABSOLUTE
    ..\\..\\..\\..\\..\\..\\external\\fprintf\\nrf_fprintf_format.c 0x00000000   Number         0  nrf_fprintf_format.o ABSOLUTE
    ..\\..\\..\\..\\..\\..\\integration\\nrfx\\legacy\\nrf_drv_ppi.c 0x00000000   Number         0  nrf_drv_ppi.o ABSOLUTE
    ..\\..\\..\\..\\..\\..\\modules\\nrfx\\drivers\\src\\nrfx_gpiote.c 0x00000000   Number         0  nrfx_gpiote.o ABSOLUTE
    ..\\..\\..\\..\\..\\..\\modules\\nrfx\\drivers\\src\\nrfx_ppi.c 0x00000000   Number         0  nrfx_ppi.o ABSOLUTE
    ..\\..\\..\\..\\..\\..\\modules\\nrfx\\drivers\\src\\nrfx_timer.c 0x00000000   Number         0  nrfx_timer.o ABSOLUTE
    ..\\..\\..\\main.c                       0x00000000   Number         0  main.o ABSOLUTE
    RTE\Device\nRF52832_xxAA\arm_startup_nrf52.s 0x00000000   Number         0  arm_startup_nrf52.o ABSOLUTE
    RTE\Device\nRF52832_xxAA\system_nrf52.c  0x00000000   Number         0  system_nrf52.o ABSOLUTE
    RTE\\Device\\nRF52832_xxAA\\system_nrf52.c 0x00000000   Number         0  system_nrf52.o ABSOLUTE
    dc.s                                     0x00000000   Number         0  dc.o ABSOLUTE
    handlers.s                               0x00000000   Number         0  handlers.o ABSOLUTE
    init.s                                   0x00000000   Number         0  init.o ABSOLUTE
    .ARM.Collect$$$$00000000                 0x00000200   Section        0  entry.o(.ARM.Collect$$$$00000000)
    .ARM.Collect$$$$00000001                 0x00000200   Section        4  entry2.o(.ARM.Collect$$$$00000001)
    .ARM.Collect$$$$00000004                 0x00000204   Section        4  entry5.o(.ARM.Collect$$$$00000004)
    .ARM.Collect$$$$00000008                 0x00000208   Section        0  entry7b.o(.ARM.Collect$$$$00000008)
    .ARM.Collect$$$$0000000A                 0x00000208   Section        0  entry8b.o(.ARM.Collect$$$$0000000A)
    .ARM.Collect$$$$0000000B                 0x00000208   Section        8  entry9a.o(.ARM.Collect$$$$0000000B)
    .ARM.Collect$$$$0000000D                 0x00000210   Section        0  entry10a.o(.ARM.Collect$$$$0000000D)
    .ARM.Collect$$$$0000000F                 0x00000210   Section        0  entry11a.o(.ARM.Collect$$$$0000000F)
    .ARM.Collect$$$$00002712                 0x00000210   Section        4  entry2.o(.ARM.Collect$$$$00002712)
    __lit__00000000                          0x00000210   Data           4  entry2.o(.ARM.Collect$$$$00002712)
    .text                                    0x00000214   Section       36  arm_startup_nrf52.o(.text)
    $v0                                      0x00000214   Number         0  arm_startup_nrf52.o(.text)
    .text                                    0x00000238   Section        0  memcpya.o(.text)
    .text                                    0x0000025c   Section       36  init.o(.text)
    i.GPIOTE_IRQHandler                      0x00000280   Section        0  nrfx_gpiote.o(i.GPIOTE_IRQHandler)
    i.NVIC_SystemReset                       0x000003d4   Section        0  system_nrf52.o(i.NVIC_SystemReset)
    NVIC_SystemReset                         0x000003d5   Thumb Code    26  system_nrf52.o(i.NVIC_SystemReset)
    i.SystemInit                             0x000003f8   Section        0  system_nrf52.o(i.SystemInit)
    i.TIMER0_IRQHandler                      0x00000728   Section        0  nrfx_timer.o(i.TIMER0_IRQHandler)
    i.TIMER1_IRQHandler                      0x0000073c   Section        0  nrfx_timer.o(i.TIMER1_IRQHandler)
    i.__scatterload_copy                     0x00000750   Section       14  handlers.o(i.__scatterload_copy)
    i.__scatterload_null                     0x0000075e   Section        2  handlers.o(i.__scatterload_null)
    i.__scatterload_zeroinit                 0x00000760   Section       14  handlers.o(i.__scatterload_zeroinit)
    i.app_error_fault_handler                0x00000770   Section        0  app_error_weak.o(i.app_error_fault_handler)
    i.app_error_handler_bare                 0x000007a0   Section        0  app_error.o(i.app_error_handler_bare)
    i.app_pwm_busy_check                     0x000007b8   Section        0  app_pwm.o(i.app_pwm_busy_check)
    i.app_pwm_channel_duty_set               0x000007f4   Section        0  app_pwm.o(i.app_pwm_channel_duty_set)
    i.app_pwm_channel_duty_ticks_set         0x00000808   Section        0  app_pwm.o(i.app_pwm_channel_duty_ticks_set)
    i.app_pwm_channel_init                   0x00000880   Section        0  app_pwm.o(i.app_pwm_channel_init)
    app_pwm_channel_init                     0x00000881   Thumb Code   238  app_pwm.o(i.app_pwm_channel_init)
    i.app_pwm_enable                         0x00000978   Section        0  app_pwm.o(i.app_pwm_enable)
    i.app_pwm_init                           0x000009f0   Section        0  app_pwm.o(i.app_pwm_init)
    i.app_util_critical_region_enter         0x00000b7c   Section        0  app_util_platform.o(i.app_util_critical_region_enter)
    i.app_util_critical_region_exit          0x00000b80   Section        0  app_util_platform.o(i.app_util_critical_region_exit)
    i.app_util_disable_irq                   0x00000b84   Section        0  app_util_platform.o(i.app_util_disable_irq)
    i.app_util_enable_irq                    0x00000b94   Section        0  app_util_platform.o(i.app_util_enable_irq)
    i.channel_free                           0x00000ba8   Section        0  nrfx_gpiote.o(i.channel_free)
    channel_free                             0x00000ba9   Thumb Code    22  nrfx_gpiote.o(i.channel_free)
    i.channel_port_alloc                     0x00000bc4   Section        0  nrfx_gpiote.o(i.channel_port_alloc)
    channel_port_alloc                       0x00000bc5   Thumb Code    66  nrfx_gpiote.o(i.channel_port_alloc)
    i.channel_port_get                       0x00000c0c   Section        0  nrfx_gpiote.o(i.channel_port_get)
    channel_port_get                         0x00000c0d   Thumb Code    10  nrfx_gpiote.o(i.channel_port_get)
    i.irq_handler                            0x00000c1c   Section        0  nrfx_timer.o(i.irq_handler)
    irq_handler                              0x00000c1d   Thumb Code    70  nrfx_timer.o(i.irq_handler)
    i.is_allocated_channel                   0x00000c64   Section        0  nrfx_ppi.o(i.is_allocated_channel)
    is_allocated_channel                     0x00000c65   Thumb Code    20  nrfx_ppi.o(i.is_allocated_channel)
    i.is_programmable_app_channel            0x00000c7c   Section        0  nrfx_ppi.o(i.is_programmable_app_channel)
    is_programmable_app_channel              0x00000c7d   Thumb Code    12  nrfx_ppi.o(i.is_programmable_app_channel)
    i.main                                   0x00000c88   Section        0  main.o(i.main)
    i.nrf_bitmask_bit_is_set                 0x00000d2c   Section        0  nrfx_gpiote.o(i.nrf_bitmask_bit_is_set)
    nrf_bitmask_bit_is_set                   0x00000d2d   Thumb Code    16  nrfx_gpiote.o(i.nrf_bitmask_bit_is_set)
    i.nrf_bitmask_bit_set                    0x00000d3c   Section        0  nrfx_gpiote.o(i.nrf_bitmask_bit_set)
    nrf_bitmask_bit_set                      0x00000d3d   Thumb Code    20  nrfx_gpiote.o(i.nrf_bitmask_bit_set)
    i.nrf_drv_ppi_init                       0x00000d50   Section        0  nrf_drv_ppi.o(i.nrf_drv_ppi_init)
    i.nrf_gpio_cfg                           0x00000d68   Section        0  nrfx_gpiote.o(i.nrf_gpio_cfg)
    nrf_gpio_cfg                             0x00000d69   Thumb Code    36  nrfx_gpiote.o(i.nrf_gpio_cfg)
    i.nrf_gpio_cfg_default                   0x00000d8c   Section        0  nrfx_gpiote.o(i.nrf_gpio_cfg_default)
    nrf_gpio_cfg_default                     0x00000d8d   Thumb Code    18  nrfx_gpiote.o(i.nrf_gpio_cfg_default)
    i.nrf_gpio_cfg_sense_set                 0x00000d9e   Section        0  nrfx_gpiote.o(i.nrf_gpio_cfg_sense_set)
    nrf_gpio_cfg_sense_set                   0x00000d9f   Thumb Code    34  nrfx_gpiote.o(i.nrf_gpio_cfg_sense_set)
    i.nrf_gpio_ports_read                    0x00000dc0   Section        0  nrfx_gpiote.o(i.nrf_gpio_ports_read)
    nrf_gpio_ports_read                      0x00000dc1   Thumb Code    34  nrfx_gpiote.o(i.nrf_gpio_ports_read)
    i.nrf_gpiote_event_clear                 0x00000de8   Section        0  nrfx_gpiote.o(i.nrf_gpiote_event_clear)
    nrf_gpiote_event_clear                   0x00000de9   Thumb Code    16  nrfx_gpiote.o(i.nrf_gpiote_event_clear)
    i.nrf_gpiote_event_is_set                0x00000dfc   Section        0  nrfx_gpiote.o(i.nrf_gpiote_event_is_set)
    nrf_gpiote_event_is_set                  0x00000dfd   Thumb Code    12  nrfx_gpiote.o(i.nrf_gpiote_event_is_set)
    i.nrf_timer_event_clear                  0x00000e0c   Section        0  nrfx_timer.o(i.nrf_timer_event_clear)
    nrf_timer_event_clear                    0x00000e0d   Thumb Code    12  nrfx_timer.o(i.nrf_timer_event_clear)
    i.nrfx_gpiote_clr_task_addr_get          0x00000e18   Section        0  nrfx_gpiote.o(i.nrfx_gpiote_clr_task_addr_get)
    i.nrfx_gpiote_init                       0x00000e30   Section        0  nrfx_gpiote.o(i.nrfx_gpiote_init)
    i.nrfx_gpiote_is_init                    0x00000ea0   Section        0  nrfx_gpiote.o(i.nrfx_gpiote_is_init)
    i.nrfx_gpiote_out_init                   0x00000eb4   Section        0  nrfx_gpiote.o(i.nrfx_gpiote_out_init)
    i.nrfx_gpiote_out_task_enable            0x00000f74   Section        0  nrfx_gpiote.o(i.nrfx_gpiote_out_task_enable)
    i.nrfx_gpiote_out_task_force             0x00000f98   Section        0  nrfx_gpiote.o(i.nrfx_gpiote_out_task_force)
    i.nrfx_gpiote_out_uninit                 0x00000fc0   Section        0  nrfx_gpiote.o(i.nrfx_gpiote_out_uninit)
    i.nrfx_gpiote_set_task_addr_get          0x00001018   Section        0  nrfx_gpiote.o(i.nrfx_gpiote_set_task_addr_get)
    i.nrfx_ppi_channel_alloc                 0x00001030   Section        0  nrfx_ppi.o(i.nrfx_ppi_channel_alloc)
    i.nrfx_ppi_channel_assign                0x00001090   Section        0  nrfx_ppi.o(i.nrfx_ppi_channel_assign)
    i.nrfx_ppi_channel_disable               0x000010d4   Section        0  nrfx_ppi.o(i.nrfx_ppi_channel_disable)
    i.nrfx_ppi_channel_enable                0x000010fc   Section        0  nrfx_ppi.o(i.nrfx_ppi_channel_enable)
    i.nrfx_ppi_channel_free                  0x00001124   Section        0  nrfx_ppi.o(i.nrfx_ppi_channel_free)
    i.nrfx_timer_clear                       0x0000115c   Section        0  nrfx_timer.o(i.nrfx_timer_clear)
    i.nrfx_timer_compare                     0x00001164   Section        0  nrfx_timer.o(i.nrfx_timer_compare)
    i.nrfx_timer_compare_event_address_get   0x0000119e   Section        0  app_pwm.o(i.nrfx_timer_compare_event_address_get)
    nrfx_timer_compare_event_address_get     0x0000119f   Thumb Code    16  app_pwm.o(i.nrfx_timer_compare_event_address_get)
    i.nrfx_timer_compare_int_disable         0x000011ae   Section        0  nrfx_timer.o(i.nrfx_timer_compare_int_disable)
    i.nrfx_timer_compare_int_enable          0x000011bc   Section        0  nrfx_timer.o(i.nrfx_timer_compare_int_enable)
    i.nrfx_timer_disable                     0x000011e0   Section        0  nrfx_timer.o(i.nrfx_timer_disable)
    i.nrfx_timer_enable                      0x000011fc   Section        0  nrfx_timer.o(i.nrfx_timer_enable)
    i.nrfx_timer_extended_compare            0x00001218   Section        0  nrfx_timer.o(i.nrfx_timer_extended_compare)
    i.nrfx_timer_init                        0x00001244   Section        0  nrfx_timer.o(i.nrfx_timer_init)
    i.nrfx_timer_uninit                      0x00001304   Section        0  nrfx_timer.o(i.nrfx_timer_uninit)
    i.pin_configured_check                   0x00001354   Section        0  nrfx_gpiote.o(i.pin_configured_check)
    pin_configured_check                     0x00001355   Thumb Code    16  nrfx_gpiote.o(i.pin_configured_check)
    i.pin_configured_clear                   0x00001368   Section        0  nrfx_gpiote.o(i.pin_configured_clear)
    pin_configured_clear                     0x00001369   Thumb Code    22  nrfx_gpiote.o(i.pin_configured_clear)
    i.pin_in_use_by_te                       0x00001384   Section        0  nrfx_gpiote.o(i.pin_in_use_by_te)
    pin_in_use_by_te                         0x00001385   Thumb Code    20  nrfx_gpiote.o(i.pin_in_use_by_te)
    i.pwm_dealloc                            0x0000139c   Section        0  app_pwm.o(i.pwm_dealloc)
    pwm_dealloc                              0x0000139d   Thumb Code   104  app_pwm.o(i.pwm_dealloc)
    i.pwm_ready_callback                     0x00001404   Section        0  main.o(i.pwm_ready_callback)
    i.pwm_ready_tick                         0x00001410   Section        0  app_pwm.o(i.pwm_ready_tick)
    i.pwm_transition                         0x00001468   Section        0  app_pwm.o(i.pwm_transition)
    pwm_transition                           0x00001469   Thumb Code   206  app_pwm.o(i.pwm_transition)
    .constdata                               0x00001540   Section        8  main.o(.constdata)
    .constdata                               0x00001550   Section       36  main.o(.constdata)
    delay_bytecode                           0x00001550   Data           6  main.o(.constdata)
    .constdata                               0x00001574   Section        4  nrfx_gpiote.o(.constdata)
    .constdata                               0x00001578   Section       12  app_pwm.o(.constdata)
    .data                                    0x20000000   Section        1  main.o(.data)
    ready_flag                               0x20000000   Data           1  main.o(.data)
    .data                                    0x20000001   Section        1  nrf_drv_ppi.o(.data)
    m_drv_state                              0x20000001   Data           1  nrf_drv_ppi.o(.data)
    .data                                    0x20000004   Section        8  nrfx_ppi.o(.data)
    m_groups_allocated                       0x20000004   Data           1  nrfx_ppi.o(.data)
    m_channels_allocated                     0x20000008   Data           4  nrfx_ppi.o(.data)
    .data                                    0x2000000c   Section        6  app_pwm.o(.data)
    m_use_ppi_delay_workaround               0x2000000c   Data           1  app_pwm.o(.data)
    m_pwm_busy                               0x2000000d   Data           5  app_pwm.o(.data)
    .data                                    0x20000014   Section        4  app_util_platform.o(.data)
    m_in_critical_region                     0x20000014   Data           4  app_util_platform.o(.data)
    .data                                    0x20000018   Section        4  system_nrf52.o(.data)
    __tagsym$$used                           0x20000018   Number         0  system_nrf52.o(.data)
    .bss                                     0x2000001c   Section       36  main.o(.bss)
    .bss                                     0x20000040   Section       76  nrfx_gpiote.o(.bss)
    m_cb                                     0x20000040   Data          76  nrfx_gpiote.o(.bss)
    .bss                                     0x2000008c   Section       24  nrfx_timer.o(.bss)
    m_cb                                     0x2000008c   Data          24  nrfx_timer.o(.bss)
    .bss                                     0x200000a4   Section       52  app_pwm.o(.bss)
    m_pwm_target_value                       0x200000a4   Data          20  app_pwm.o(.bss)
    m_instances                              0x200000c4   Data          20  app_pwm.o(.bss)
    STACK                                    0x200000d8   Section     8192  arm_startup_nrf52.o(STACK)

    Global Symbols

    Symbol Name                              Value     Ov Type        Size  Object(Section)

    BuildAttributes$$THM_ISAv4$E$P$D$K$B$S$7EM$VFPi3$EXTD16$VFPS$VFMA$PE$A:L22UL41UL21$X:L11$S22US41US21$IEEE1$IW$USESV6$~STKCKD$USESV7$~SHL$OSPACE$EBA8$MICROLIB$REQ8$EABIv2 0x00000000   Number         0  anon$$obj.o ABSOLUTE
    __ARM_use_no_argv                        0x00000000   Number         0  main.o ABSOLUTE
    __Vectors                                0x00000000   Data           4  arm_startup_nrf52.o(RESET)
    __cpp_initialize__aeabi_                  - Undefined Weak Reference
    __cxa_finalize                            - Undefined Weak Reference
    __decompress                              - Undefined Weak Reference
    _clock_init                               - Undefined Weak Reference
    _microlib_exit                            - Undefined Weak Reference
    __Vectors_End                            0x00000200   Data           0  arm_startup_nrf52.o(RESET)
    __Vectors_Size                           0x00000200   Number         0  arm_startup_nrf52.o ABSOLUTE
    __main                                   0x00000201   Thumb Code     0  entry.o(.ARM.Collect$$$$00000000)
    _main_stk                                0x00000201   Thumb Code     0  entry2.o(.ARM.Collect$$$$00000001)
    _main_scatterload                        0x00000205   Thumb Code     0  entry5.o(.ARM.Collect$$$$00000004)
    __main_after_scatterload                 0x00000209   Thumb Code     0  entry5.o(.ARM.Collect$$$$00000004)
    _main_clock                              0x00000209   Thumb Code     0  entry7b.o(.ARM.Collect$$$$00000008)
    _main_cpp_init                           0x00000209   Thumb Code     0  entry8b.o(.ARM.Collect$$$$0000000A)
    _main_init                               0x00000209   Thumb Code     0  entry9a.o(.ARM.Collect$$$$0000000B)
    __rt_final_cpp                           0x00000211   Thumb Code     0  entry10a.o(.ARM.Collect$$$$0000000D)
    __rt_final_exit                          0x00000211   Thumb Code     0  entry11a.o(.ARM.Collect$$$$0000000F)
    Reset_Handler                            0x00000215   Thumb Code     8  arm_startup_nrf52.o(.text)
    NMI_Handler                              0x0000021d   Thumb Code     2  arm_startup_nrf52.o(.text)
    HardFault_Handler                        0x0000021f   Thumb Code     2  arm_startup_nrf52.o(.text)
    MemoryManagement_Handler                 0x00000221   Thumb Code     2  arm_startup_nrf52.o(.text)
    BusFault_Handler                         0x00000223   Thumb Code     2  arm_startup_nrf52.o(.text)
    UsageFault_Handler                       0x00000225   Thumb Code     2  arm_startup_nrf52.o(.text)
    SVC_Handler                              0x00000227   Thumb Code     2  arm_startup_nrf52.o(.text)
    DebugMon_Handler                         0x00000229   Thumb Code     2  arm_startup_nrf52.o(.text)
    PendSV_Handler                           0x0000022b   Thumb Code     2  arm_startup_nrf52.o(.text)
    SysTick_Handler                          0x0000022d   Thumb Code     2  arm_startup_nrf52.o(.text)
    CCM_AAR_IRQHandler                       0x0000022f   Thumb Code     0  arm_startup_nrf52.o(.text)
    COMP_LPCOMP_IRQHandler                   0x0000022f   Thumb Code     0  arm_startup_nrf52.o(.text)
    ECB_IRQHandler                           0x0000022f   Thumb Code     0  arm_startup_nrf52.o(.text)
    FPU_IRQHandler                           0x0000022f   Thumb Code     0  arm_startup_nrf52.o(.text)
    I2S_IRQHandler                           0x0000022f   Thumb Code     0  arm_startup_nrf52.o(.text)
    MWU_IRQHandler                           0x0000022f   Thumb Code     0  arm_startup_nrf52.o(.text)
    NFCT_IRQHandler                          0x0000022f   Thumb Code     0  arm_startup_nrf52.o(.text)
    PDM_IRQHandler                           0x0000022f   Thumb Code     0  arm_startup_nrf52.o(.text)
    POWER_CLOCK_IRQHandler                   0x0000022f   Thumb Code     0  arm_startup_nrf52.o(.text)
    PWM0_IRQHandler                          0x0000022f   Thumb Code     0  arm_startup_nrf52.o(.text)
    PWM1_IRQHandler                          0x0000022f   Thumb Code     0  arm_startup_nrf52.o(.text)
    PWM2_IRQHandler                          0x0000022f   Thumb Code     0  arm_startup_nrf52.o(.text)
    QDEC_IRQHandler                          0x0000022f   Thumb Code     0  arm_startup_nrf52.o(.text)
    RADIO_IRQHandler                         0x0000022f   Thumb Code     0  arm_startup_nrf52.o(.text)
    RNG_IRQHandler                           0x0000022f   Thumb Code     0  arm_startup_nrf52.o(.text)
    RTC0_IRQHandler                          0x0000022f   Thumb Code     0  arm_startup_nrf52.o(.text)
    RTC1_IRQHandler                          0x0000022f   Thumb Code     0  arm_startup_nrf52.o(.text)
    RTC2_IRQHandler                          0x0000022f   Thumb Code     0  arm_startup_nrf52.o(.text)
    SAADC_IRQHandler                         0x0000022f   Thumb Code     0  arm_startup_nrf52.o(.text)
    SPIM0_SPIS0_TWIM0_TWIS0_SPI0_TWI0_IRQHandler 0x0000022f   Thumb Code     0  arm_startup_nrf52.o(.text)
    SPIM1_SPIS1_TWIM1_TWIS1_SPI1_TWI1_IRQHandler 0x0000022f   Thumb Code     0  arm_startup_nrf52.o(.text)
    SPIM2_SPIS2_SPI2_IRQHandler              0x0000022f   Thumb Code     0  arm_startup_nrf52.o(.text)
    SWI0_EGU0_IRQHandler                     0x0000022f   Thumb Code     0  arm_startup_nrf52.o(.text)
    SWI1_EGU1_IRQHandler                     0x0000022f   Thumb Code     0  arm_startup_nrf52.o(.text)
    SWI2_EGU2_IRQHandler                     0x0000022f   Thumb Code     0  arm_startup_nrf52.o(.text)
    SWI3_EGU3_IRQHandler                     0x0000022f   Thumb Code     0  arm_startup_nrf52.o(.text)
    SWI4_EGU4_IRQHandler                     0x0000022f   Thumb Code     0  arm_startup_nrf52.o(.text)
    SWI5_EGU5_IRQHandler                     0x0000022f   Thumb Code     0  arm_startup_nrf52.o(.text)
    TEMP_IRQHandler                          0x0000022f   Thumb Code     0  arm_startup_nrf52.o(.text)
    TIMER2_IRQHandler                        0x0000022f   Thumb Code     0  arm_startup_nrf52.o(.text)
    TIMER3_IRQHandler                        0x0000022f   Thumb Code     0  arm_startup_nrf52.o(.text)
    TIMER4_IRQHandler                        0x0000022f   Thumb Code     0  arm_startup_nrf52.o(.text)
    UARTE0_UART0_IRQHandler                  0x0000022f   Thumb Code     0  arm_startup_nrf52.o(.text)
    WDT_IRQHandler                           0x0000022f   Thumb Code     0  arm_startup_nrf52.o(.text)
    __aeabi_memcpy                           0x00000239   Thumb Code    36  memcpya.o(.text)
    __aeabi_memcpy4                          0x00000239   Thumb Code     0  memcpya.o(.text)
    __aeabi_memcpy8                          0x00000239   Thumb Code     0  memcpya.o(.text)
    __scatterload                            0x0000025d   Thumb Code    28  init.o(.text)
    __scatterload_rt2                        0x0000025d   Thumb Code     0  init.o(.text)
    GPIOTE_IRQHandler                        0x00000281   Thumb Code   332  nrfx_gpiote.o(i.GPIOTE_IRQHandler)
    SystemInit                               0x000003f9   Thumb Code   750  system_nrf52.o(i.SystemInit)
    TIMER0_IRQHandler                        0x00000729   Thumb Code    10  nrfx_timer.o(i.TIMER0_IRQHandler)
    TIMER1_IRQHandler                        0x0000073d   Thumb Code    10  nrfx_timer.o(i.TIMER1_IRQHandler)
    __scatterload_copy                       0x00000751   Thumb Code    14  handlers.o(i.__scatterload_copy)
    __scatterload_null                       0x0000075f   Thumb Code     2  handlers.o(i.__scatterload_null)
    __scatterload_zeroinit                   0x00000761   Thumb Code    14  handlers.o(i.__scatterload_zeroinit)
    app_error_fault_handler                  0x00000771   Thumb Code    40  app_error_weak.o(i.app_error_fault_handler)
    app_error_handler_bare                   0x000007a1   Thumb Code    22  app_error.o(i.app_error_handler_bare)
    app_pwm_busy_check                       0x000007b9   Thumb Code    50  app_pwm.o(i.app_pwm_busy_check)
    app_pwm_channel_duty_set                 0x000007f5   Thumb Code    20  app_pwm.o(i.app_pwm_channel_duty_set)
    app_pwm_channel_duty_ticks_set           0x00000809   Thumb Code   112  app_pwm.o(i.app_pwm_channel_duty_ticks_set)
    app_pwm_enable                           0x00000979   Thumb Code   112  app_pwm.o(i.app_pwm_enable)
    app_pwm_init                             0x000009f1   Thumb Code   374  app_pwm.o(i.app_pwm_init)
    app_util_critical_region_enter           0x00000b7d   Thumb Code     4  app_util_platform.o(i.app_util_critical_region_enter)
    app_util_critical_region_exit            0x00000b81   Thumb Code     4  app_util_platform.o(i.app_util_critical_region_exit)
    app_util_disable_irq                     0x00000b85   Thumb Code    12  app_util_platform.o(i.app_util_disable_irq)
    app_util_enable_irq                      0x00000b95   Thumb Code    14  app_util_platform.o(i.app_util_enable_irq)
    main                                     0x00000c89   Thumb Code   150  main.o(i.main)
    nrf_drv_ppi_init                         0x00000d51   Thumb Code    18  nrf_drv_ppi.o(i.nrf_drv_ppi_init)
    nrfx_gpiote_clr_task_addr_get            0x00000e19   Thumb Code    20  nrfx_gpiote.o(i.nrfx_gpiote_clr_task_addr_get)
    nrfx_gpiote_init                         0x00000e31   Thumb Code    98  nrfx_gpiote.o(i.nrfx_gpiote_init)
    nrfx_gpiote_is_init                      0x00000ea1   Thumb Code    14  nrfx_gpiote.o(i.nrfx_gpiote_is_init)
    nrfx_gpiote_out_init                     0x00000eb5   Thumb Code   180  nrfx_gpiote.o(i.nrfx_gpiote_out_init)
    nrfx_gpiote_out_task_enable              0x00000f75   Thumb Code    28  nrfx_gpiote.o(i.nrfx_gpiote_out_task_enable)
    nrfx_gpiote_out_task_force               0x00000f99   Thumb Code    32  nrfx_gpiote.o(i.nrfx_gpiote_out_task_force)
    nrfx_gpiote_out_uninit                   0x00000fc1   Thumb Code    78  nrfx_gpiote.o(i.nrfx_gpiote_out_uninit)
    nrfx_gpiote_set_task_addr_get            0x00001019   Thumb Code    20  nrfx_gpiote.o(i.nrfx_gpiote_set_task_addr_get)
    nrfx_ppi_channel_alloc                   0x00001031   Thumb Code    88  nrfx_ppi.o(i.nrfx_ppi_channel_alloc)
    nrfx_ppi_channel_assign                  0x00001091   Thumb Code    62  nrfx_ppi.o(i.nrfx_ppi_channel_assign)
    nrfx_ppi_channel_disable                 0x000010d5   Thumb Code    36  nrfx_ppi.o(i.nrfx_ppi_channel_disable)
    nrfx_ppi_channel_enable                  0x000010fd   Thumb Code    36  nrfx_ppi.o(i.nrfx_ppi_channel_enable)
    nrfx_ppi_channel_free                    0x00001125   Thumb Code    48  nrfx_ppi.o(i.nrfx_ppi_channel_free)
    nrfx_timer_clear                         0x0000115d   Thumb Code     8  nrfx_timer.o(i.nrfx_timer_clear)
    nrfx_timer_compare                       0x00001165   Thumb Code    58  nrfx_timer.o(i.nrfx_timer_compare)
    nrfx_timer_compare_int_disable           0x000011af   Thumb Code    14  nrfx_timer.o(i.nrfx_timer_compare_int_disable)
    nrfx_timer_compare_int_enable            0x000011bd   Thumb Code    36  nrfx_timer.o(i.nrfx_timer_compare_int_enable)
    nrfx_timer_disable                       0x000011e1   Thumb Code    22  nrfx_timer.o(i.nrfx_timer_disable)
    nrfx_timer_enable                        0x000011fd   Thumb Code    24  nrfx_timer.o(i.nrfx_timer_enable)
    nrfx_timer_extended_compare              0x00001219   Thumb Code    42  nrfx_timer.o(i.nrfx_timer_extended_compare)
    nrfx_timer_init                          0x00001245   Thumb Code   188  nrfx_timer.o(i.nrfx_timer_init)
    nrfx_timer_uninit                        0x00001305   Thumb Code    74  nrfx_timer.o(i.nrfx_timer_uninit)
    pwm_ready_callback                       0x00001405   Thumb Code     8  main.o(i.pwm_ready_callback)
    pwm_ready_tick                           0x00001411   Thumb Code    82  app_pwm.o(i.pwm_ready_tick)
    m_pwm_PWM1_timer                         0x00001540   Data           8  main.o(.constdata)
    PWM1                                     0x00001558   Data           8  main.o(.constdata)
    Region$$Table$$Base                      0x00001584   Number         0  anon$$obj.o(Region$$Table)
    Region$$Table$$Limit                     0x000015a4   Number         0  anon$$obj.o(Region$$Table)
    SystemCoreClock                          0x20000018   Data           4  system_nrf52.o(.data)
    m_pwm_PWM1_cb                            0x2000001c   Data          36  main.o(.bss)
    m_pwm_ready_counter                      0x200000b8   Data          10  app_pwm.o(.bss)
    __initial_sp                             0x200020d8   Data           0  arm_startup_nrf52.o(STACK)



==============================================================================

Memory Map of the image

  Image Entry point : 0x00000201

  Load Region LR_IROM1 (Base: 0x00000000, Size: 0x000015c0, Max: 0x00080000, ABSOLUTE)

    Execution Region ER_IROM1 (Exec base: 0x00000000, Load base: 0x00000000, Size: 0x000015a4, Max: 0x00080000, ABSOLUTE)

    Exec Addr    Load Addr    Size         Type   Attr      Idx    E Section Name        Object

    0x00000000   0x00000000   0x00000200   Data   RO         1870    RESET               arm_startup_nrf52.o
    0x00000200   0x00000200   0x00000000   Code   RO         1916  * .ARM.Collect$$$$00000000  mc_w.l(entry.o)
    0x00000200   0x00000200   0x00000004   Code   RO         1925    .ARM.Collect$$$$00000001  mc_w.l(entry2.o)
    0x00000204   0x00000204   0x00000004   Code   RO         1928    .ARM.Collect$$$$00000004  mc_w.l(entry5.o)
    0x00000208   0x00000208   0x00000000   Code   RO         1930    .ARM.Collect$$$$00000008  mc_w.l(entry7b.o)
    0x00000208   0x00000208   0x00000000   Code   RO         1932    .ARM.Collect$$$$0000000A  mc_w.l(entry8b.o)
    0x00000208   0x00000208   0x00000008   Code   RO         1933    .ARM.Collect$$$$0000000B  mc_w.l(entry9a.o)
    0x00000210   0x00000210   0x00000000   Code   RO         1935    .ARM.Collect$$$$0000000D  mc_w.l(entry10a.o)
    0x00000210   0x00000210   0x00000000   Code   RO         1937    .ARM.Collect$$$$0000000F  mc_w.l(entry11a.o)
    0x00000210   0x00000210   0x00000004   Code   RO         1926    .ARM.Collect$$$$00002712  mc_w.l(entry2.o)
    0x00000214   0x00000214   0x00000024   Code   RO         1871    .text               arm_startup_nrf52.o
    0x00000238   0x00000238   0x00000024   Code   RO         1919    .text               mc_w.l(memcpya.o)
    0x0000025c   0x0000025c   0x00000024   Code   RO         1939    .text               mc_w.l(init.o)
    0x00000280   0x00000280   0x00000154   Code   RO          475    i.GPIOTE_IRQHandler  nrfx_gpiote.o
    0x000003d4   0x000003d4   0x00000024   Code   RO         1878    i.NVIC_SystemReset  system_nrf52.o
    0x000003f8   0x000003f8   0x00000330   Code   RO         1880    i.SystemInit        system_nrf52.o
    0x00000728   0x00000728   0x00000014   Code   RO          909    i.TIMER0_IRQHandler  nrfx_timer.o
    0x0000073c   0x0000073c   0x00000014   Code   RO          910    i.TIMER1_IRQHandler  nrfx_timer.o
    0x00000750   0x00000750   0x0000000e   Code   RO         1943    i.__scatterload_copy  mc_w.l(handlers.o)
    0x0000075e   0x0000075e   0x00000002   Code   RO         1944    i.__scatterload_null  mc_w.l(handlers.o)
    0x00000760   0x00000760   0x0000000e   Code   RO         1945    i.__scatterload_zeroinit  mc_w.l(handlers.o)
    0x0000076e   0x0000076e   0x00000002   PAD
    0x00000770   0x00000770   0x00000030   Code   RO         1125    i.app_error_fault_handler  app_error_weak.o
    0x000007a0   0x000007a0   0x00000016   Code   RO         1056    i.app_error_handler_bare  app_error.o
    0x000007b6   0x000007b6   0x00000002   PAD
    0x000007b8   0x000007b8   0x0000003c   Code   RO         1176    i.app_pwm_busy_check  app_pwm.o
    0x000007f4   0x000007f4   0x00000014   Code   RO         1178    i.app_pwm_channel_duty_set  app_pwm.o
    0x00000808   0x00000808   0x00000078   Code   RO         1180    i.app_pwm_channel_duty_ticks_set  app_pwm.o
    0x00000880   0x00000880   0x000000f8   Code   RO         1181    i.app_pwm_channel_init  app_pwm.o
    0x00000978   0x00000978   0x00000078   Code   RO         1184    i.app_pwm_enable    app_pwm.o
    0x000009f0   0x000009f0   0x0000018c   Code   RO         1185    i.app_pwm_init      app_pwm.o
    0x00000b7c   0x00000b7c   0x00000004   Code   RO         1314    i.app_util_critical_region_enter  app_util_platform.o
    0x00000b80   0x00000b80   0x00000004   Code   RO         1315    i.app_util_critical_region_exit  app_util_platform.o
    0x00000b84   0x00000b84   0x00000010   Code   RO         1316    i.app_util_disable_irq  app_util_platform.o
    0x00000b94   0x00000b94   0x00000014   Code   RO         1317    i.app_util_enable_irq  app_util_platform.o
    0x00000ba8   0x00000ba8   0x0000001c   Code   RO          476    i.channel_free      nrfx_gpiote.o
    0x00000bc4   0x00000bc4   0x00000048   Code   RO          477    i.channel_port_alloc  nrfx_gpiote.o
    0x00000c0c   0x00000c0c   0x00000010   Code   RO          478    i.channel_port_get  nrfx_gpiote.o
    0x00000c1c   0x00000c1c   0x00000046   Code   RO          911    i.irq_handler       nrfx_timer.o
    0x00000c62   0x00000c62   0x00000002   PAD
    0x00000c64   0x00000c64   0x00000018   Code   RO          769    i.is_allocated_channel  nrfx_ppi.o
    0x00000c7c   0x00000c7c   0x0000000c   Code   RO          772    i.is_programmable_app_channel  nrfx_ppi.o
    0x00000c88   0x00000c88   0x000000a4   Code   RO            4    i.main              main.o
    0x00000d2c   0x00000d2c   0x00000010   Code   RO          479    i.nrf_bitmask_bit_is_set  nrfx_gpiote.o
    0x00000d3c   0x00000d3c   0x00000014   Code   RO          480    i.nrf_bitmask_bit_set  nrfx_gpiote.o
    0x00000d50   0x00000d50   0x00000018   Code   RO          326    i.nrf_drv_ppi_init  nrf_drv_ppi.o
    0x00000d68   0x00000d68   0x00000024   Code   RO          481    i.nrf_gpio_cfg      nrfx_gpiote.o
    0x00000d8c   0x00000d8c   0x00000012   Code   RO          482    i.nrf_gpio_cfg_default  nrfx_gpiote.o
    0x00000d9e   0x00000d9e   0x00000022   Code   RO          483    i.nrf_gpio_cfg_sense_set  nrfx_gpiote.o
    0x00000dc0   0x00000dc0   0x00000028   Code   RO          484    i.nrf_gpio_ports_read  nrfx_gpiote.o
    0x00000de8   0x00000de8   0x00000014   Code   RO          485    i.nrf_gpiote_event_clear  nrfx_gpiote.o
    0x00000dfc   0x00000dfc   0x00000010   Code   RO          486    i.nrf_gpiote_event_is_set  nrfx_gpiote.o
    0x00000e0c   0x00000e0c   0x0000000c   Code   RO          912    i.nrf_timer_event_clear  nrfx_timer.o
    0x00000e18   0x00000e18   0x00000018   Code   RO          487    i.nrfx_gpiote_clr_task_addr_get  nrfx_gpiote.o
    0x00000e30   0x00000e30   0x00000070   Code   RO          495    i.nrfx_gpiote_init  nrfx_gpiote.o
    0x00000ea0   0x00000ea0   0x00000014   Code   RO          496    i.nrfx_gpiote_is_init  nrfx_gpiote.o
    0x00000eb4   0x00000eb4   0x000000c0   Code   RO          498    i.nrfx_gpiote_out_init  nrfx_gpiote.o
    0x00000f74   0x00000f74   0x00000024   Code   RO          502    i.nrfx_gpiote_out_task_enable  nrfx_gpiote.o
    0x00000f98   0x00000f98   0x00000028   Code   RO          503    i.nrfx_gpiote_out_task_force  nrfx_gpiote.o
    0x00000fc0   0x00000fc0   0x00000058   Code   RO          506    i.nrfx_gpiote_out_uninit  nrfx_gpiote.o
    0x00001018   0x00001018   0x00000018   Code   RO          507    i.nrfx_gpiote_set_task_addr_get  nrfx_gpiote.o
    0x00001030   0x00001030   0x00000060   Code   RO          773    i.nrfx_ppi_channel_alloc  nrfx_ppi.o
    0x00001090   0x00001090   0x00000044   Code   RO          774    i.nrfx_ppi_channel_assign  nrfx_ppi.o
    0x000010d4   0x000010d4   0x00000028   Code   RO          775    i.nrfx_ppi_channel_disable  nrfx_ppi.o
    0x000010fc   0x000010fc   0x00000028   Code   RO          776    i.nrfx_ppi_channel_enable  nrfx_ppi.o
    0x00001124   0x00001124   0x00000038   Code   RO          778    i.nrfx_ppi_channel_free  nrfx_ppi.o
    0x0000115c   0x0000115c   0x00000008   Code   RO          914    i.nrfx_timer_clear  nrfx_timer.o
    0x00001164   0x00001164   0x0000003a   Code   RO          915    i.nrfx_timer_compare  nrfx_timer.o
    0x0000119e   0x0000119e   0x00000010   Code   RO         1187    i.nrfx_timer_compare_event_address_get  app_pwm.o
    0x000011ae   0x000011ae   0x0000000e   Code   RO          916    i.nrfx_timer_compare_int_disable  nrfx_timer.o
    0x000011bc   0x000011bc   0x00000024   Code   RO          917    i.nrfx_timer_compare_int_enable  nrfx_timer.o
    0x000011e0   0x000011e0   0x0000001c   Code   RO          918    i.nrfx_timer_disable  nrfx_timer.o
    0x000011fc   0x000011fc   0x0000001c   Code   RO          919    i.nrfx_timer_enable  nrfx_timer.o
    0x00001218   0x00001218   0x0000002a   Code   RO          920    i.nrfx_timer_extended_compare  nrfx_timer.o
    0x00001242   0x00001242   0x00000002   PAD
    0x00001244   0x00001244   0x000000c0   Code   RO          922    i.nrfx_timer_init   nrfx_timer.o
    0x00001304   0x00001304   0x00000050   Code   RO          926    i.nrfx_timer_uninit  nrfx_timer.o
    0x00001354   0x00001354   0x00000014   Code   RO          510    i.pin_configured_check  nrfx_gpiote.o
    0x00001368   0x00001368   0x0000001c   Code   RO          511    i.pin_configured_clear  nrfx_gpiote.o
    0x00001384   0x00001384   0x00000018   Code   RO          513    i.pin_in_use_by_te  nrfx_gpiote.o
    0x0000139c   0x0000139c   0x00000068   Code   RO         1188    i.pwm_dealloc       app_pwm.o
    0x00001404   0x00001404   0x0000000c   Code   RO            5    i.pwm_ready_callback  main.o
    0x00001410   0x00001410   0x00000058   Code   RO         1189    i.pwm_ready_tick    app_pwm.o
    0x00001468   0x00001468   0x000000d8   Code   RO         1190    i.pwm_transition    app_pwm.o
    0x00001540   0x00001540   0x00000008   Data   RO            7    .constdata          main.o
    0x00001548   0x00001548   0x00000008   PAD
    0x00001550   0x00001550   0x00000024   Data   RO            8    .constdata          main.o
    0x00001574   0x00001574   0x00000004   Data   RO          515    .constdata          nrfx_gpiote.o
    0x00001578   0x00001578   0x0000000c   Data   RO         1192    .constdata          app_pwm.o
    0x00001584   0x00001584   0x00000020   Data   RO         1941    Region$$Table       anon$$obj.o


    Execution Region RW_IRAM1 (Exec base: 0x20000000, Load base: 0x000015a4, Size: 0x000020d8, Max: 0x00010000, ABSOLUTE)

    Exec Addr    Load Addr    Size         Type   Attr      Idx    E Section Name        Object

    0x20000000   0x000015a4   0x00000001   Data   RW            9    .data               main.o
    0x20000001   0x000015a5   0x00000001   Data   RW          328    .data               nrf_drv_ppi.o
    0x20000002   0x000015a6   0x00000002   PAD
    0x20000004   0x000015a8   0x00000008   Data   RW          798    .data               nrfx_ppi.o
    0x2000000c   0x000015b0   0x00000006   Data   RW         1193    .data               app_pwm.o
    0x20000012   0x000015b6   0x00000002   PAD
    0x20000014   0x000015b8   0x00000004   Data   RW         1320    .data               app_util_platform.o
    0x20000018   0x000015bc   0x00000004   Data   RW         1881    .data               system_nrf52.o
    0x2000001c        -       0x00000024   Zero   RW            6    .bss                main.o
    0x20000040        -       0x0000004c   Zero   RW          514    .bss                nrfx_gpiote.o
    0x2000008c        -       0x00000018   Zero   RW          927    .bss                nrfx_timer.o
    0x200000a4        -       0x00000034   Zero   RW         1191    .bss                app_pwm.o
    0x200000d8        -       0x00002000   Zero   RW         1868    STACK               arm_startup_nrf52.o


==============================================================================

Image component sizes


      Code (inc. data)   RO Data    RW Data    ZI Data      Debug   Object Name

        22          0          0          0          0       2429   app_error.o
        48          8          0          0          0      27369   app_error_weak.o
      1388         74         12          6         52      35577   app_pwm.o
        44         10          0          4          0       3272   app_util_platform.o
        36          8        512          0       8192        916   arm_startup_nrf52.o
         0          0          0          0          0      33836   boards.o
       176         18         44          1         36      55182   main.o
        24          6          0          1          0        939   nrf_drv_ppi.o
      1264        120          4          0         76      61127   nrfx_gpiote.o
       336         34          0          8          0      12160   nrfx_ppi.o
       608         40          0          0         24      50693   nrfx_timer.o
       852         76          0          4          0       3387   system_nrf52.o

    ----------------------------------------------------------------------
      4804        394        612         28       8380     286887   Object Totals
         0          0         32          0          0          0   (incl. Generated)
         6          0          8          4          0          0   (incl. Padding)

    ----------------------------------------------------------------------

      Code (inc. data)   RO Data    RW Data    ZI Data      Debug   Library Member Name

         0          0          0          0          0          0   entry.o
         0          0          0          0          0          0   entry10a.o
         0          0          0          0          0          0   entry11a.o
         8          4          0          0          0          0   entry2.o
         4          0          0          0          0          0   entry5.o
         0          0          0          0          0          0   entry7b.o
         0          0          0          0          0          0   entry8b.o
         8          4          0          0          0          0   entry9a.o
        30          0          0          0          0          0   handlers.o
        36          8          0          0          0         68   init.o
        36          0          0          0          0         68   memcpya.o

    ----------------------------------------------------------------------
       124         16          0          0          0        136   Library Totals
         2          0          0          0          0          0   (incl. Padding)

    ----------------------------------------------------------------------

      Code (inc. data)   RO Data    RW Data    ZI Data      Debug   Library Name

       122         16          0          0          0        136   mc_w.l

    ----------------------------------------------------------------------
       124         16          0          0          0        136   Library Totals

    ----------------------------------------------------------------------

==============================================================================


      Code (inc. data)   RO Data    RW Data    ZI Data      Debug   

      4928        410        612         28       8380     281527   Grand Totals
      4928        410        612         28       8380     281527   ELF Image Totals
      4928        410        612         28          0          0   ROM Totals

==============================================================================

    Total RO  Size (Code + RO Data)                 5540 (   5.41kB)
    Total RW  Size (RW Data + ZI Data)              8408 (   8.21kB)
    Total ROM Size (Code + RO Data + RW Data)       5568 (   5.44kB)

==============================================================================

