<html>
<body>
<pre>
<h1>µVision Build Log</h1>
<h2>Tool Versions:</h2>
IDE-Version: •ÏVision V5.25.2.0
Copyright (C) 2018 ARM Ltd and ARM Germany GmbH. All rights reserved.
License Information: Seungyong Lee, SWM, LIC=9N012-9GIQ7-9XSUW-Q0NGT-PG19I-IQ754
 
Tool Versions:
Toolchain:       MDK-ARM Professional  Version: 5.25.2.0
Toolchain Path:  C:\Keil_v5\ARM\ARMCC\Bin
C Compiler:      Armcc.exe V5.06 update 6 (build 750)
Assembler:       Armasm.exe V5.06 update 6 (build 750)
Linker/Locator:  ArmLink.exe V5.06 update 6 (build 750)
Library Manager: ArmAr.exe V5.06 update 6 (build 750)
Hex Converter:   FromElf.exe V5.06 update 6 (build 750)
CPU DLL:         
Dialog DLL:      
Target DLL:      Segger\JL2CM3.dll V2.99.29.0
Dialog DLL:      TCM.DLL V1.35.1.0
 
<h2>Project:</h2>
C:\nordic_semi\nRF5_SDK_15.0.0_a53641a\examples\ble_peripheral\ble_app_hrs__ppg\pca10040\s132\arm5_no_packs\ble_app_hrs_pca10040_s132.uvprojx
Project File Date:  08/23/2018

<h2>Output:</h2>
*** Using Compiler 'V5.06 update 6 (build 750)', folder: 'C:\Keil_v5\ARM\ARMCC\Bin'
Rebuild target 'nrf52832_xxaa'
compiling boards.c...
compiling bsp.c...
compiling main.c...
..\..\..\main.c(389): warning:  #177-D: function "updateFakePPG"  was declared but never referenced
  static uint16_t updateFakePPG(void)
..\..\..\main.c: 1 warning, 0 errors
compiling ble_advdata.c...
compiling bsp_btn_ble.c...
compiling ble_advertising.c...
compiling ble_conn_params.c...
compiling ble_conn_state.c...
compiling ble_srv_common.c...
compiling gatt_cache_manager.c...
compiling gatts_cache_manager.c...
compiling id_manager.c...
compiling nrf_ble_qwr.c...
compiling nrf_ble_gatt.c...
compiling peer_data_storage.c...
compiling peer_id.c...
compiling peer_database.c...
compiling peer_manager.c...
compiling pm_mutex.c...
compiling pm_buffer.c...
compiling security_dispatcher.c...
compiling ble_dis.c...
compiling security_manager.c...
compiling ble_bas.c...
..\..\..\..\..\..\components\ble\ble_services\ble_bas\ble_bas.c(307): warning:  #177-D: variable "encoded_ppg"  was declared but never referenced
  		uint8_t	encoded_ppg[MAX_PPG_LEN];
..\..\..\..\..\..\components\ble\ble_services\ble_bas\ble_bas.c: 1 warning, 0 errors
compiling ble_hrs.c...
compiling nrf_drv_uart.c...
compiling nrf_drv_clock.c...
compiling nrfx_power_clock.c...
compiling nrfx_clock.c...
compiling nrfx_gpiote.c...
compiling nrfx_prs.c...
compiling nrf_drv_twi.c...
compiling nrfx_uart.c...
compiling nrfx_twim.c...
compiling nrfx_uarte.c...
compiling nrfx_twi.c...
compiling drv_gpio.c...
..\..\..\..\..\..\components\drivers_nrf\drv_gpio\drv_gpio.c(601): warning:  #177-D: function "GPIOTE_IRQHandler"  was declared but never referenced
  static void GPIOTE_IRQHandler(void)
..\..\..\..\..\..\components\drivers_nrf\drv_gpio\drv_gpio.c: 1 warning, 0 errors
compiling app_error.c...
compiling app_button.c...
compiling app_error_handler_keil.c...
compiling app_error_weak.c...
compiling app_scheduler.c...
compiling app_util_platform.c...
compiling app_timer.c...
compiling crc16.c...
compiling hardfault_implementation.c...
compiling fds.c...
compiling nrf_assert.c...
compiling nrf_atfifo.c...
compiling nrf_atflags.c...
compiling nrf_atomic.c...
compiling nrf_fprintf.c...
compiling nrf_balloc.c...
compiling nrf_fprintf_format.c...
compiling nrf_memobj.c...
compiling nrf_fstorage.c...
compiling nrf_fstorage_sd.c...
compiling nrf_strerror.c...
compiling nrf_section_iter.c...
compiling sensorsim.c...
compiling nrf_pwr_mgmt.c...
compiling nrf_log_backend_rtt.c...
compiling heartRate.c...
compiling spo2_algorithm.c...
..\..\..\..\..\..\components\libraries\spo2\spo2_algorithm.c(110): warning:  #68-D: integer conversion resulted in a change of sign
      an_x[k] = -1*(pun_ir_buffer[k] - un_ir_mean) ; 
..\..\..\..\..\..\components\libraries\spo2\spo2_algorithm.c(89): warning:  #177-D: variable "un_only_once"  was declared but never referenced
    uint32_t un_ir_mean,un_only_once ;
..\..\..\..\..\..\components\libraries\spo2\spo2_algorithm.c(91): warning:  #177-D: variable "s"  was declared but never referenced
    int32_t i, s, m, n_exact_ir_valley_locs_count, n_middle_idx;
..\..\..\..\..\..\components\libraries\spo2\spo2_algorithm.c(91): warning:  #177-D: variable "m"  was declared but never referenced
    int32_t i, s, m, n_exact_ir_valley_locs_count, n_middle_idx;
..\..\..\..\..\..\components\libraries\spo2\spo2_algorithm.c(92): warning:  #177-D: variable "n_c_min"  was declared but never referenced
    int32_t n_th1, n_npks, n_c_min;   
..\..\..\..\..\..\components\libraries\spo2\spo2_algorithm.c: 5 warnings, 0 errors
compiling nrf_log_default_backends.c...
compiling nrf_log_backend_serial.c...
compiling nrf_log_backend_uart.c...
compiling nrf_log_str_formatter.c...
compiling SEGGER_RTT.c...
compiling nrf_log_frontend.c...
compiling SEGGER_RTT_Syscalls_KEIL.c...
compiling SEGGER_RTT_printf.c...
compiling nrf_sdh.c...
assembling arm_startup_nrf52.s...
compiling system_nrf52.c...
compiling nrf_sdh_soc.c...
compiling nrf_sdh_ble.c...
linking...
Program Size: Code=44368 RO-data=4812 RW-data=680 ZI-data=11864  
FromELF: creating hex file...
".\_build\nrf52832_xxaa.axf" - 0 Error(s), 8 Warning(s).

<h2>Software Packages used:</h2>

Package Vendor: ARM
                http://www.keil.com/pack/ARM.CMSIS.4.5.0.pack
                ARM.CMSIS.4.5.0
                CMSIS (Cortex Microcontroller Software Interface Standard)
   * Component: CORE Version: 4.3.0

Package Vendor: NordicSemiconductor
                http://developer.nordicsemi.com/nRF5_SDK/pieces/nRF_DeviceFamilyPack/NordicSemiconductor.nRF_DeviceFamilyPack.8.16.0.pack
                NordicSemiconductor.nRF_DeviceFamilyPack.8.16.0
                Nordic Semiconductor nRF ARM devices Device Family Pack.
   * Component: Startup Version: 8.16.0

<h2>Collection of Component include folders:</h2>
  .\RTE\_nrf52832_xxaa
  C:\Keil_v5\ARM\PACK\ARM\CMSIS\4.5.0\CMSIS\Include
  C:\Keil_v5\ARM\PACK\NordicSemiconductor\nRF_DeviceFamilyPack\8.16.0\Device\Include

<h2>Collection of Component Files used:</h2>

   * Component: ARM::CMSIS:CORE:4.3.0

   * Component: NordicSemiconductor::Device:Startup:8.16.0
      Source file:   Device\Source\arm\arm_startup_nrf52.s
      Source file:   Device\Source\system_nrf52.c
      Include file:  Device\Include\system_nrf52.h
Build Time Elapsed:  00:01:03
</pre>
</body>
</html>
