Component: ARM Compiler 5.06 update 6 (build 750) Tool: armlink [4d35ed]

==============================================================================

Section Cross References

    main.o(i.advertising_start) refers to nrf_log_frontend.o(i.nrf_log_frontend_std_0) for nrf_log_frontend_std_0
    main.o(i.advertising_start) refers to peer_manager.o(i.pm_peers_delete) for pm_peers_delete
    main.o(i.advertising_start) refers to ble_advertising.o(i.ble_advertising_start) for ble_advertising_start
    main.o(i.advertising_start) refers to app_error.o(i.app_error_handler_bare) for app_error_handler_bare
    main.o(i.advertising_start) refers to nrf_log_frontend.o(log_dynamic_data) for m_nrf_log_app_logs_data_dynamic
    main.o(i.advertising_start) refers to main.o(.conststring) for .conststring
    main.o(i.advertising_start) refers to main.o(.bss) for .bss
    main.o(i.application_timers_start) refers to app_timer.o(i.app_timer_start) for app_timer_start
    main.o(i.application_timers_start) refers to app_error.o(i.app_error_handler_bare) for app_error_handler_bare
    main.o(i.application_timers_start) refers to nrf_log_frontend.o(i.nrf_log_frontend_std_0) for nrf_log_frontend_std_0
    main.o(i.application_timers_start) refers to main.o(.constdata) for .constdata
    main.o(i.application_timers_start) refers to nrf_log_frontend.o(log_dynamic_data) for m_nrf_log_app_logs_data_dynamic
    main.o(i.application_timers_start) refers to main.o(.conststring) for .conststring
    main.o(i.assert_nrf_callback) refers to app_error_handler_keil.o(.emb_text) for app_error_handler
    main.o(i.battery_level_meas_timeout_handler) refers to sensorsim.o(i.sensorsim_measure) for sensorsim_measure
    main.o(i.battery_level_meas_timeout_handler) refers to ble_bas.o(i.ble_bas_battery_level_update) for ble_bas_battery_level_update
    main.o(i.battery_level_meas_timeout_handler) refers to app_error.o(i.app_error_handler_bare) for app_error_handler_bare
    main.o(i.battery_level_meas_timeout_handler) refers to main.o(.bss) for .bss
    main.o(i.battery_level_meas_timeout_handler) refers to main.o(.data) for .data
    main.o(i.ble_evt_handler) refers to nrf_log_frontend.o(i.nrf_log_frontend_std_1) for nrf_log_frontend_std_1
    main.o(i.ble_evt_handler) refers to nrf_log_frontend.o(i.nrf_log_frontend_std_0) for nrf_log_frontend_std_0
    main.o(i.ble_evt_handler) refers to bsp.o(i.bsp_indication_set) for bsp_indication_set
    main.o(i.ble_evt_handler) refers to app_error.o(i.app_error_handler_bare) for app_error_handler_bare
    main.o(i.ble_evt_handler) refers to nrf_ble_qwr.o(i.nrf_ble_qwr_conn_handle_assign) for nrf_ble_qwr_conn_handle_assign
    main.o(i.ble_evt_handler) refers to nrf_log_frontend.o(log_dynamic_data) for m_nrf_log_app_logs_data_dynamic
    main.o(i.ble_evt_handler) refers to main.o(.data) for .data
    main.o(i.ble_evt_handler) refers to main.o(.bss) for .bss
    main.o(i.bsp_event_handler) refers to main.o(i.sleep_mode_enter) for sleep_mode_enter
    main.o(i.bsp_event_handler) refers to app_error.o(i.app_error_handler_bare) for app_error_handler_bare
    main.o(i.bsp_event_handler) refers to ble_advertising.o(i.ble_advertising_restart_without_whitelist) for ble_advertising_restart_without_whitelist
    main.o(i.bsp_event_handler) refers to main.o(.data) for .data
    main.o(i.bsp_event_handler) refers to main.o(.bss) for .bss
    main.o(i.conn_params_error_handler) refers to app_error.o(i.app_error_handler_bare) for app_error_handler_bare
    main.o(i.fds_evt_handler) refers to nrf_log_frontend.o(i.nrf_log_frontend_std_0) for nrf_log_frontend_std_0
    main.o(i.fds_evt_handler) refers to nrf_log_frontend.o(log_dynamic_data) for m_nrf_log_app_logs_data_dynamic
    main.o(i.gap_params_init) refers to app_error.o(i.app_error_handler_bare) for app_error_handler_bare
    main.o(i.gatt_evt_handler) refers to nrf_log_frontend.o(i.nrf_log_frontend_std_2) for nrf_log_frontend_std_2
    main.o(i.gatt_evt_handler) refers to ble_hrs.o(i.ble_hrs_on_gatt_evt) for ble_hrs_on_gatt_evt
    main.o(i.gatt_evt_handler) refers to nrf_log_frontend.o(log_dynamic_data) for m_nrf_log_app_logs_data_dynamic
    main.o(i.gatt_evt_handler) refers to main.o(.bss) for .bss
    main.o(i.gpio_init) refers to drv_gpio.o(i.drv_gpio_inpin_cfg) for drv_gpio_inpin_cfg
    main.o(i.heart_rate_meas_timeout_handler) refers to nrf_log_frontend.o(i.nrf_log_frontend_std_1) for nrf_log_frontend_std_1
    main.o(i.heart_rate_meas_timeout_handler) refers to ble_hrs.o(i.ble_hrs_heart_rate_measurement_send) for ble_hrs_heart_rate_measurement_send
    main.o(i.heart_rate_meas_timeout_handler) refers to app_error.o(i.app_error_handler_bare) for app_error_handler_bare
    main.o(i.heart_rate_meas_timeout_handler) refers to main.o(.data) for .data
    main.o(i.heart_rate_meas_timeout_handler) refers to nrf_log_frontend.o(log_dynamic_data) for m_nrf_log_app_logs_data_dynamic
    main.o(i.heart_rate_meas_timeout_handler) refers to main.o(.bss) for .bss
[...]
    0x00026210   0x00026210   0x00000004   Code   RO         7372    .ARM.Collect$$$$00002712  mc_w.l(entry2.o)
    0x00026214   0x00026214   0x000000c8   Code   RO         5350    .emb_text           nrf_atfifo.o
    0x000262dc   0x000262dc   0x000000e2   Code   RO         5486    .emb_text           nrf_atomic.o
    0x000263be   0x000263be   0x00000002   PAD
    0x000263c0   0x000263c0   0x00000024   Code   RO         7273    .text               arm_startup_nrf52.o
    0x000263e4   0x000263e4   0x00000062   Code   RO         7321    .text               mc_w.l(uldiv.o)
    0x00026446   0x00026446   0x0000001e   Code   RO         7323    .text               mc_w.l(llshl.o)
    0x00026464   0x00026464   0x00000008   Code   RO         7325    .text               mc_w.l(ctype_o.o)
    0x0002646c   0x0002646c   0x00000040   Code   RO         7355    .text               mc_w.l(memmovea.o)
    0x000264ac   0x000264ac   0x00000024   Code   RO         7357    .text               mc_w.l(memseta.o)
    0x000264d0   0x000264d0   0x0000000e   Code   RO         7359    .text               mc_w.l(strlen.o)
    0x000264de   0x000264de   0x0000001a   Code   RO         7363    .text               mc_w.l(memcmp.o)
    0x000264f8   0x000264f8   0x00000020   Code   RO         7386    .text               mc_w.l(llushr.o)
    0x00026518   0x00026518   0x00000024   Code   RO         7389    .text               mc_w.l(init.o)
    0x0002653c   0x0002653c   0x00000056   Code   RO         7399    .text               mc_w.l(__dczerorl2.o)
    0x00026592   0x00026592   0x00000002   PAD
    0x00026594   0x00026594   0x00000164   Code   RO         3445    i.GPIOTE_IRQHandler  nrfx_gpiote.o
    0x000266f8   0x000266f8   0x00000016   Code   RO         4723    i.NVIC_ClearPendingIRQ  app_timer.o
    0x0002670e   0x0002670e   0x00000016   Code   RO         4724    i.NVIC_EnableIRQ    app_timer.o
    0x00026724   0x00026724   0x00000016   Code   RO         4725    i.NVIC_SetPendingIRQ  app_timer.o
    0x0002673a   0x0002673a   0x00000020   Code   RO         4726    i.NVIC_SetPriority  app_timer.o
    0x0002675a   0x0002675a   0x00000002   PAD
    0x0002675c   0x0002675c   0x00000058   Code   RO         3313    i.POWER_CLOCK_IRQHandler  nrfx_clock.o
    0x000267b4   0x000267b4   0x00000024   Code   RO         4727    i.RTC1_IRQHandler   app_timer.o
    0x000267d8   0x000267d8   0x00000010   Code   RO         4206    i.SPIM0_SPIS0_TWIM0_TWIS0_SPI0_TWI0_IRQHandler  nrfx_twi.o
    0x000267e8   0x000267e8   0x00000004   Code   RO         4728    i.SWI0_EGU0_IRQHandler  app_timer.o
    0x000267ec   0x000267ec   0x00000004   Code   RO         7057    i.SWI2_EGU2_IRQHandler  nrf_sdh.o
    0x000267f0   0x000267f0   0x0000031c   Code   RO         7281    i.SystemInit        system_nrf52.o
    0x00026b0c   0x00026b0c   0x0000000c   Code   RO         3744    i.UARTE0_UART0_IRQHandler  nrfx_prs.o
    0x00026b18   0x00026b18   0x0000000e   Code   RO         7393    i.__scatterload_copy  mc_w.l(handlers.o)
    0x00026b26   0x00026b26   0x00000002   Code   RO         7394    i.__scatterload_null  mc_w.l(handlers.o)
    0x00026b28   0x00026b28   0x0000000e   Code   RO         7395    i.__scatterload_zeroinit  mc_w.l(handlers.o)
    0x00026b36   0x00026b36   0x00000002   PAD
    0x00026b38   0x00026b38   0x00000024   Code   RO         7058    i.__sd_nvic_app_accessible_irq  nrf_sdh.o
    0x00026b5c   0x00026b5c   0x00000016   Code   RO         7059    i.__sd_nvic_is_app_accessible_priority  nrf_sdh.o
    0x00026b72   0x00026b72   0x00000026   Code   RO         1535    i.addr_compare      id_manager.o
    0x00026b98   0x00026b98   0x0000000c   Code   RO         5738    i.addr_is_aligned32  nrf_fstorage.o
    0x00026ba4   0x00026ba4   0x00000018   Code   RO         5739    i.addr_is_within_bounds  nrf_fstorage.o
    0x00026bbc   0x00026bbc   0x00000036   Code   RO          793    i.advertising_buttons_configure  bsp_btn_ble.o
    0x00026bf2   0x00026bf2   0x00000002   PAD
    0x00026bf4   0x00026bf4   0x00000058   Code   RO            4    i.advertising_start  main.o
    0x00026c4c   0x00026c4c   0x00000052   Code   RO         1536    i.ah                id_manager.o
    0x00026c9e   0x00026c9e   0x00000006   Code   RO          676    i.alert_timer_handler  bsp.o
    0x00026ca4   0x00026ca4   0x0000000c   Code   RO         2649    i.allow_repairing   security_dispatcher.o
    0x00026cb0   0x00026cb0   0x00000024   Code   RO         4511    i.app_button_enable  app_button.o
    0x00026cd4   0x00026cd4   0x00000078   Code   RO         4512    i.app_button_init   app_button.o
    0x00026d4c   0x00026d4c   0x0000007c   Code   RO         4635    i.app_error_fault_handler  app_error_weak.o
    0x00026dc8   0x00026dc8   0x00000016   Code   RO         4575    i.app_error_handler_bare  app_error.o
    0x00026dde   0x00026dde   0x00000002   PAD
    0x00026de0   0x00026de0   0x00000028   Code   RO         4731    i.app_timer_create  app_timer.o
    0x00026e08   0x00026e08   0x00000054   Code   RO         4732    i.app_timer_init    app_timer.o
    0x00026e5c   0x00026e5c   0x00000088   Code   RO         4735    i.app_timer_start   app_timer.o
    0x00026ee4   0x00026ee4   0x00000020   Code   RO         4736    i.app_timer_stop    app_timer.o
    0x00026f04   0x00026f04   0x00000048   Code   RO         4890    i.app_util_critical_region_enter  app_util_platform.o
    0x00026f4c   0x00026f4c   0x00000034   Code   RO         4891    i.app_util_critical_region_exit  app_util_platform.o
    0x00026f80   0x00026f80   0x0000009c   Code   RO            5    i.application_timers_start  main.o
    0x0002701c   0x0002701c   0x00000088   Code   RO         3795    i.apply_config      nrfx_uart.o
    0x000270a4   0x000270a4   0x00000088   Code   RO         4054    i.apply_config      nrfx_uarte.o
    0x0002712c   0x0002712c   0x00000004   Code   RO         1334    i.apply_pending_handle  gatt_cache_manager.o
    0x00027130   0x00027130   0x000000d0   Code   RO         2650    i.auth_status_success_process  security_dispatcher.o
    0x00027200   0x00027200   0x0000014e   Code   RO         2927    i.battery_level_char_add  ble_bas.o
    0x0002734e   0x0002734e   0x00000002   PAD
    0x00027350   0x00027350   0x00000044   Code   RO            7    i.battery_level_meas_timeout_handler  main.o
    0x00027394   0x00027394   0x00000080   Code   RO         2928    i.battery_notification_send  ble_bas.o
    0x00027414   0x00027414   0x00000182   Code   RO          840    i.ble_advdata_encode  ble_advdata.o
    0x00027596   0x00027596   0x00000020   Code   RO          842    i.ble_advdata_parse  ble_advdata.o
    0x000275b6   0x000275b6   0x00000038   Code   RO          843    i.ble_advdata_search  ble_advdata.o
    0x000275ee   0x000275ee   0x00000006   Code   RO          946    i.ble_advertising_conn_cfg_tag_set  ble_advertising.o
    0x000275f4   0x000275f4   0x000000fa   Code   RO          947    i.ble_advertising_init  ble_advertising.o
    0x000276ee   0x000276ee   0x0000006a   Code   RO          949    i.ble_advertising_on_ble_evt  ble_advertising.o
    0x00027758   0x00027758   0x00000030   Code   RO          950    i.ble_advertising_on_sys_evt  ble_advertising.o
    0x00027788   0x00027788   0x0000003a   Code   RO          952    i.ble_advertising_restart_without_whitelist  ble_advertising.o
    0x000277c2   0x000277c2   0x00000236   Code   RO          953    i.ble_advertising_start  ble_advertising.o
    0x000279f8   0x000279f8   0x00000140   Code   RO         2929    i.ble_bas_battery_level_update  ble_bas.o
    0x00027b38   0x00027b38   0x0000003e   Code   RO         2930    i.ble_bas_init      ble_bas.o
    0x00027b76   0x00027b76   0x00000052   Code   RO         2931    i.ble_bas_on_ble_evt  ble_bas.o
    0x00027bc8   0x00027bc8   0x00000068   Code   RO         1040    i.ble_conn_params_init  ble_conn_params.o
    0x00027c30   0x00027c30   0x0000000c   Code   RO         1114    i.ble_conn_state_conn_handles  ble_conn_state.o
    0x00027c3c   0x00027c3c   0x00000020   Code   RO         1116    i.ble_conn_state_encrypted  ble_conn_state.o
    0x00027c5c   0x00027c5c   0x0000002c   Code   RO         1118    i.ble_conn_state_for_each_set_user_flag  ble_conn_state.o
    0x00027c88   0x00027c88   0x00000024   Code   RO         1123    i.ble_conn_state_role  ble_conn_state.o
    0x00027cac   0x00027cac   0x00000024   Code   RO         1124    i.ble_conn_state_status  ble_conn_state.o
    0x00027cd0   0x00027cd0   0x00000018   Code   RO         1125    i.ble_conn_state_user_flag_acquire  ble_conn_state.o
    0x00027ce8   0x00027ce8   0x00000030   Code   RO         1126    i.ble_conn_state_user_flag_get  ble_conn_state.o
    0x00027d18   0x00027d18   0x00000040   Code   RO         1127    i.ble_conn_state_user_flag_set  ble_conn_state.o
    0x00027d58   0x00027d58   0x00000014   Code   RO         1128    i.ble_conn_state_valid  ble_conn_state.o
    0x00027d6c   0x00027d6c   0x00000060   Code   RO          846    i.ble_device_addr_encode  ble_advdata.o
    0x00027dcc   0x00027dcc   0x0000012c   Code   RO         2985    i.ble_dis_init      ble_dis.o
    0x00027ef8   0x00027ef8   0x0000011c   Code   RO            8    i.ble_evt_handler   main.o
    0x00028014   0x00028014   0x00000070   Code   RO          794    i.ble_evt_handler   bsp_btn_ble.o
    0x00028084   0x00028084   0x000000fc   Code   RO         1042    i.ble_evt_handler   ble_conn_params.o
    0x00028180   0x00028180   0x00000104   Code   RO         1129    i.ble_evt_handler   ble_conn_state.o
    0x00028284   0x00028284   0x00000028   Code   RO         2273    i.ble_evt_handler   peer_manager.o
    0x000282ac   0x000282ac   0x00000066   Code   RO         3027    i.ble_hrs_heart_rate_measurement_send  ble_hrs.o
    0x00028312   0x00028312   0x0000005e   Code   RO         3028    i.ble_hrs_init      ble_hrs.o
    0x00028370   0x00028370   0x00000050   Code   RO         3029    i.ble_hrs_on_ble_evt  ble_hrs.o
    0x000283c0   0x000283c0   0x0000001c   Code   RO         3030    i.ble_hrs_on_gatt_evt  ble_hrs.o
    0x000283dc   0x000283dc   0x00000036   Code   RO         3031    i.ble_hrs_rr_interval_add  ble_hrs.o
    0x00028412   0x00028412   0x00000006   Code   RO         3033    i.ble_hrs_sensor_contact_detected_update  ble_hrs.o
    0x00028418   0x00028418   0x00000012   Code   RO         1272    i.ble_srv_ascii_to_utf8  ble_srv_common.o
    0x0002842a   0x0002842a   0x00000008   Code   RO         1274    i.ble_srv_is_notification_enabled  ble_srv_common.o
    0x00028432   0x00028432   0x0000000c   Code   RO         1275    i.ble_srv_report_ref_encode  ble_srv_common.o
    0x0002843e   0x0002843e   0x00000086   Code   RO         3035    i.body_sensor_location_char_add  ble_hrs.o
    0x000284c4   0x000284c4   0x0000000c   Code   RO          540    i.bsp_board_button_idx_to_pin  boards.o
    0x000284d0   0x000284d0   0x00000020   Code   RO          541    i.bsp_board_button_state_get  boards.o
    0x000284f0   0x000284f0   0x00000054   Code   RO          542    i.bsp_board_init    boards.o
    0x00028544   0x00028544   0x00000024   Code   RO          544    i.bsp_board_led_invert  boards.o
    0x00028568   0x00028568   0x00000010   Code   RO          545    i.bsp_board_led_off  boards.o
    0x00028578   0x00028578   0x00000010   Code   RO          546    i.bsp_board_led_on  boards.o
    0x00028588   0x00028588   0x00000020   Code   RO          547    i.bsp_board_led_state_get  boards.o
    0x000285a8   0x000285a8   0x00000012   Code   RO          548    i.bsp_board_leds_off  boards.o
    0x000285ba   0x000285ba   0x00000012   Code   RO          549    i.bsp_board_leds_on  boards.o
    0x000285cc   0x000285cc   0x00000024   Code   RO          550    i.bsp_board_pin_to_button_idx  boards.o
    0x000285f0   0x000285f0   0x00000038   Code   RO          795    i.bsp_btn_ble_init  bsp_btn_ble.o
    0x00028628   0x00028628   0x0000001e   Code   RO          796    i.bsp_btn_ble_sleep_mode_prepare  bsp_btn_ble.o
    0x00028646   0x00028646   0x00000002   PAD
    0x00028648   0x00028648   0x00000090   Code   RO          677    i.bsp_button_event_handler  bsp.o
    0x000286d8   0x000286d8   0x0000000c   Code   RO          678    i.bsp_button_is_pressed  bsp.o
    0x000286e4   0x000286e4   0x0000004c   Code   RO            9    i.bsp_event_handler  main.o
    0x00028730   0x00028730   0x00000044   Code   RO          681    i.bsp_event_to_button_action_assign  bsp.o
    0x00028774   0x00028774   0x00000018   Code   RO          682    i.bsp_indication_set  bsp.o
    0x0002878c   0x0002878c   0x00000094   Code   RO          683    i.bsp_init          bsp.o
    0x00028820   0x00028820   0x000001b8   Code   RO          684    i.bsp_led_indication  bsp.o
    0x000289d8   0x000289d8   0x00000006   Code   RO          686    i.bsp_wakeup_button_enable  bsp.o
    0x000289de   0x000289de   0x00000002   PAD
    0x000289e0   0x000289e0   0x00000090   Code   RO         6456    i.buf_prealloc      nrf_log_frontend.o
    0x00028a70   0x00028a70   0x0000001e   Code   RO         5698    i.buffer_add        nrf_fprintf_format.o
    0x00028a8e   0x00028a8e   0x00000002   PAD
    0x00028a90   0x00028a90   0x00000014   Code   RO         6457    i.buffer_is_empty   nrf_log_frontend.o
    0x00028aa4   0x00028aa4   0x00000008   Code   RO          687    i.button_timer_handler  bsp.o
    0x00028aac   0x00028aac   0x0000001c   Code   RO         3446    i.channel_free      nrfx_gpiote.o
    0x00028ac8   0x00028ac8   0x00000048   Code   RO         3447    i.channel_port_alloc  nrfx_gpiote.o
    0x00028b10   0x00028b10   0x00000010   Code   RO         3448    i.channel_port_get  nrfx_gpiote.o
    0x00028b20   0x00028b20   0x000000a0   Code   RO         2986    i.char_add          ble_dis.o
    0x00028bc0   0x00028bc0   0x00000038   Code   RO         2183    i.claim             peer_id.o
    0x00028bf8   0x00028bf8   0x00000028   Code   RO         3118    i.clock_clk_started_notify  nrf_drv_clock.o
    0x00028c20   0x00028c20   0x0000001c   Code   RO         3119    i.clock_irq_handler  nrf_drv_clock.o
    0x00028c3c   0x00028c3c   0x000000ac   Code   RO         4738    i.compare_reg_update  app_timer.o
    0x00028ce8   0x00028ce8   0x0000003e   Code   RO         1130    i.conn_handle_list_get  ble_conn_state.o
    0x00028d26   0x00028d26   0x00000088   Code   RO          847    i.conn_int_encode   ble_advdata.o
    0x00028dae   0x00028dae   0x00000004   Code   RO           10    i.conn_params_error_handler  main.o
    0x00028db2   0x00028db2   0x00000002   PAD
    0x00028db4   0x00028db4   0x00000048   Code   RO         1043    i.conn_params_negotiation  ble_conn_params.o
    0x00028dfc   0x00028dfc   0x00000044   Code   RO         2651    i.conn_sec_failure  security_dispatcher.o
    0x00028e40   0x00028e40   0x00000100   Code   RO         1723    i.data_length_update  nrf_ble_gatt.o
    0x00028f40   0x00028f40   0x00000080   Code   RO         1335    i.db_update_pending_handle  gatt_cache_manager.o
    0x00028fc0   0x00028fc0   0x00000080   Code   RO         4985    i.delete_execute    fds.o
    0x00029040   0x00029040   0x00000098   Code   RO         4514    i.detection_delay_timeout_handler  app_button.o
    0x000290d8   0x000290d8   0x00000014   Code   RO         6459    i.dropped_sat16_get  nrf_log_frontend.o
    0x000290ec   0x000290ec   0x00000040   Code   RO         4739    i.elapsed_ticks_acquire  app_timer.o
    0x0002912c   0x0002912c   0x0000000a   Code   RO         2652    i.encryption_failure  security_dispatcher.o
    0x00029136   0x00029136   0x00000002   PAD
    0x00029138   0x00029138   0x0000004c   Code   RO         5822    i.erase             nrf_fstorage_sd.o
    0x00029184   0x00029184   0x00000074   Code   RO         4986    i.event_prepare     fds.o
    0x000291f8   0x000291f8   0x00000020   Code   RO         4987    i.event_send        fds.o
    0x00029218   0x00029218   0x00000054   Code   RO         5823    i.event_send        nrf_fstorage_sd.o
    0x0002926c   0x0002926c   0x00000074   Code   RO         2782    i.events_send_from_err_code  security_manager.o
    0x000292e0   0x000292e0   0x0000001c   Code   RO         1336    i.evt_send          gatt_cache_manager.o
    0x000292fc   0x000292fc   0x0000002c   Code   RO         2274    i.evt_send          peer_manager.o
    0x00029328   0x00029328   0x0000001c   Code   RO         2653    i.evt_send          security_dispatcher.o
    0x00029344   0x00029344   0x0000000c   Code   RO         2783    i.evt_send          security_manager.o
    0x00029350   0x00029350   0x0000002c   Code   RO           11    i.fds_evt_handler   main.o
    0x0002937c   0x0002937c   0x000000cc   Code   RO         1876    i.fds_evt_handler   peer_data_storage.o
    0x00029448   0x00029448   0x00000044   Code   RO         4989    i.fds_file_delete   fds.o
    0x0002948c   0x0002948c   0x0000003c   Code   RO         4990    i.fds_gc            fds.o
    0x000294c8   0x000294c8   0x000000d0   Code   RO         4991    i.fds_init          fds.o
    0x00029598   0x00029598   0x00000040   Code   RO         4992    i.fds_record_close  fds.o
    0x000295d8   0x000295d8   0x0000000e   Code   RO         4994    i.fds_record_find   fds.o
    0x000295e6   0x000295e6   0x00000010   Code   RO         4995    i.fds_record_find_by_key  fds.o
    0x000295f6   0x000295f6   0x00000010   Code   RO         4996    i.fds_record_find_in_file  fds.o
    0x00029606   0x00029606   0x00000010   Code   RO         4997    i.fds_record_id_from_desc  fds.o
    0x00029616   0x00029616   0x00000002   PAD
    0x00029618   0x00029618   0x00000048   Code   RO         4999    i.fds_record_open   fds.o
    0x00029660   0x00029660   0x0000000e   Code   RO         5000    i.fds_record_update  fds.o
    0x0002966e   0x0002966e   0x00000008   Code   RO         5001    i.fds_record_write  fds.o
    0x00029676   0x00029676   0x0000000c   Code   RO         5002    i.fds_record_write_reserved  fds.o
    0x00029682   0x00029682   0x00000002   PAD
    0x00029684   0x00029684   0x0000002c   Code   RO         5003    i.fds_register      fds.o
    0x000296b0   0x000296b0   0x00000030   Code   RO         5004    i.fds_reserve       fds.o
    0x000296e0   0x000296e0   0x00000048   Code   RO         5005    i.fds_reserve_cancel  fds.o
    0x00029728   0x00029728   0x00000014   Code   RO         1877    i.file_id_within_pm_range  peer_data_storage.o
    0x0002973c   0x0002973c   0x00000012   Code   RO         2654    i.flag_id_init      security_dispatcher.o
    0x0002974e   0x0002974e   0x00000012   Code   RO         2784    i.flag_id_init      security_manager.o
    0x00029760   0x00029760   0x00000028   Code   RO          955    i.flags_set         ble_advertising.o
    0x00029788   0x00029788   0x00000054   Code   RO         2785    i.flags_set_from_err_code  security_manager.o
    0x000297dc   0x000297dc   0x00000030   Code   RO         1131    i.for_each_set_flag  ble_conn_state.o
    0x0002980c   0x0002980c   0x00000006   Code   RO         5007    i.fs_event_handler  fds.o
    0x00029812   0x00029812   0x00000002   PAD
    0x00029814   0x00029814   0x0000006c   Code   RO           12    i.gap_params_init   main.o
    0x00029880   0x00029880   0x00000068   Code   RO           13    i.gatt_evt_handler  main.o
    0x000298e8   0x000298e8   0x0000007c   Code   RO         5008    i.gc_execute        fds.o
    0x00029964   0x00029964   0x0000004c   Code   RO         5009    i.gc_next_page      fds.o
    0x000299b0   0x000299b0   0x00000040   Code   RO         5010    i.gc_page_erase     fds.o
    0x000299f0   0x000299f0   0x00000034   Code   RO         5011    i.gc_record_copy    fds.o
    0x00029a24   0x00029a24   0x00000024   Code   RO         5012    i.gc_record_find_next  fds.o
    0x00029a48   0x00029a48   0x00000088   Code   RO         5013    i.gc_state_advance  fds.o
    0x00029ad0   0x00029ad0   0x0000009c   Code   RO         1337    i.gcm_ble_evt_handler  gatt_cache_manager.o
    0x00029b6c   0x00029b6c   0x00000030   Code   RO         1338    i.gcm_im_evt_handler  gatt_cache_manager.o
    0x00029b9c   0x00029b9c   0x00000050   Code   RO         1339    i.gcm_init          gatt_cache_manager.o
    0x00029bec   0x00029bec   0x00000078   Code   RO         1342    i.gcm_pdb_evt_handler  gatt_cache_manager.o
    0x00029c64   0x00029c64   0x00000038   Code   RO         1537    i.get_connection_by_conn_handle  id_manager.o
    0x00029c9c   0x00029c9c   0x00000030   Code   RO         1538    i.get_free_connection  id_manager.o
    0x00029ccc   0x00029ccc   0x00000084   Code   RO         4515    i.gpiote_event_handler  app_button.o
    0x00029d50   0x00029d50   0x0000001c   Code   RO         1459    i.gscm_db_change_notification_done  gatts_cache_manager.o
    0x00029d6c   0x00029d6c   0x00000014   Code   RO         1460    i.gscm_init         gatts_cache_manager.o
    0x00029d80   0x00029d80   0x0000006a   Code   RO         1462    i.gscm_local_db_cache_apply  gatts_cache_manager.o
    0x00029dea   0x00029dea   0x00000082   Code   RO         1463    i.gscm_local_db_cache_update  gatts_cache_manager.o
    0x00029e6c   0x00029e6c   0x00000018   Code   RO         1464    i.gscm_pdb_evt_handler  gatts_cache_manager.o
    0x00029e84   0x00029e84   0x0000001e   Code   RO         1465    i.gscm_service_changed_ind_needed  gatts_cache_manager.o
    0x00029ea2   0x00029ea2   0x00000002   PAD
    0x00029ea4   0x00029ea4   0x00000038   Code   RO         1466    i.gscm_service_changed_ind_send  gatts_cache_manager.o
    0x00029edc   0x00029edc   0x00000026   Code   RO         5014    i.header_check      fds.o
    0x00029f02   0x00029f02   0x00000012   Code   RO         5015    i.header_has_next   fds.o
    0x00029f14   0x00029f14   0x0000006c   Code   RO           15    i.heart_rate_meas_timeout_handler  main.o
    0x00029f80   0x00029f80   0x000000c2   Code   RO         3036    i.heart_rate_measurement_char_add  ble_hrs.o
    0x0002a042   0x0002a042   0x00000002   PAD
    0x0002a044   0x0002a044   0x00000098   Code   RO         3037    i.hrm_encode        ble_hrs.o
    0x0002a0dc   0x0002a0dc   0x00000046   Code   RO         1539    i.im_address_resolve  id_manager.o
    0x0002a122   0x0002a122   0x00000002   PAD
    0x0002a124   0x0002a124   0x00000030   Code   RO         1540    i.im_ble_addr_get   id_manager.o
    0x0002a154   0x0002a154   0x000000c8   Code   RO         1541    i.im_ble_evt_handler  id_manager.o
    0x0002a21c   0x0002a21c   0x0000002c   Code   RO         1542    i.im_conn_handle_get  id_manager.o
    0x0002a248   0x0002a248   0x00000038   Code   RO         1544    i.im_find_duplicate_bonding_data  id_manager.o
    0x0002a280   0x0002a280   0x00000040   Code   RO         1547    i.im_init           id_manager.o
    0x0002a2c0   0x0002a2c0   0x00000072   Code   RO         1548    i.im_is_duplicate_bonding_data  id_manager.o
    0x0002a332   0x0002a332   0x00000018   Code   RO         1549    i.im_master_id_is_valid  id_manager.o
    0x0002a34a   0x0002a34a   0x0000002a   Code   RO         1550    i.im_master_ids_compare  id_manager.o
    0x0002a374   0x0002a374   0x00000004   Code   RO         1551    i.im_new_peer_id    id_manager.o
    0x0002a378   0x0002a378   0x00000026   Code   RO         1552    i.im_peer_free      id_manager.o
    0x0002a39e   0x0002a39e   0x00000002   PAD
    0x0002a3a0   0x0002a3a0   0x00000020   Code   RO         1553    i.im_peer_id_get_by_conn_handle  id_manager.o
    0x0002a3c0   0x0002a3c0   0x0000003c   Code   RO         1554    i.im_peer_id_get_by_master_id  id_manager.o
    0x0002a3fc   0x0002a3fc   0x00000034   Code   RO         5824    i.init              nrf_fstorage_sd.o
    0x0002a430   0x0002a430   0x000000c8   Code   RO         5016    i.init_execute      fds.o
    0x0002a4f8   0x0002a4f8   0x00000014   Code   RO         1044    i.instance_get      ble_conn_params.o
    0x0002a50c   0x0002a50c   0x000000a6   Code   RO         5699    i.int_print         nrf_fprintf_format.o
    0x0002a5b2   0x0002a5b2   0x00000002   PAD
    0x0002a5b4   0x0002a5b4   0x00000080   Code   RO         4055    i.interrupts_enable  nrfx_uarte.o
    0x0002a634   0x0002a634   0x0000004c   Code   RO         6460    i.invalid_packets_pushed_str_omit  nrf_log_frontend.o
    0x0002a680   0x0002a680   0x00000010   Code   RO         5825    i.is_busy           nrf_fstorage_sd.o
    0x0002a690   0x0002a690   0x00000044   Code   RO         1045    i.is_conn_params_ok  ble_conn_params.o
    0x0002a6d4   0x0002a6d4   0x00000014   Code   RO         1559    i.is_valid_irk      id_manager.o
    0x0002a6e8   0x0002a6e8   0x0000000c   Code   RO         5017    i.is_word_aligned   fds.o
    0x0002a6f4   0x0002a6f4   0x00000030   Code   RO          688    i.leds_off          bsp.o
    0x0002a724   0x0002a724   0x00000014   Code   RO          689    i.leds_timer_handler  bsp.o
    0x0002a738   0x0002a738   0x00000018   Code   RO         1724    i.link_init         nrf_ble_gatt.o
    0x0002a750   0x0002a750   0x000000b8   Code   RO         2786    i.link_secure       security_manager.o
    0x0002a808   0x0002a808   0x0000008c   Code   RO         2655    i.link_secure_failure  security_dispatcher.o
    0x0002a894   0x0002a894   0x0000002c   Code   RO         2787    i.link_secure_pending_handle  security_manager.o
    0x0002a8c0   0x0002a8c0   0x000000f8   Code   RO         4740    i.list_insertions_handler  app_timer.o
    0x0002a9b8   0x0002a9b8   0x00000068   Code   RO         1343    i.local_db_apply_in_evt  gatt_cache_manager.o
    0x0002aa20   0x0002aa20   0x00000010   Code   RO         1344    i.local_db_update   gatt_cache_manager.o
    0x0002aa30   0x0002aa30   0x00000032   Code   RO         2596    i.lock_by_mask      pm_mutex.o
    0x0002aa62   0x0002aa62   0x00000002   PAD
    0x0002aa64   0x0002aa64   0x0000009c   Code   RO         6461    i.log_skip          nrf_log_frontend.o
    0x0002ab00   0x0002ab00   0x000001f0   Code   RO           16    i.main              main.o
    0x0002acf0   0x0002acf0   0x00000064   Code   RO          848    i.manuf_specific_data_encode  ble_advdata.o
    0x0002ad54   0x0002ad54   0x00000078   Code   RO           17    i.max30102_init     main.o
    0x0002adcc   0x0002adcc   0x00000076   Code   RO         5937    i.memobj_op         nrf_memobj.o
    0x0002ae42   0x0002ae42   0x00000002   PAD
    0x0002ae44   0x0002ae44   0x00000030   Code   RO         6462    i.module_idx_get    nrf_log_frontend.o
    0x0002ae74   0x0002ae74   0x0000009c   Code   RO          849    i.name_encode       ble_advdata.o
    0x0002af10   0x0002af10   0x00000058   Code   RO         1560    i.new_connection    id_manager.o
    0x0002af68   0x0002af68   0x00000014   Code   RO         2788    i.new_context_get   security_manager.o
    0x0002af7c   0x0002af7c   0x00000030   Code   RO         2184    i.next_id_get       peer_id.o
    0x0002afac   0x0002afac   0x00000010   Code   RO         5352    i.nrf_atfifo_clear  nrf_atfifo.o
    0x0002afbc   0x0002afbc   0x00000026   Code   RO         5354    i.nrf_atfifo_init   nrf_atfifo.o
    0x0002afe2   0x0002afe2   0x00000016   Code   RO         5355    i.nrf_atfifo_item_alloc  nrf_atfifo.o
    0x0002aff8   0x0002aff8   0x00000016   Code   RO         5356    i.nrf_atfifo_item_free  nrf_atfifo.o
    0x0002b00e   0x0002b00e   0x00000016   Code   RO         5357    i.nrf_atfifo_item_get  nrf_atfifo.o
    0x0002b024   0x0002b024   0x00000016   Code   RO         5358    i.nrf_atfifo_item_put  nrf_atfifo.o
    0x0002b03a   0x0002b03a   0x00000016   Code   RO         5420    i.nrf_atflags_clear  nrf_atflags.o
    0x0002b050   0x0002b050   0x00000020   Code   RO         5422    i.nrf_atflags_fetch_set  nrf_atflags.o
    0x0002b070   0x0002b070   0x0000004a   Code   RO         5424    i.nrf_atflags_find_and_set_flag  nrf_atflags.o
    0x0002b0ba   0x0002b0ba   0x00000016   Code   RO         5425    i.nrf_atflags_get   nrf_atflags.o
    0x0002b0d0   0x0002b0d0   0x00000014   Code   RO         5427    i.nrf_atflags_set   nrf_atflags.o
    0x0002b0e4   0x0002b0e4   0x00000006   Code   RO         5488    i.nrf_atomic_flag_clear_fetch  nrf_atomic.o
    0x0002b0ea   0x0002b0ea   0x00000006   Code   RO         5489    i.nrf_atomic_flag_set  nrf_atomic.o
    0x0002b0f0   0x0002b0f0   0x00000006   Code   RO         5490    i.nrf_atomic_flag_set_fetch  nrf_atomic.o
    0x0002b0f6   0x0002b0f6   0x0000000c   Code   RO         5491    i.nrf_atomic_u32_add  nrf_atomic.o
    0x0002b102   0x0002b102   0x0000000c   Code   RO         5492    i.nrf_atomic_u32_and  nrf_atomic.o
    0x0002b10e   0x0002b10e   0x0000000a   Code   RO         5494    i.nrf_atomic_u32_fetch_add  nrf_atomic.o
    0x0002b118   0x0002b118   0x0000000a   Code   RO         5495    i.nrf_atomic_u32_fetch_and  nrf_atomic.o
    0x0002b122   0x0002b122   0x0000000a   Code   RO         5496    i.nrf_atomic_u32_fetch_or  nrf_atomic.o
    0x0002b12c   0x0002b12c   0x0000000a   Code   RO         5497    i.nrf_atomic_u32_fetch_store  nrf_atomic.o
    0x0002b136   0x0002b136   0x0000000c   Code   RO         5501    i.nrf_atomic_u32_or  nrf_atomic.o
    0x0002b142   0x0002b142   0x0000000c   Code   RO         5503    i.nrf_atomic_u32_sub  nrf_atomic.o
    0x0002b14e   0x0002b14e   0x00000044   Code   RO         5622    i.nrf_balloc_alloc  nrf_balloc.o
    0x0002b192   0x0002b192   0x00000030   Code   RO         5623    i.nrf_balloc_free   nrf_balloc.o
    0x0002b1c2   0x0002b1c2   0x00000030   Code   RO         5624    i.nrf_balloc_init   nrf_balloc.o
    0x0002b1f2   0x0002b1f2   0x00000010   Code   RO         3449    i.nrf_bitmask_bit_is_set  nrfx_gpiote.o
    0x0002b202   0x0002b202   0x00000014   Code   RO         3450    i.nrf_bitmask_bit_set  nrfx_gpiote.o
    0x0002b216   0x0002b216   0x00000022   Code   RO         1730    i.nrf_ble_gatt_init  nrf_ble_gatt.o
    0x0002b238   0x0002b238   0x00000150   Code   RO         1731    i.nrf_ble_gatt_on_ble_evt  nrf_ble_gatt.o
    0x0002b388   0x0002b388   0x00000016   Code   RO         1835    i.nrf_ble_qwr_conn_handle_assign  nrf_ble_qwr.o
    0x0002b39e   0x0002b39e   0x00000024   Code   RO         1836    i.nrf_ble_qwr_init  nrf_ble_qwr.o
    0x0002b3c2   0x0002b3c2   0x000000b6   Code   RO         1837    i.nrf_ble_qwr_on_ble_evt  nrf_ble_qwr.o
    0x0002b478   0x0002b478   0x0000000e   Code   RO         3314    i.nrf_clock_event_check  nrfx_clock.o
    0x0002b486   0x0002b486   0x00000010   Code   RO         3315    i.nrf_clock_event_clear  nrfx_clock.o
    0x0002b496   0x0002b496   0x00000002   PAD
    0x0002b498   0x0002b498   0x00000020   Code   RO           18    i.nrf_delay_ms      main.o
    0x0002b4b8   0x0002b4b8   0x00000038   Code   RO         3126    i.nrf_drv_clock_init  nrf_drv_clock.o
    0x0002b4f0   0x0002b4f0   0x00000030   Code   RO         3130    i.nrf_drv_clock_lfclk_release  nrf_drv_clock.o
    0x0002b520   0x0002b520   0x00000040   Code   RO         3983    i.nrf_drv_twi_init  nrf_drv_twi.o
    0x0002b560   0x0002b560   0x00000006   Code   RO           19    i.nrf_drv_twi_rx    main.o
    0x0002b566   0x0002b566   0x0000000e   Code   RO           20    i.nrf_drv_twi_tx    main.o
    0x0002b574   0x0002b574   0x00000068   Code   RO         3261    i.nrf_drv_uart_init  nrf_drv_uart.o
    0x0002b5dc   0x0002b5dc   0x0000001a   Code   RO         5659    i.nrf_fprintf       nrf_fprintf.o
    0x0002b5f6   0x0002b5f6   0x00000018   Code   RO         5660    i.nrf_fprintf_buffer_flush  nrf_fprintf.o
    0x0002b60e   0x0002b60e   0x000001da   Code   RO         5700    i.nrf_fprintf_fmt   nrf_fprintf_format.o
    0x0002b7e8   0x0002b7e8   0x0000012c   Code   RO         5740    i.nrf_fstorage_erase  nrf_fstorage.o
    0x0002b914   0x0002b914   0x00000088   Code   RO         5741    i.nrf_fstorage_init  nrf_fstorage.o
    0x0002b99c   0x0002b99c   0x00000050   Code   RO         5742    i.nrf_fstorage_is_busy  nrf_fstorage.o
    0x0002b9ec   0x0002b9ec   0x00000018   Code   RO         5826    i.nrf_fstorage_sdh_req_handler  nrf_fstorage_sd.o
    0x0002ba04   0x0002ba04   0x00000020   Code   RO         5827    i.nrf_fstorage_sdh_state_handler  nrf_fstorage_sd.o
    0x0002ba24   0x0002ba24   0x000000a4   Code   RO         5828    i.nrf_fstorage_sys_evt_handler  nrf_fstorage_sd.o
    0x0002bac8   0x0002bac8   0x000001d4   Code   RO         5747    i.nrf_fstorage_write  nrf_fstorage.o
    0x0002bc9c   0x0002bc9c   0x00000024   Code   RO          552    i.nrf_gpio_cfg      boards.o
    0x0002bcc0   0x0002bcc0   0x00000024   Code   RO         3451    i.nrf_gpio_cfg      nrfx_gpiote.o
    0x0002bce4   0x0002bce4   0x00000024   Code   RO         3796    i.nrf_gpio_cfg      nrfx_uart.o
    0x0002bd08   0x0002bd08   0x00000024   Code   RO         4056    i.nrf_gpio_cfg      nrfx_uarte.o
    0x0002bd2c   0x0002bd2c   0x00000024   Code   RO         4207    i.nrf_gpio_cfg      nrfx_twi.o
    0x0002bd50   0x0002bd50   0x00000012   Code   RO         3797    i.nrf_gpio_cfg_default  nrfx_uart.o
    0x0002bd62   0x0002bd62   0x00000012   Code   RO         4057    i.nrf_gpio_cfg_default  nrfx_uarte.o
    0x0002bd74   0x0002bd74   0x00000012   Code   RO         3798    i.nrf_gpio_cfg_input  nrfx_uart.o
    0x0002bd86   0x0002bd86   0x00000012   Code   RO         4058    i.nrf_gpio_cfg_input  nrfx_uarte.o
    0x0002bd98   0x0002bd98   0x00000014   Code   RO         3799    i.nrf_gpio_cfg_output  nrfx_uart.o
    0x0002bdac   0x0002bdac   0x00000014   Code   RO         4059    i.nrf_gpio_cfg_output  nrfx_uarte.o
    0x0002bdc0   0x0002bdc0   0x00000022   Code   RO         3453    i.nrf_gpio_cfg_sense_set  nrfx_gpiote.o
    0x0002bde2   0x0002bde2   0x0000000e   Code   RO         3984    i.nrf_gpio_pin_set  nrf_drv_twi.o
    0x0002bdf0   0x0002bdf0   0x00000016   Code   RO          553    i.nrf_gpio_pin_write  boards.o
    0x0002be06   0x0002be06   0x00000002   PAD
    0x0002be08   0x0002be08   0x00000028   Code   RO         3454    i.nrf_gpio_ports_read  nrfx_gpiote.o
    0x0002be30   0x0002be30   0x00000014   Code   RO         3455    i.nrf_gpiote_event_clear  nrfx_gpiote.o
    0x0002be44   0x0002be44   0x00000010   Code   RO         3456    i.nrf_gpiote_event_is_set  nrfx_gpiote.o
    0x0002be54   0x0002be54   0x00000050   Code   RO         6463    i.nrf_log_backend_add  nrf_log_frontend.o
    0x0002bea4   0x0002bea4   0x000000c8   Code   RO         6304    i.nrf_log_backend_serial_put  nrf_log_backend_serial.o
    0x0002bf6c   0x0002bf6c   0x00000002   Code   RO         6344    i.nrf_log_backend_uart_flush  nrf_log_backend_uart.o
    0x0002bf6e   0x0002bf6e   0x00000006   Code   RO         6345    i.nrf_log_backend_uart_init  nrf_log_backend_uart.o
    0x0002bf74   0x0002bf74   0x0000002c   Code   RO         6346    i.nrf_log_backend_uart_panic_set  nrf_log_backend_uart.o
    0x0002bfa0   0x0002bfa0   0x00000018   Code   RO         6347    i.nrf_log_backend_uart_put  nrf_log_backend_uart.o
    0x0002bfb8   0x0002bfb8   0x00000030   Code   RO         6465    i.nrf_log_color_id_get  nrf_log_frontend.o
    0x0002bfe8   0x0002bfe8   0x0000001c   Code   RO         6423    i.nrf_log_default_backends_init  nrf_log_default_backends.o
    0x0002c004   0x0002c004   0x00000220   Code   RO         6466    i.nrf_log_frontend_dequeue  nrf_log_frontend.o
    0x0002c224   0x0002c224   0x00000008   Code   RO         6468    i.nrf_log_frontend_std_0  nrf_log_frontend.o
    0x0002c22c   0x0002c22c   0x0000000e   Code   RO         6469    i.nrf_log_frontend_std_1  nrf_log_frontend.o
    0x0002c23a   0x0002c23a   0x00000010   Code   RO         6470    i.nrf_log_frontend_std_2  nrf_log_frontend.o
    0x0002c24a   0x0002c24a   0x00000012   Code   RO         6471    i.nrf_log_frontend_std_3  nrf_log_frontend.o
    0x0002c25c   0x0002c25c   0x000000ac   Code   RO         6643    i.nrf_log_hexdump_entry_process  nrf_log_str_formatter.o
    0x0002c308   0x0002c308   0x00000058   Code   RO         6475    i.nrf_log_init      nrf_log_frontend.o
    0x0002c360   0x0002c360   0x00000014   Code   RO         6476    i.nrf_log_module_cnt_get  nrf_log_frontend.o
    0x0002c374   0x0002c374   0x0000001c   Code   RO         6479    i.nrf_log_module_name_get  nrf_log_frontend.o
    0x0002c390   0x0002c390   0x00000028   Code   RO         6480    i.nrf_log_panic     nrf_log_frontend.o
    0x0002c3b8   0x0002c3b8   0x000000b6   Code   RO         6644    i.nrf_log_std_entry_process  nrf_log_str_formatter.o
    0x0002c46e   0x0002c46e   0x00000060   Code   RO         5938    i.nrf_memobj_alloc  nrf_memobj.o
    0x0002c4ce   0x0002c4ce   0x00000032   Code   RO         5939    i.nrf_memobj_free   nrf_memobj.o
    0x0002c500   0x0002c500   0x00000008   Code   RO         5940    i.nrf_memobj_get    nrf_memobj.o
    0x0002c508   0x0002c508   0x00000004   Code   RO         5941    i.nrf_memobj_pool_init  nrf_memobj.o
    0x0002c50c   0x0002c50c   0x0000001e   Code   RO         5942    i.nrf_memobj_put    nrf_memobj.o
    0x0002c52a   0x0002c52a   0x0000000c   Code   RO         5943    i.nrf_memobj_read   nrf_memobj.o
    0x0002c536   0x0002c536   0x0000000c   Code   RO         5944    i.nrf_memobj_write  nrf_memobj.o
    0x0002c542   0x0002c542   0x00000002   PAD
    0x0002c544   0x0002c544   0x00000028   Code   RO         6013    i.nrf_pwr_mgmt_init  nrf_pwr_mgmt.o
    0x0002c56c   0x0002c56c   0x00000044   Code   RO         6014    i.nrf_pwr_mgmt_run  nrf_pwr_mgmt.o
    0x0002c5b0   0x0002c5b0   0x00000004   Code   RO           21    i.nrf_qwr_error_handler  main.o
    0x0002c5b4   0x0002c5b4   0x00000014   Code   RO         7185    i.nrf_sdh_ble_app_ram_start_get  nrf_sdh_ble.o
    0x0002c5c8   0x0002c5c8   0x00000158   Code   RO         7186    i.nrf_sdh_ble_default_cfg_set  nrf_sdh_ble.o
    0x0002c720   0x0002c720   0x000001cc   Code   RO         7187    i.nrf_sdh_ble_enable  nrf_sdh_ble.o
    0x0002c8ec   0x0002c8ec   0x0000008c   Code   RO         7188    i.nrf_sdh_ble_evts_poll  nrf_sdh_ble.o
    0x0002c978   0x0002c978   0x00000054   Code   RO         7060    i.nrf_sdh_disable_request  nrf_sdh.o
    0x0002c9cc   0x0002c9cc   0x00000090   Code   RO         7061    i.nrf_sdh_enable_request  nrf_sdh.o
    0x0002ca5c   0x0002ca5c   0x00000024   Code   RO         7062    i.nrf_sdh_evts_poll  nrf_sdh.o
    0x0002ca80   0x0002ca80   0x0000000c   Code   RO         7063    i.nrf_sdh_is_enabled  nrf_sdh.o
    0x0002ca8c   0x0002ca8c   0x0000001c   Code   RO         7065    i.nrf_sdh_request_continue  nrf_sdh.o
    0x0002caa8   0x0002caa8   0x0000003c   Code   RO         7241    i.nrf_sdh_soc_evts_poll  nrf_sdh_soc.o
    0x0002cae4   0x0002cae4   0x0000000a   Code   RO         6082    i.nrf_section_iter_init  nrf_section_iter.o
    0x0002caee   0x0002caee   0x00000024   Code   RO         6083    i.nrf_section_iter_item_set  nrf_section_iter.o
    0x0002cb12   0x0002cb12   0x00000020   Code   RO         6084    i.nrf_section_iter_next  nrf_section_iter.o
    0x0002cb32   0x0002cb32   0x00000002   PAD
    0x0002cb34   0x0002cb34   0x00000038   Code   RO         6117    i.nrf_strerror_find  nrf_strerror.o
    0x0002cb6c   0x0002cb6c   0x00000014   Code   RO         6118    i.nrf_strerror_get  nrf_strerror.o
    0x0002cb80   0x0002cb80   0x0000000a   Code   RO         4209    i.nrf_twi_event_check  nrfx_twi.o
    0x0002cb8a   0x0002cb8a   0x0000000c   Code   RO         4210    i.nrf_twi_event_clear  nrfx_twi.o
    0x0002cb96   0x0002cb96   0x0000000a   Code   RO         3800    i.nrf_uart_event_check  nrfx_uart.o
    0x0002cba0   0x0002cba0   0x0000000c   Code   RO         3801    i.nrf_uart_event_clear  nrfx_uart.o
    0x0002cbac   0x0002cbac   0x0000000c   Code   RO         3802    i.nrf_uart_int_enable_check  nrfx_uart.o
    0x0002cbb8   0x0002cbb8   0x0000000a   Code   RO         4060    i.nrf_uarte_event_check  nrfx_uarte.o
    0x0002cbc2   0x0002cbc2   0x0000000c   Code   RO         4061    i.nrf_uarte_event_clear  nrfx_uarte.o
    0x0002cbce   0x0002cbce   0x00000002   PAD
    0x0002cbd0   0x0002cbd0   0x0000002c   Code   RO         3320    i.nrfx_clock_enable  nrfx_clock.o
    0x0002cbfc   0x0002cbfc   0x00000020   Code   RO         3323    i.nrfx_clock_init   nrfx_clock.o
    0x0002cc1c   0x0002cc1c   0x0000001c   Code   RO         3326    i.nrfx_clock_lfclk_stop  nrfx_clock.o
    0x0002cc38   0x0002cc38   0x00000010   Code   RO         3985    i.nrfx_coredep_delay_us  nrf_drv_twi.o
    0x0002cc48   0x0002cc48   0x00000010   Code   RO         4741    i.nrfx_coredep_delay_us  app_timer.o
    0x0002cc58   0x0002cc58   0x000000a4   Code   RO         3461    i.nrfx_gpiote_in_event_enable  nrfx_gpiote.o
    0x0002ccfc   0x0002ccfc   0x000000d0   Code   RO         3462    i.nrfx_gpiote_in_init  nrfx_gpiote.o
    0x0002cdcc   0x0002cdcc   0x00000014   Code   RO         3463    i.nrfx_gpiote_in_is_set  nrfx_gpiote.o
    0x0002cde0   0x0002cde0   0x00000070   Code   RO         3465    i.nrfx_gpiote_init  nrfx_gpiote.o
    0x0002ce50   0x0002ce50   0x00000014   Code   RO         3466    i.nrfx_gpiote_is_init  nrfx_gpiote.o
    0x0002ce64   0x0002ce64   0x00000010   Code   RO         4062    i.nrfx_is_in_ram    nrfx_uarte.o
    0x0002ce74   0x0002ce74   0x0000003a   Code   RO         3745    i.nrfx_prs_acquire  nrfx_prs.o
    0x0002ceae   0x0002ceae   0x00000012   Code   RO         3746    i.nrfx_prs_release  nrfx_prs.o
    0x0002cec0   0x0002cec0   0x00000020   Code   RO         4213    i.nrfx_twi_enable   nrfx_twi.o
    0x0002cee0   0x0002cee0   0x000000e0   Code   RO         4214    i.nrfx_twi_init     nrfx_twi.o
    0x0002cfc0   0x0002cfc0   0x00000030   Code   RO         4216    i.nrfx_twi_rx       nrfx_twi.o
    0x0002cff0   0x0002cff0   0x00000036   Code   RO         4218    i.nrfx_twi_tx       nrfx_twi.o
    0x0002d026   0x0002d026   0x00000002   PAD
    0x0002d028   0x0002d028   0x00000024   Code   RO         4220    i.nrfx_twi_xfer     nrfx_twi.o
    0x0002d04c   0x0002d04c   0x00000010   Code   RO         3803    i.nrfx_uart_0_irq_handler  nrfx_uart.o
    0x0002d05c   0x0002d05c   0x000000d4   Code   RO         3805    i.nrfx_uart_init    nrfx_uart.o
    0x0002d130   0x0002d130   0x000000a4   Code   RO         3811    i.nrfx_uart_tx      nrfx_uart.o
    0x0002d1d4   0x0002d1d4   0x00000020   Code   RO         3813    i.nrfx_uart_tx_in_progress  nrfx_uart.o
    0x0002d1f4   0x0002d1f4   0x000000b4   Code   RO         3814    i.nrfx_uart_uninit  nrfx_uart.o
    0x0002d2a8   0x0002d2a8   0x00000010   Code   RO         4063    i.nrfx_uarte_0_irq_handler  nrfx_uarte.o
    0x0002d2b8   0x0002d2b8   0x0000006c   Code   RO         4065    i.nrfx_uarte_init   nrfx_uarte.o
    0x0002d324   0x0002d324   0x00000090   Code   RO         4069    i.nrfx_uarte_tx     nrfx_uarte.o
    0x0002d3b4   0x0002d3b4   0x0000001c   Code   RO         4071    i.nrfx_uarte_tx_in_progress  nrfx_uarte.o
    0x0002d3d0   0x0002d3d0   0x000000b0   Code   RO         4072    i.nrfx_uarte_uninit  nrfx_uarte.o
    0x0002d480   0x0002d480   0x0000004c   Code   RO           22    i.on_adv_evt        main.o
    0x0002d4cc   0x0002d4cc   0x0000001c   Code   RO           23    i.on_conn_params_evt  main.o
    0x0002d4e8   0x0002d4e8   0x00000104   Code   RO         1732    i.on_connected_evt  nrf_ble_gatt.o
    0x0002d5ec   0x0002d5ec   0x00000120   Code   RO         1733    i.on_data_length_update_evt  nrf_ble_gatt.o
    0x0002d70c   0x0002d70c   0x00000150   Code   RO         1734    i.on_exchange_mtu_request_evt  nrf_ble_gatt.o
    0x0002d85c   0x0002d85c   0x000000a4   Code   RO         1735    i.on_exchange_mtu_rsp_evt  nrf_ble_gatt.o
    0x0002d900   0x0002d900   0x00000024   Code   RO         5018    i.page_identify     fds.o
    0x0002d924   0x0002d924   0x0000001c   Code   RO         5019    i.page_offsets_update  fds.o
    0x0002d940   0x0002d940   0x0000006c   Code   RO         5020    i.page_scan         fds.o
    0x0002d9ac   0x0002d9ac   0x0000001c   Code   RO         5021    i.page_tag_write_data  fds.o
    0x0002d9c8   0x0002d9c8   0x00000024   Code   RO         5022    i.page_tag_write_swap  fds.o
    0x0002d9ec   0x0002d9ec   0x0000011c   Code   RO         5023    i.pages_init        fds.o
    0x0002db08   0x0002db08   0x0000000c   Code   RO         2656    i.pairing           security_dispatcher.o
    0x0002db14   0x0002db14   0x00000006   Code   RO         2789    i.params_reply_pending_handle  security_manager.o
    0x0002db1a   0x0002db1a   0x00000028   Code   RO         2790    i.params_req_send   security_manager.o
    0x0002db42   0x0002db42   0x00000002   PAD
    0x0002db44   0x0002db44   0x0000001c   Code   RO         2015    i.pdb_evt_send      peer_database.o
    0x0002db60   0x0002db60   0x0000004c   Code   RO         2016    i.pdb_init          peer_database.o
    0x0002dbac   0x0002dbac   0x00000004   Code   RO         2018    i.pdb_next_deleted_peer_id_get  peer_database.o
    0x0002dbb0   0x0002dbb0   0x00000004   Code   RO         2019    i.pdb_next_peer_id_get  peer_database.o
    0x0002dbb4   0x0002dbb4   0x00000074   Code   RO         2020    i.pdb_pds_evt_handler  peer_database.o
    0x0002dc28   0x0002dc28   0x00000004   Code   RO         2021    i.pdb_peer_allocate  peer_database.o
    0x0002dc2c   0x0002dc2c   0x00000010   Code   RO         2022    i.pdb_peer_data_load  peer_database.o
    0x0002dc3c   0x0002dc3c   0x00000006   Code   RO         2023    i.pdb_peer_data_ptr_get  peer_database.o
    0x0002dc42   0x0002dc42   0x00000044   Code   RO         2024    i.pdb_peer_free     peer_database.o
    0x0002dc86   0x0002dc86   0x00000008   Code   RO         2025    i.pdb_raw_store     peer_database.o
    0x0002dc8e   0x0002dc8e   0x00000002   PAD
    0x0002dc90   0x0002dc90   0x000000c4   Code   RO         2026    i.pdb_write_buf_get  peer_database.o
    0x0002dd54   0x0002dd54   0x00000028   Code   RO         2027    i.pdb_write_buf_release  peer_database.o
    0x0002dd7c   0x0002dd7c   0x00000028   Code   RO         2028    i.pdb_write_buf_store  peer_database.o
    0x0002dda4   0x0002dda4   0x00000068   Code   RO         2029    i.pdb_write_buf_store_prepare  peer_database.o
    0x0002de0c   0x0002de0c   0x00000010   Code   RO         1878    i.pds_evt_send      peer_data_storage.o
    0x0002de1c   0x0002de1c   0x0000006c   Code   RO         1879    i.pds_init          peer_data_storage.o
    0x0002de88   0x0002de88   0x00000004   Code   RO         1880    i.pds_next_deleted_peer_id_get  peer_data_storage.o
    0x0002de8c   0x0002de8c   0x00000004   Code   RO         1881    i.pds_next_peer_id_get  peer_data_storage.o
    0x0002de90   0x0002de90   0x00000058   Code   RO         1884    i.pds_peer_data_iterate  peer_data_storage.o
    0x0002dee8   0x0002dee8   0x00000010   Code   RO         1885    i.pds_peer_data_iterate_prepare  peer_data_storage.o
    0x0002def8   0x0002def8   0x00000068   Code   RO         1886    i.pds_peer_data_read  peer_data_storage.o
    0x0002df60   0x0002df60   0x00000096   Code   RO         1887    i.pds_peer_data_store  peer_data_storage.o
    0x0002dff6   0x0002dff6   0x00000008   Code   RO         1888    i.pds_peer_id_allocate  peer_data_storage.o
    0x0002dffe   0x0002dffe   0x00000016   Code   RO         1889    i.pds_peer_id_free  peer_data_storage.o
    0x0002e014   0x0002e014   0x00000004   Code   RO         1890    i.pds_peer_id_is_allocated  peer_data_storage.o
    0x0002e018   0x0002e018   0x0000002e   Code   RO         1891    i.pds_space_reserve  peer_data_storage.o
    0x0002e046   0x0002e046   0x00000010   Code   RO         1892    i.pds_space_reserve_cancel  peer_data_storage.o
    0x0002e056   0x0002e056   0x00000002   PAD
    0x0002e058   0x0002e058   0x0000000c   Code   RO         2657    i.peer_created      security_dispatcher.o
    0x0002e064   0x0002e064   0x00000006   Code   RO         2030    i.peer_data_const_point_to_buffer  peer_database.o
    0x0002e06a   0x0002e06a   0x00000002   PAD
    0x0002e06c   0x0002e06c   0x00000078   Code   RO         1893    i.peer_data_delete_process  peer_data_storage.o
    0x0002e0e4   0x0002e0e4   0x00000030   Code   RO         1894    i.peer_data_find    peer_data_storage.o
    0x0002e114   0x0002e114   0x00000020   Code   RO         1895    i.peer_data_id_is_valid  peer_data_storage.o
    0x0002e134   0x0002e134   0x0000001a   Code   RO         2031    i.peer_data_point_to_buffer  peer_database.o
    0x0002e14e   0x0002e14e   0x00000002   PAD
    0x0002e150   0x0002e150   0x0000000c   Code   RO         2185    i.peer_id_allocate  peer_id.o
    0x0002e15c   0x0002e15c   0x00000024   Code   RO         2186    i.peer_id_delete    peer_id.o
    0x0002e180   0x0002e180   0x0000001c   Code   RO         2187    i.peer_id_free      peer_id.o
    0x0002e19c   0x0002e19c   0x0000000c   Code   RO         2188    i.peer_id_get_next_deleted  peer_id.o
    0x0002e1a8   0x0002e1a8   0x00000030   Code   RO         2189    i.peer_id_get_next_used  peer_id.o
    0x0002e1d8   0x0002e1d8   0x00000028   Code   RO         2190    i.peer_id_init      peer_id.o
    0x0002e200   0x0002e200   0x00000014   Code   RO         2191    i.peer_id_is_allocated  peer_id.o
    0x0002e214   0x0002e214   0x00000014   Code   RO         2192    i.peer_id_is_deleted  peer_id.o
    0x0002e228   0x0002e228   0x0000001c   Code   RO         1561    i.peer_id_set       id_manager.o
    0x0002e244   0x0002e244   0x0000007c   Code   RO           24    i.peer_manager_init  main.o
    0x0002e2c0   0x0002e2c0   0x00000012   Code   RO          956    i.phy_is_valid      ble_advertising.o
    0x0002e2d2   0x0002e2d2   0x00000002   PAD
    0x0002e2d4   0x0002e2d4   0x00000018   Code   RO         3482    i.pin_in_use_by_port  nrfx_gpiote.o
    0x0002e2ec   0x0002e2ec   0x00000018   Code   RO         3483    i.pin_in_use_by_te  nrfx_gpiote.o
    0x0002e304   0x0002e304   0x0000005c   Code   RO         2554    i.pm_buffer_block_acquire  pm_buffer.o
    0x0002e360   0x0002e360   0x00000040   Code   RO         2555    i.pm_buffer_init    pm_buffer.o
    0x0002e3a0   0x0002e3a0   0x00000028   Code   RO         2556    i.pm_buffer_ptr_get  pm_buffer.o
    0x0002e3c8   0x0002e3c8   0x0000002e   Code   RO         2557    i.pm_buffer_release  pm_buffer.o
    0x0002e3f6   0x0002e3f6   0x0000000a   Code   RO         2277    i.pm_conn_sec_config_reply  peer_manager.o
    0x0002e400   0x0002e400   0x0000011c   Code   RO           25    i.pm_evt_handler    main.o
    0x0002e51c   0x0002e51c   0x00000004   Code   RO         2282    i.pm_gcm_evt_handler  peer_manager.o
    0x0002e520   0x0002e520   0x00000004   Code   RO         2285    i.pm_im_evt_handler  peer_manager.o
    0x0002e524   0x0002e524   0x0000004c   Code   RO         2286    i.pm_init           peer_manager.o
    0x0002e570   0x0002e570   0x0000000e   Code   RO         2597    i.pm_mutex_init     pm_mutex.o
    0x0002e57e   0x0002e57e   0x0000001a   Code   RO         2598    i.pm_mutex_lock     pm_mutex.o
    0x0002e598   0x0002e598   0x00000036   Code   RO         2599    i.pm_mutex_lock_first_available  pm_mutex.o
    0x0002e5ce   0x0002e5ce   0x00000018   Code   RO         2600    i.pm_mutex_lock_status_get  pm_mutex.o
    0x0002e5e6   0x0002e5e6   0x0000003a   Code   RO         2601    i.pm_mutex_unlock   pm_mutex.o
    0x0002e620   0x0002e620   0x00000118   Code   RO         2290    i.pm_pdb_evt_handler  peer_manager.o
    0x0002e738   0x0002e738   0x00000014   Code   RO         2301    i.pm_peer_delete    peer_manager.o
    0x0002e74c   0x0002e74c   0x000000b8   Code   RO         2305    i.pm_peer_ranks_get  peer_manager.o
    0x0002e804   0x0002e804   0x00000068   Code   RO         2306    i.pm_peers_delete   peer_manager.o
    0x0002e86c   0x0002e86c   0x0000002c   Code   RO         2309    i.pm_register       peer_manager.o
    0x0002e898   0x0002e898   0x00000014   Code   RO         2310    i.pm_sec_params_set  peer_manager.o
    0x0002e8ac   0x0002e8ac   0x0000000a   Code   RO         2311    i.pm_sm_evt_handler  peer_manager.o
    0x0002e8b6   0x0002e8b6   0x00000034   Code   RO         2987    i.pnp_id_encode     ble_dis.o
    0x0002e8ea   0x0002e8ea   0x00000002   PAD
    0x0002e8ec   0x0002e8ec   0x0000003c   Code   RO         6646    i.postfix_process   nrf_log_str_formatter.o
    0x0002e928   0x0002e928   0x00000098   Code   RO         6647    i.prefix_process    nrf_log_str_formatter.o
    0x0002e9c0   0x0002e9c0   0x00000018   Code   RO         3747    i.prs_box_get       nrfx_prs.o
    0x0002e9d8   0x0002e9d8   0x0000001c   Code   RO         5024    i.queue_buf_get     fds.o
    0x0002e9f4   0x0002e9f4   0x00000010   Code   RO         5025    i.queue_buf_store   fds.o
    0x0002ea04   0x0002ea04   0x00000014   Code   RO         5829    i.queue_free        nrf_fstorage_sd.o
    0x0002ea18   0x0002ea18   0x000000a0   Code   RO         5026    i.queue_process     fds.o
    0x0002eab8   0x0002eab8   0x000000a0   Code   RO         5830    i.queue_process     nrf_fstorage_sd.o
    0x0002eb58   0x0002eb58   0x0000001c   Code   RO         5027    i.queue_start       fds.o
    0x0002eb74   0x0002eb74   0x00000024   Code   RO         5831    i.queue_start       nrf_fstorage_sd.o
    0x0002eb98   0x0002eb98   0x00000010   Code   RO         7189    i.ram_end_address_get  nrf_sdh_ble.o
    0x0002eba8   0x0002eba8   0x00000028   Code   RO         2314    i.rank_vars_update  peer_manager.o
    0x0002ebd0   0x0002ebd0   0x0000000e   Code   RO         5832    i.read              nrf_fstorage_sd.o
    0x0002ebde   0x0002ebde   0x00000002   PAD
    0x0002ebe0   0x0002ebe0   0x0000006c   Code   RO           26    i.readRegister      main.o
    0x0002ec4c   0x0002ec4c   0x00000070   Code   RO           27    i.readRegister_FIFO  main.o
    0x0002ecbc   0x0002ecbc   0x0000007c   Code   RO         2032    i.reattempt_previous_operations  peer_database.o
    0x0002ed38   0x0002ed38   0x00000088   Code   RO         5028    i.record_find       fds.o
    0x0002edc0   0x0002edc0   0x000000a0   Code   RO         5029    i.record_find_by_desc  fds.o
    0x0002ee60   0x0002ee60   0x0000005c   Code   RO         5030    i.record_find_next  fds.o
    0x0002eebc   0x0002eebc   0x00000038   Code   RO         5031    i.record_header_flag_dirty  fds.o
    0x0002eef4   0x0002eef4   0x00000010   Code   RO         2194    i.release           peer_id.o
    0x0002ef04   0x0002ef04   0x00000004   Code   RO         5833    i.rmap              nrf_fstorage_sd.o
    0x0002ef08   0x0002ef08   0x00000088   Code   RO           28    i.rr_interval_timeout_handler  main.o
    0x0002ef90   0x0002ef90   0x0000003c   Code   RO         4742    i.rtc1_stop         app_timer.o
    0x0002efcc   0x0002efcc   0x00000032   Code   RO         3815    i.rx_byte           nrfx_uart.o
    0x0002effe   0x0002effe   0x00000016   Code   RO         3816    i.rx_done_event     nrfx_uart.o
    0x0002f014   0x0002f014   0x00000018   Code   RO         4073    i.rx_done_event     nrfx_uarte.o
    0x0002f02c   0x0002f02c   0x00000024   Code   RO         1345    i.sc_send_pending_handle  gatt_cache_manager.o
    0x0002f050   0x0002f050   0x00000042   Code   RO         7068    i.sd_nvic_SetPriority  nrf_sdh.o
    0x0002f092   0x0002f092   0x00000002   PAD
    0x0002f094   0x0002f094   0x00000050   Code   RO         3133    i.sd_state_evt_handler  nrf_drv_clock.o
    0x0002f0e4   0x0002f0e4   0x00000030   Code   RO         7069    i.sdh_request_observer_notify  nrf_sdh.o
    0x0002f114   0x0002f114   0x0000002c   Code   RO         7070    i.sdh_state_observer_notify  nrf_sdh.o
    0x0002f140   0x0002f140   0x000000a2   Code   RO         2658    i.sec_info_request_process  security_dispatcher.o
    0x0002f1e2   0x0002f1e2   0x00000002   PAD
    0x0002f1e4   0x0002f1e4   0x0000006c   Code   RO         2659    i.sec_keyset_fill   security_dispatcher.o
    0x0002f250   0x0002f250   0x00000076   Code   RO         2791    i.sec_params_verify  security_manager.o
    0x0002f2c6   0x0002f2c6   0x00000002   PAD
    0x0002f2c8   0x0002f2c8   0x00000038   Code   RO         2660    i.sec_proc_housekeeping  security_dispatcher.o
    0x0002f300   0x0002f300   0x00000068   Code   RO         2661    i.sec_proc_start    security_dispatcher.o
    0x0002f368   0x0002f368   0x00000022   Code   RO         2662    i.send_config_req   security_dispatcher.o
    0x0002f38a   0x0002f38a   0x00000002   PAD
    0x0002f38c   0x0002f38c   0x00000010   Code   RO         1046    i.send_error_evt    ble_conn_params.o
    0x0002f39c   0x0002f39c   0x00000028   Code   RO         1346    i.send_unexpected_error  gatt_cache_manager.o
    0x0002f3c4   0x0002f3c4   0x00000028   Code   RO         2663    i.send_unexpected_error  security_dispatcher.o
    0x0002f3ec   0x0002f3ec   0x00000018   Code   RO           29    i.sensor_contact_detected_timeout_handler  main.o
    0x0002f404   0x0002f404   0x00000060   Code   RO           30    i.sensor_simulator_init  main.o
    0x0002f464   0x0002f464   0x0000001c   Code   RO         6147    i.sensorsim_decrement  sensorsim.o
    0x0002f480   0x0002f480   0x0000001c   Code   RO         6148    i.sensorsim_increment  sensorsim.o
    0x0002f49c   0x0002f49c   0x00000016   Code   RO         6149    i.sensorsim_init    sensorsim.o
    0x0002f4b2   0x0002f4b2   0x0000001a   Code   RO         6150    i.sensorsim_measure  sensorsim.o
    0x0002f4cc   0x0002f4cc   0x00000040   Code   RO         6348    i.serial_tx         nrf_log_backend_uart.o
    0x0002f50c   0x0002f50c   0x00000014   Code   RO         1347    i.service_changed_pending_flags_check  gatt_cache_manager.o
    0x0002f520   0x0002f520   0x00000044   Code   RO         1467    i.service_changed_pending_set  gatts_cache_manager.o
    0x0002f564   0x0002f564   0x0000008c   Code   RO         1348    i.service_changed_send_in_evt  gatt_cache_manager.o
    0x0002f5f0   0x0002f5f0   0x00000088   Code   RO          850    i.service_data_encode  ble_advdata.o
    0x0002f678   0x0002f678   0x0000015c   Code   RO           31    i.services_init     main.o
    0x0002f7d4   0x0002f7d4   0x00000028   Code   RO           32    i.sleep_mode_enter  main.o
    0x0002f7fc   0x0002f7fc   0x00000020   Code   RO         2792    i.sm_ble_evt_handler  security_manager.o
    0x0002f81c   0x0002f81c   0x00000004   Code   RO         2793    i.sm_conn_sec_config_reply  security_manager.o
    0x0002f820   0x0002f820   0x0000004c   Code   RO         2794    i.sm_init           security_manager.o
    0x0002f86c   0x0002f86c   0x00000058   Code   RO         2797    i.sm_pdb_evt_handler  security_manager.o
    0x0002f8c4   0x0002f8c4   0x00000034   Code   RO         2799    i.sm_sec_params_set  security_manager.o
    0x0002f8f8   0x0002f8f8   0x00000060   Code   RO         2800    i.sm_smd_evt_handler  security_manager.o
    0x0002f958   0x0002f958   0x000000f4   Code   RO         2664    i.smd_ble_evt_handler  security_dispatcher.o
    0x0002fa4c   0x0002fa4c   0x00000010   Code   RO         2665    i.smd_conn_sec_config_reply  security_dispatcher.o
    0x0002fa5c   0x0002fa5c   0x00000058   Code   RO         2666    i.smd_init          security_dispatcher.o
    0x0002fab4   0x0002fab4   0x00000022   Code   RO         2667    i.smd_link_secure   security_dispatcher.o
    0x0002fad6   0x0002fad6   0x00000002   PAD
    0x0002fad8   0x0002fad8   0x000000fc   Code   RO         2668    i.smd_params_reply  security_dispatcher.o
    0x0002fbd4   0x0002fbd4   0x00000040   Code   RO         2801    i.smd_params_reply_perform  security_manager.o
    0x0002fc14   0x0002fc14   0x00000018   Code   RO         3134    i.soc_evt_handler   nrf_drv_clock.o
    0x0002fc2c   0x0002fc2c   0x00000038   Code   RO         7071    i.softdevice_evt_irq_disable  nrf_sdh.o
    0x0002fc64   0x0002fc64   0x00000050   Code   RO         7072    i.softdevices_evt_irq_enable  nrf_sdh.o
    0x0002fcb4   0x0002fcb4   0x0000008c   Code   RO         6482    i.std_n             nrf_log_frontend.o
    0x0002fd40   0x0002fd40   0x00000042   Code   RO         2988    i.sys_id_encode     ble_dis.o
    0x0002fd82   0x0002fd82   0x00000002   PAD
    0x0002fd84   0x0002fd84   0x00000080   Code   RO         4743    i.timer_list_handler  app_timer.o
    0x0002fe04   0x0002fe04   0x0000003c   Code   RO         4744    i.timer_list_insert  app_timer.o
    0x0002fe40   0x0002fe40   0x00000060   Code   RO         4745    i.timer_list_remove  app_timer.o
    0x0002fea0   0x0002fea0   0x00000048   Code   RO         4746    i.timer_stop_op_schedule  app_timer.o
    0x0002fee8   0x0002fee8   0x00000074   Code   RO         4747    i.timer_timeouts_check  app_timer.o
    0x0002ff5c   0x0002ff5c   0x00000070   Code   RO           33    i.timers_init       main.o
    0x0002ffcc   0x0002ffcc   0x000000aa   Code   RO         3986    i.twi_clear_bus     nrf_drv_twi.o
    0x00030076   0x00030076   0x00000002   PAD
    0x00030078   0x00030078   0x00000040   Code   RO         3987    i.twi_evt_handler   nrf_drv_twi.o
    0x000300b8   0x000300b8   0x00000050   Code   RO           34    i.twi_handler       main.o
    0x00030108   0x00030108   0x000000be   Code   RO         4221    i.twi_irq_handler   nrfx_twi.o
    0x000301c6   0x000301c6   0x0000001e   Code   RO         4222    i.twi_process_error  nrfx_twi.o
    0x000301e4   0x000301e4   0x000000c6   Code   RO         4223    i.twi_rx_start_transfer  nrfx_twi.o
    0x000302aa   0x000302aa   0x00000028   Code   RO         4224    i.twi_send_byte     nrfx_twi.o
    0x000302d2   0x000302d2   0x0000010a   Code   RO         4225    i.twi_transfer      nrfx_twi.o
    0x000303dc   0x000303dc   0x000000d0   Code   RO         4226    i.twi_tx_start_transfer  nrfx_twi.o
    0x000304ac   0x000304ac   0x00000098   Code   RO         4227    i.twi_xfer          nrfx_twi.o
    0x00030544   0x00030544   0x00000020   Code   RO         3818    i.tx_byte           nrfx_uart.o
    0x00030564   0x00030564   0x0000001a   Code   RO         3819    i.tx_done_event     nrfx_uart.o
    0x0003057e   0x0003057e   0x00000002   PAD
    0x00030580   0x00030580   0x00000030   Code   RO         3262    i.uart_evt_handler  nrf_drv_uart.o
    0x000305b0   0x000305b0   0x0000000c   Code   RO         6349    i.uart_evt_handler  nrf_log_backend_uart.o
    0x000305bc   0x000305bc   0x00000050   Code   RO         6350    i.uart_init         nrf_log_backend_uart.o
    0x0003060c   0x0003060c   0x00000128   Code   RO         3820    i.uart_irq_handler  nrfx_uart.o
    0x00030734   0x00030734   0x00000030   Code   RO         3263    i.uarte_evt_handler  nrf_drv_uart.o
    0x00030764   0x00030764   0x000000f4   Code   RO         4074    i.uarte_irq_handler  nrfx_uarte.o
    0x00030858   0x00030858   0x0000000a   Code   RO          851    i.uint16_encode     ble_advdata.o
    0x00030862   0x00030862   0x00000002   PAD
    0x00030864   0x00030864   0x00000020   Code   RO         5834    i.uninit            nrf_fstorage_sd.o
    0x00030884   0x00030884   0x000000b4   Code   RO         5701    i.unsigned_print    nrf_fprintf_format.o
    0x00030938   0x00030938   0x00000014   Code   RO         1349    i.update_pending_flags_check  gatt_cache_manager.o
    0x0003094c   0x0003094c   0x00000068   Code   RO         1047    i.update_timeout_handler  ble_conn_params.o
    0x000309b4   0x000309b4   0x00000018   Code   RO          957    i.use_whitelist     ble_advertising.o
    0x000309cc   0x000309cc   0x0000000c   Code   RO         1132    i.user_flag_is_acquired  ble_conn_state.o
    0x000309d8   0x000309d8   0x00000024   Code   RO         1838    i.user_mem_reply    nrf_ble_qwr.o
    0x000309fc   0x000309fc   0x00000030   Code   RO         4748    i.user_op_alloc     app_timer.o
    0x00030a2c   0x00030a2c   0x00000030   Code   RO          852    i.uuid_list_encode  ble_advdata.o
    0x00030a5c   0x00030a5c   0x0000009e   Code   RO          853    i.uuid_list_sized_encode  ble_advdata.o
    0x00030afa   0x00030afa   0x0000003a   Code   RO          690    i.wakeup_button_cfg  bsp.o
    0x00030b34   0x00030b34   0x00000004   Code   RO         5835    i.wmap              nrf_fstorage_sd.o
    0x00030b38   0x00030b38   0x00000050   Code   RO         5836    i.write             nrf_fstorage_sd.o
    0x00030b88   0x00030b88   0x00000028   Code   RO           35    i.writeRegister     main.o
    0x00030bb0   0x00030bb0   0x00000024   Code   RO         2033    i.write_buf_length_words_set  peer_database.o
    0x00030bd4   0x00030bd4   0x00000084   Code   RO         2034    i.write_buf_store   peer_database.o
    0x00030c58   0x00030c58   0x00000034   Code   RO         2035    i.write_buffer_record_find  peer_database.o
    0x00030c8c   0x00030c8c   0x00000028   Code   RO         2036    i.write_buffer_record_find_next  peer_database.o
    0x00030cb4   0x00030cb4   0x0000001e   Code   RO         2037    i.write_buffer_record_invalidate  peer_database.o
    0x00030cd2   0x00030cd2   0x00000002   PAD
    0x00030cd4   0x00030cd4   0x0000002c   Code   RO         2038    i.write_buffer_record_release  peer_database.o
    0x00030d00   0x00030d00   0x000000e8   Code   RO         5033    i.write_enqueue     fds.o
    0x00030de8   0x00030de8   0x000000f4   Code   RO         5034    i.write_execute     fds.o
    0x00030edc   0x00030edc   0x00000018   Code   RO         5035    i.write_space_free  fds.o
    0x00030ef4   0x00030ef4   0x0000005c   Code   RO         5036    i.write_space_reserve  fds.o
    0x00030f50   0x00030f50   0x00000038   Data   RO           41    .constdata          main.o
    0x00030f88   0x00030f88   0x00000008   Data   RO          554    .constdata          boards.o
    0x00030f90   0x00030f90   0x0000002c   Data   RO          695    .constdata          bsp.o
    0x00030fbc   0x00030fbc   0x00000050   Data   RO         1350    .constdata          gatt_cache_manager.o
    0x0003100c   0x0003100c   0x00000004   Data   RO         1468    .constdata          gatts_cache_manager.o
    0x00031010   0x00031010   0x00000010   Data   RO         1469    .constdata          gatts_cache_manager.o
    0x00031020   0x00031020   0x00000004   Data   RO         1470    .constdata          gatts_cache_manager.o
    0x00031024   0x00031024   0x00000008   Data   RO         1564    .constdata          id_manager.o
    0x0003102c   0x0003102c   0x00000016   Data   RO         1736    .constdata          nrf_ble_gatt.o
    0x00031042   0x00031042   0x00000002   PAD
    0x00031044   0x00031044   0x00000018   Data   RO         1896    .constdata          peer_data_storage.o
    0x0003105c   0x0003105c   0x00000010   Data   RO         2040    .constdata          peer_database.o
    0x0003106c   0x0003106c   0x00000010   Data   RO         2316    .constdata          peer_manager.o
    0x0003107c   0x0003107c   0x00000054   Data   RO         2670    .constdata          security_dispatcher.o
    0x000310d0   0x000310d0   0x00000004   Data   RO         2802    .constdata          security_manager.o
    0x000310d4   0x000310d4   0x00000004   Data   RO         3485    .constdata          nrfx_gpiote.o
    0x000310d8   0x000310d8   0x00000004   Data   RO         3823    .constdata          nrfx_uart.o
    0x000310dc   0x000310dc   0x00000004   PAD
    0x000310e0   0x000310e0   0x00000006   Data   RO         3988    .constdata          nrf_drv_twi.o
    0x000310e6   0x000310e6   0x00000002   PAD
    0x000310e8   0x000310e8   0x00000004   Data   RO         4077    .constdata          nrfx_uarte.o
    0x000310ec   0x000310ec   0x00000018   Data   RO         4230    .constdata          nrfx_twi.o
    0x00031104   0x00031104   0x00000008   Data   RO         4517    .constdata          app_button.o
    0x0003110c   0x0003110c   0x00000004   PAD
    0x00031110   0x00031110   0x00000006   Data   RO         4750    .constdata          app_timer.o
    0x00031116   0x00031116   0x00000002   PAD
    0x00031118   0x00031118   0x00000018   Data   RO         5038    .constdata          fds.o
    0x00031130   0x00031130   0x00000010   Data   RO         5702    .constdata          nrf_fprintf_format.o
    0x00031140   0x00031140   0x0000005e   Data   RO         5748    .constdata          nrf_fstorage.o
    0x0003119e   0x0003119e   0x00000002   PAD
    0x000311a0   0x000311a0   0x00000010   Data   RO         5838    .constdata          nrf_fstorage_sd.o
    0x000311b0   0x000311b0   0x00000020   Data   RO         5839    .constdata          nrf_fstorage_sd.o
    0x000311d0   0x000311d0   0x00000018   Data   RO         6018    .constdata          nrf_pwr_mgmt.o
    0x000311e8   0x000311e8   0x0000000c   Data   RO         6019    .constdata          nrf_pwr_mgmt.o
    0x000311f4   0x000311f4   0x0000013c   Data   RO         6119    .constdata          nrf_strerror.o
    0x00031330   0x00031330   0x0000000c   Data   RO         6352    .constdata          nrf_log_backend_uart.o
    0x0003133c   0x0003133c   0x00000020   Data   RO         6353    .constdata          nrf_log_backend_uart.o
    0x0003135c   0x0003135c   0x00000010   Data   RO         7073    .constdata          nrf_sdh.o
    0x0003136c   0x0003136c   0x00000028   Data   RO         7074    .constdata          nrf_sdh.o
    0x00031394   0x00031394   0x00000010   Data   RO         7075    .constdata          nrf_sdh.o
    0x000313a4   0x000313a4   0x00000010   Data   RO         7076    .constdata          nrf_sdh.o
    0x000313b4   0x000313b4   0x00000020   Data   RO         7190    .constdata          nrf_sdh_ble.o
    0x000313d4   0x000313d4   0x00000010   Data   RO         7191    .constdata          nrf_sdh_ble.o
    0x000313e4   0x000313e4   0x00000010   Data   RO         7242    .constdata          nrf_sdh_soc.o
    0x000313f4   0x000313f4   0x0000000c   Data   RO         7243    .constdata          nrf_sdh_soc.o
    0x00031400   0x00031400   0x00000081   Data   RO         7326    .constdata          mc_w.l(ctype_o.o)
    0x00031481   0x00031481   0x00000003   PAD
    0x00031484   0x00031484   0x00000004   Data   RO         7327    .constdata          mc_w.l(ctype_o.o)
    0x00031488   0x00031488   0x00000178   Data   RO           42    .conststring        main.o
    0x00031600   0x00031600   0x0000013e   Data   RO         1737    .conststring        nrf_ble_gatt.o
    0x0003173e   0x0003173e   0x00000002   PAD
    0x00031740   0x00031740   0x00000042   Data   RO         2932    .conststring        ble_bas.o
    0x00031782   0x00031782   0x00000002   PAD
    0x00031784   0x00031784   0x0000004f   Data   RO         5749    .conststring        nrf_fstorage.o
    0x000317d3   0x000317d3   0x00000001   PAD
    0x000317d4   0x000317d4   0x000003eb   Data   RO         6120    .conststring        nrf_strerror.o
    0x00031bbf   0x00031bbf   0x00000001   PAD
    0x00031bc0   0x00031bc0   0x00000066   Data   RO         6648    .conststring        nrf_log_str_formatter.o
    0x00031c26   0x00031c26   0x00000002   PAD
    0x00031c28   0x00031c28   0x000001cf   Data   RO         7192    .conststring        nrf_sdh_ble.o
    0x00031df7   0x00031df7   0x00000001   PAD
    0x00031df8   0x00031df8   0x0000000d   Data   RO         1738    .conststrlit        nrf_ble_gatt.o
    0x00031e05   0x00031e05   0x00000003   PAD
    0x00031e08   0x00031e08   0x00000008   Data   RO         2933    .conststrlit        ble_bas.o
    0x00031e10   0x00031e10   0x00000008   Data   RO         3038    .conststrlit        ble_hrs.o
    0x00031e18   0x00031e18   0x00000006   Data   RO         3140    .conststrlit        nrf_drv_clock.o
    0x00031e1e   0x00031e1e   0x00000002   PAD
    0x00031e20   0x00031e20   0x00000006   Data   RO         3330    .conststrlit        nrfx_clock.o
    0x00031e26   0x00031e26   0x00000002   PAD
    0x00031e28   0x00031e28   0x00000007   Data   RO         3489    .conststrlit        nrfx_gpiote.o
    0x00031e2f   0x00031e2f   0x00000001   PAD
    0x00031e30   0x00031e30   0x00000004   Data   RO         3749    .conststrlit        nrfx_prs.o
    0x00031e34   0x00031e34   0x00000005   Data   RO         3826    .conststrlit        nrfx_uart.o
    0x00031e39   0x00031e39   0x00000003   PAD
    0x00031e3c   0x00031e3c   0x00000006   Data   RO         4080    .conststrlit        nrfx_uarte.o
    0x00031e42   0x00031e42   0x00000002   PAD
    0x00031e44   0x00031e44   0x00000004   Data   RO         4233    .conststrlit        nrfx_twi.o
    0x00031e48   0x00031e48   0x0000000f   Data   RO         5039    .conststrlit        fds.o
    0x00031e57   0x00031e57   0x00000001   PAD
    0x00031e58   0x00031e58   0x0000000d   Data   RO         5750    .conststrlit        nrf_fstorage.o
    0x00031e65   0x00031e65   0x00000003   PAD
    0x00031e68   0x00031e68   0x0000000e   Data   RO         5840    .conststrlit        nrf_fstorage_sd.o
    0x00031e76   0x00031e76   0x00000002   PAD
    0x00031e78   0x00031e78   0x00000009   Data   RO         6020    .conststrlit        nrf_pwr_mgmt.o
    0x00031e81   0x00031e81   0x00000003   PAD
    0x00031e84   0x00031e84   0x00000018   Data   RO         6485    .conststrlit        nrf_log_frontend.o
    0x00031e9c   0x00031e9c   0x00000008   Data   RO         7077    .conststrlit        nrf_sdh.o
    0x00031ea4   0x00031ea4   0x0000000c   Data   RO         7193    .conststrlit        nrf_sdh_ble.o
    0x00031eb0   0x00031eb0   0x0000000c   Data   RO         7244    .conststrlit        nrf_sdh_soc.o
    0x00031ebc   0x00031ebc   0x00000020   Data   RO         7391    Region$$Table       anon$$obj.o
    0x00031edc   0x00031edc   0x00000008   Data   RO         1739    log_const_data      nrf_ble_gatt.o
    0x00031ee4   0x00031ee4   0x00000008   Data   RO         2934    log_const_data      ble_bas.o
    0x00031eec   0x00031eec   0x00000008   Data   RO         3039    log_const_data      ble_hrs.o
    0x00031ef4   0x00031ef4   0x00000008   Data   RO         3141    log_const_data      nrf_drv_clock.o
    0x00031efc   0x00031efc   0x00000008   Data   RO         3332    log_const_data      nrfx_clock.o
    0x00031f04   0x00031f04   0x00000008   Data   RO         3490    log_const_data      nrfx_gpiote.o
    0x00031f0c   0x00031f0c   0x00000008   Data   RO         3751    log_const_data      nrfx_prs.o
    0x00031f14   0x00031f14   0x00000008   Data   RO         3827    log_const_data      nrfx_uart.o
    0x00031f1c   0x00031f1c   0x00000008   Data   RO         4081    log_const_data      nrfx_uarte.o
    0x00031f24   0x00031f24   0x00000008   Data   RO         4234    log_const_data      nrfx_twi.o
    0x00031f2c   0x00031f2c   0x00000008   Data   RO         5043    log_const_data      fds.o
    0x00031f34   0x00031f34   0x00000008   Data   RO         5751    log_const_data      nrf_fstorage.o
    0x00031f3c   0x00031f3c   0x00000008   Data   RO         5843    log_const_data      nrf_fstorage_sd.o
    0x00031f44   0x00031f44   0x00000008   Data   RO         6022    log_const_data      nrf_pwr_mgmt.o
    0x00031f4c   0x00031f4c   0x00000010   Data   RO         6488    log_const_data      nrf_log_frontend.o
    0x00031f5c   0x00031f5c   0x00000008   Data   RO         7079    log_const_data      nrf_sdh.o
    0x00031f64   0x00031f64   0x00000008   Data   RO         7195    log_const_data      nrf_sdh_ble.o
    0x00031f6c   0x00031f6c   0x00000008   Data   RO         7245    log_const_data      nrf_sdh_soc.o
    0x00031f74   0x00031f74   0x00000018   Data   RO         6490    nrf_balloc          nrf_log_frontend.o
    0x00031f8c   0x00031f8c   0x00000008   Data   RO         1134    sdh_ble_observers0  ble_conn_state.o
    0x00031f94   0x00031f94   0x00000010   Data   RO           44    sdh_ble_observers1  main.o
    0x00031fa4   0x00031fa4   0x00000008   Data   RO          798    sdh_ble_observers1  bsp_btn_ble.o
    0x00031fac   0x00031fac   0x00000008   Data   RO         1050    sdh_ble_observers1  ble_conn_params.o
    0x00031fb4   0x00031fb4   0x00000008   Data   RO         2318    sdh_ble_observers1  peer_manager.o
    0x00031fbc   0x00031fbc   0x00000018   Data   RO           45    sdh_ble_observers2  main.o
    0x00031fd4   0x00031fd4   0x00000008   Data   RO           46    sdh_ble_observers3  main.o
    0x00031fdc   0x00031fdc   0x00000008   Data   RO         5845    sdh_req_observers0  nrf_fstorage_sd.o
    0x00031fe4   0x00031fe4   0x00000008   Data   RO         3143    sdh_soc_observers0  nrf_drv_clock.o
    0x00031fec   0x00031fec   0x00000008   Data   RO         5846    sdh_soc_observers0  nrf_fstorage_sd.o
    0x00031ff4   0x00031ff4   0x00000008   Data   RO           47    sdh_soc_observers1  main.o
    0x00031ffc   0x00031ffc   0x00000008   Data   RO         7197    sdh_stack_observers0  nrf_sdh_ble.o
    0x00032004   0x00032004   0x00000008   Data   RO         7247    sdh_stack_observers0  nrf_sdh_soc.o
    0x0003200c   0x0003200c   0x00000008   Data   RO         3144    sdh_state_observers0  nrf_drv_clock.o
    0x00032014   0x00032014   0x00000008   Data   RO         5847    sdh_state_observers0  nrf_fstorage_sd.o


    Execution Region RW_IRAM1 (Exec base: 0x20002b90, Load base: 0x0003201c, Size: 0x00003100, Max: 0x0000d470, ABSOLUTE, COMPRESSED[0x00000068])

    Exec Addr    Load Addr    Size         Type   Attr      Idx    E Section Name        Object

    0x20002b90   COMPRESSED   0x00000040   Data   RW           43    .data               main.o
    0x20002bd0   COMPRESSED   0x00000010   Data   RW          696    .data               bsp.o
    0x20002be0   COMPRESSED   0x00000008   Data   RW          797    .data               bsp_btn_ble.o
    0x20002be8   COMPRESSED   0x00000008   Data   RW         1049    .data               ble_conn_params.o
    0x20002bf0   COMPRESSED   0x0000000c   Data   RW         1351    .data               gatt_cache_manager.o
    0x20002bfc   COMPRESSED   0x00000006   Data   RW         1471    .data               gatts_cache_manager.o
    0x20002c02   COMPRESSED   0x00000003   Data   RW         1565    .data               id_manager.o
    0x20002c05   COMPRESSED   0x00000003   PAD
    0x20002c08   COMPRESSED   0x0000000c   Data   RW         1897    .data               peer_data_storage.o
    0x20002c14   COMPRESSED   0x00000003   Data   RW         2041    .data               peer_database.o
    0x20002c17   COMPRESSED   0x00000001   PAD
    0x20002c18   COMPRESSED   0x00000010   Data   RW         2317    .data               peer_manager.o
    0x20002c28   COMPRESSED   0x00000006   Data   RW         2671    .data               security_dispatcher.o
    0x20002c2e   COMPRESSED   0x00000002   PAD
    0x20002c30   COMPRESSED   0x00000015   Data   RW         2803    .data               security_manager.o
    0x20002c45   COMPRESSED   0x00000001   PAD
    0x20002c46   COMPRESSED   0x0000004a   Data   RW         2989    .data               ble_dis.o
    0x20002c90   COMPRESSED   0x0000000c   Data   RW         3264    .data               nrf_drv_uart.o
    0x20002c9c   COMPRESSED   0x00000008   Data   RW         3331    .data               nrfx_clock.o
    0x20002ca4   COMPRESSED   0x00000008   Data   RW         3750    .data               nrfx_prs.o
    0x20002cac   COMPRESSED   0x00000010   Data   RW         3989    .data               nrf_drv_twi.o
    0x20002cbc   COMPRESSED   0x00000004   PAD
    0x20002cc0   COMPRESSED   0x00000020   Data   RW         4518    .data               app_button.o
    0x20002ce0   COMPRESSED   0x00000014   Data   RW         4751    .data               app_timer.o
    0x20002cf4   COMPRESSED   0x00000014   Data   RW         5040    .data               fds.o
    0x20002d08   COMPRESSED   0x00000030   Data   RW         5041    .data               fds.o
    0x20002d38   COMPRESSED   0x00000014   Data   RW         5841    .data               nrf_fstorage_sd.o
    0x20002d4c   COMPRESSED   0x00000008   Data   RW         5842    .data               nrf_fstorage_sd.o
    0x20002d54   COMPRESSED   0x00000008   Data   RW         6021    .data               nrf_pwr_mgmt.o
    0x20002d5c   COMPRESSED   0x00000018   Data   RW         6354    .data               nrf_log_backend_uart.o
    0x20002d74   COMPRESSED   0x0000000c   Data   RW         6424    .data               nrf_log_default_backends.o
    0x20002d80   COMPRESSED   0x00000008   Data   RW         6486    .data               nrf_log_frontend.o
    0x20002d88   COMPRESSED   0x00000008   Data   RW         6487    .data               nrf_log_frontend.o
    0x20002d90   COMPRESSED   0x00000040   Data   RW         6649    .data               nrf_log_str_formatter.o
    0x20002dd0   COMPRESSED   0x00000003   Data   RW         7078    .data               nrf_sdh.o
    0x20002dd3   COMPRESSED   0x00000001   Data   RW         7194    .data               nrf_sdh_ble.o
    0x20002dd4   COMPRESSED   0x00000004   Data   RW         7282    .data               system_nrf52.o
    0x20002dd8   COMPRESSED   0x00000014   Data   RW         5042    fs_data             fds.o
    0x20002dec   COMPRESSED   0x00000004   Data   RW         1740    log_dynamic_data    nrf_ble_gatt.o
    0x20002df0   COMPRESSED   0x00000004   Data   RW         2935    log_dynamic_data    ble_bas.o
    0x20002df4   COMPRESSED   0x00000004   Data   RW         3040    log_dynamic_data    ble_hrs.o
    0x20002df8   COMPRESSED   0x00000004   Data   RW         3142    log_dynamic_data    nrf_drv_clock.o
    0x20002dfc   COMPRESSED   0x00000004   Data   RW         3333    log_dynamic_data    nrfx_clock.o
    0x20002e00   COMPRESSED   0x00000004   Data   RW         3491    log_dynamic_data    nrfx_gpiote.o
    0x20002e04   COMPRESSED   0x00000004   Data   RW         3752    log_dynamic_data    nrfx_prs.o
    0x20002e08   COMPRESSED   0x00000004   Data   RW         3828    log_dynamic_data    nrfx_uart.o
    0x20002e0c   COMPRESSED   0x00000004   Data   RW         4082    log_dynamic_data    nrfx_uarte.o
    0x20002e10   COMPRESSED   0x00000004   Data   RW         4235    log_dynamic_data    nrfx_twi.o
    0x20002e14   COMPRESSED   0x00000004   Data   RW         5044    log_dynamic_data    fds.o
    0x20002e18   COMPRESSED   0x00000004   Data   RW         5752    log_dynamic_data    nrf_fstorage.o
    0x20002e1c   COMPRESSED   0x00000004   Data   RW         5844    log_dynamic_data    nrf_fstorage_sd.o
    0x20002e20   COMPRESSED   0x00000004   Data   RW         6023    log_dynamic_data    nrf_pwr_mgmt.o
    0x20002e24   COMPRESSED   0x00000008   Data   RW         6489    log_dynamic_data    nrf_log_frontend.o
    0x20002e2c   COMPRESSED   0x00000004   Data   RW         7080    log_dynamic_data    nrf_sdh.o
    0x20002e30   COMPRESSED   0x00000004   Data   RW         7196    log_dynamic_data    nrf_sdh_ble.o
    0x20002e34   COMPRESSED   0x00000004   Data   RW         7246    log_dynamic_data    nrf_sdh_soc.o
    0x20002e38        -       0x00000020   Zero   RW           36    .bss                main.o
    0x20002e58        -       0x00000020   Zero   RW           37    .bss                main.o
    0x20002e78        -       0x00000020   Zero   RW           38    .bss                main.o
    0x20002e98        -       0x00000020   Zero   RW           39    .bss                main.o
    0x20002eb8        -       0x0000016c   Zero   RW           40    .bss                main.o
    0x20003024        -       0x00000020   Zero   RW          691    .bss                bsp.o
    0x20003044        -       0x00000020   Zero   RW          692    .bss                bsp.o
    0x20003064        -       0x0000000c   Zero   RW          693    .bss                bsp.o
    0x20003070        -       0x00000020   Zero   RW          694    .bss                bsp.o
    0x20003090        -       0x00000050   Zero   RW         1048    .bss                ble_conn_params.o
    0x200030e0        -       0x00000078   Zero   RW         1133    .bss                ble_conn_state.o
    0x20003158        -       0x00000100   Zero   RW         1563    .bss                id_manager.o
    0x20003258        -       0x000000d0   Zero   RW         2039    .bss                peer_database.o
    0x20003328        -       0x00000040   Zero   RW         2195    .bss                peer_id.o
    0x20003368        -       0x0000000c   Zero   RW         2315    .bss                peer_manager.o
    0x20003374        -       0x00000040   Zero   RW         2669    .bss                security_dispatcher.o
    0x200033b4        -       0x00000014   Zero   RW         3135    .bss                nrf_drv_clock.o
    0x200033c8        -       0x0000005c   Zero   RW         3484    .bss                nrfx_gpiote.o
    0x20003424        -       0x0000002c   Zero   RW         3821    .bss                nrfx_uart.o
    0x20003450        -       0x00000024   Zero   RW         4075    .bss                nrfx_uarte.o
    0x20003474        -       0x00000030   Zero   RW         4228    .bss                nrfx_twi.o
    0x200034a4        -       0x00000020   Zero   RW         4516    .bss                app_button.o
    0x200034c4        -       0x0000010c   Zero   RW         4749    .bss                app_timer.o
    0x200035d0        -       0x0000000c   Zero   RW         4896    .bss                app_util_platform.o
    0x200035dc        -       0x000000e0   Zero   RW         5037    .bss                fds.o
    0x200036bc        -       0x000000a0   Zero   RW         5837    .bss                nrf_fstorage_sd.o
    0x2000375c        -       0x0000000c   Zero   RW         6017    .bss                nrf_pwr_mgmt.o
    0x20003768        -       0x00000040   Zero   RW         6351    .bss                nrf_log_backend_uart.o
    0x200037a8        -       0x000000c0   Zero   RW         6483    .bss                nrf_log_frontend.o
    0x20003868        -       0x00000424   Zero   RW         6484    .bss                nrf_log_frontend.o
    0x20003c8c   COMPRESSED   0x00000004   PAD
    0x20003c90        -       0x00002000   Zero   RW         7270    STACK               arm_startup_nrf52.o


==============================================================================

Image component sizes


      Code (inc. data)   RO Data    RW Data    ZI Data      Debug   Object Name

       440         36          8         32         32      12998   app_button.o
        22          0          0          0          0       2441   app_error.o
       124         40          0          0          0      27381   app_error_weak.o
         0          0          0          0          0      21970   app_scheduler.o
      1510        118          6         20        268      47723   app_timer.o
       124         14          0          0         12       9418   app_util_platform.o
        36          8        512          0       8192        920   arm_startup_nrf52.o
      1314          0          0          0          0      38040   ble_advdata.o
      1116          6          0          0          0      13060   ble_advertising.o
       926        164         82          4          0       6731   ble_bas.o
       636         44          8          8         80       9187   ble_conn_params.o
       698         54          8          0        120      13881   ble_conn_state.o
       578          8          0         74          0       5671   ble_dis.o
       844          0         16          4          0      10619   ble_hrs.o
        38          0          0          0          0       2954   ble_srv_common.o
       358         40          8          0          0      47619   boards.o
       982         82         44         16        108      15263   bsp.o
       252         10          8          8          0       4764   bsp_btn_ble.o
         0          0          0          0          0       1472   drv_gpio.o
      3558        328         47         92        224      50522   fds.o
       940         94         80         12          0      19224   gatt_cache_manager.o
       462         32         24          6          0       8469   gatts_cache_manager.o
      1156         58          8          3        256      18761   id_manager.o
      3320        738        488         64        492     213251   main.o
       342          0          0          0          0       6666   nrf_atfifo.o
       170          0          0          0          0       4712   nrf_atflags.o
       332          0          0          0          0      10050   nrf_atomic.o
       164          0          0          0          0       3620   nrf_balloc.o
      1698        750        361          4          0      37304   nrf_ble_gatt.o
       276          0          0          0          0       4673   nrf_ble_qwr.o
       276         34         30          4         20      37618   nrf_drv_clock.o
       328         16          6         16          0      24683   nrf_drv_twi.o
       200         26          0         12          0      17612   nrf_drv_uart.o
        50          0          0          0          0       3505   nrf_fprintf.o
       850          4         16          0          0       5450   nrf_fprintf_format.o
      1020        432        194          4          0       8932   nrf_fstorage.o
       798         82         94         32        160      16097   nrf_fstorage_sd.o
       200          0          0          0          0      11479   nrf_log_backend_serial.o
       232         44         44         24         64      21062   nrf_log_backend_uart.o
        28          6          0         12          0       3171   nrf_log_default_backends.o
      1508        118         64         24       1252      30686   nrf_log_frontend.o
       566        108        102         64          0       5752   nrf_log_str_formatter.o
       330          0          0          0          0       8087   nrf_memobj.o
       108         16         53         12         12      36415   nrf_pwr_mgmt.o
       660         60        104          7          0      43292   nrf_sdh.o
       980        366        539          5          0       6553   nrf_sdh_ble.o
        60          4         56          4          0       2556   nrf_sdh_soc.o
        78          0          0          0          0       2756   nrf_section_iter.o
        76         10       1319          0          0       2715   nrf_strerror.o
       222         28         14         12          0      41228   nrfx_clock.o
      1226         92         19          4         92      58482   nrfx_gpiote.o
       112         16         12         12          0       4540   nrfx_prs.o
      1552         38         36          4         48      27314   nrfx_twi.o
      1292         40         17          4         44      31086   nrfx_uart.o
      1134         44         18          4         36      24273   nrfx_uarte.o
      1010         46         24         12          0      17060   peer_data_storage.o
      1200         60         16          3        208      24674   peer_database.o
       336         38          0          0         64       9035   peer_id.o
       880         62         24         16         12      15132   peer_manager.o
       242          0          0          0          0       4435   pm_buffer.o
       226          0          0          0          0       5329   pm_mutex.o
      1646         88         84          6         64      27026   security_dispatcher.o
      1054         70          4         21          0      48600   security_manager.o
       104          0          0          0          0       3395   sensorsim.o
       796         70          0          4          0       2923   system_nrf52.o

    ----------------------------------------------------------------------
     43884       4642       4676        680      11864    1302317   Object Totals
         0          0         32          0          0          0   (incl. Generated)
        88          0         47         11          4          0   (incl. Padding)

    ----------------------------------------------------------------------

      Code (inc. data)   RO Data    RW Data    ZI Data      Debug   Library Member Name

        86          0          0          0          0          0   __dczerorl2.o
         8          4        133          0          0         68   ctype_o.o
         0          0          0          0          0          0   entry.o
         0          0          0          0          0          0   entry10a.o
         0          0          0          0          0          0   entry11a.o
         8          4          0          0          0          0   entry2.o
         4          0          0          0          0          0   entry5.o
         0          0          0          0          0          0   entry7b.o
         0          0          0          0          0          0   entry8b.o
         8          4          0          0          0          0   entry9a.o
        30          0          0          0          0          0   handlers.o
        36          8          0          0          0         68   init.o
        30          0          0          0          0         68   llshl.o
        32          0          0          0          0         68   llushr.o
        26          0          0          0          0         80   memcmp.o
        64          0          0          0          0         76   memmovea.o
        36          0          0          0          0        108   memseta.o
        14          0          0          0          0         68   strlen.o
        98          0          0          0          0         92   uldiv.o

    ----------------------------------------------------------------------
       484         20        136          0          0        696   Library Totals
         4          0          3          0          0          0   (incl. Padding)

    ----------------------------------------------------------------------

      Code (inc. data)   RO Data    RW Data    ZI Data      Debug   Library Name

       480         20        133          0          0        696   mc_w.l

    ----------------------------------------------------------------------
       484         20        136          0          0        696   Library Totals

    ----------------------------------------------------------------------

==============================================================================


      Code (inc. data)   RO Data    RW Data    ZI Data      Debug   

     44368       4662       4812        680      11864    1245889   Grand Totals
     44368       4662       4812        104      11864    1245889   ELF Image Totals (compressed)
     44368       4662       4812        104          0          0   ROM Totals

==============================================================================

    Total RO  Size (Code + RO Data)                49180 (  48.03kB)
    Total RW  Size (RW Data + ZI Data)             12544 (  12.25kB)
    Total ROM Size (Code + RO Data + RW Data)      49284 (  48.13kB)

==============================================================================

